================================================================
== Design Size Report
================================================================

* Total Instructions per Compilation Phase
+---------------+----------------------------+--------------+----------------------------------------------------------------------------------------+
| Phase         | Step                       | Instructions | Description                                                                            |
+---------------+----------------------------+--------------+----------------------------------------------------------------------------------------+
| Compile/Link  |                            |    733       | After all functions are compiled and linked into a single design                       |
|               |                            |              |                                                                                        |
| Unroll/Inline |                            |              | After user unroll and inline pragmas are applied                                       |
|               | (1) unroll                 |  4,531       | user unroll pragmas are applied                                                        |
|               | (2) simplification         |  3,816       | simplification of applied user unroll pragmas                                          |
|               | (3) inline                 |  3,608       | user inline pragmas are applied                                                        |
|               | (4) simplification         |  3,418       | simplification of applied user inline pragmas                                          |
|               |                            |              |                                                                                        |
| Array/Struct  |                            |              | After user array partition and struct aggregate/disaggregate pragmas are applied       |
|               | (1) array partition        |  8,083       | user array partition pragmas are applied                                               |
|               | (2) simplification         |  5,749       | simplification of applied user array partition & struct aggregate/disaggregate pragmas |
|               | (3) aggregate/disaggregate |  5,749       | user struct aggregate/disaggregate pragmas are applied                                 |
|               | (4) array reshape          |  5,749       | apply array reshape pragmas                                                            |
|               | (5) access patterns        |  5,470       | array access pattern optmizations                                                      |
|               |                            |              |                                                                                        |
| Performance   |                            |              | After transformations are applied to meet performance pragma targets                   |
|               | (1) loop simplification    |  5,482       | loop and instruction simplification                                                    |
|               | (2) parallelization        |  5,936       | loops are unrolled or pipelined to meet performance targets                            |
|               | (3) array partition        | 33,053       | arrays are partitioned to meet performance targets                                     |
|               | (4) simplification         | 10,333       | simplification of design after performance transformations                             |
|               |                            |              |                                                                                        |
| HW Transforms |                            |              | After hardware transfomations                                                          |
|               | (1) lowering               | 10,359       | initial conversion to HW specific instructions                                         |
|               | (2) optimizations          | 10,669       | high level synthesis optimizations                                                     |
+---------------+----------------------------+--------------+----------------------------------------------------------------------------------------+

* Instructions per Function for each Compilation Phase
+----------------------+---------------+---------------+-----------------+-----------------+------------------+------------------+
| Function             | Location      | Compile/Link  | Unroll/Inline   | Array/Struct    | Performance      | HW Transforms    |
+----------------------+---------------+---------------+-----------------+-----------------+------------------+------------------+
| + qwen_superblock    | hello.cpp:305 | 733           | 3,418           | 5,470           | 10,333           | 10,669           |
|  + qwen_linear_layer | hello.cpp:230 | 718 (2 calls) | 3,404 (2 calls) | 5,457 (2 calls) | 10,257 (2 calls) | 10,576 (2 calls) |
|     lmul             | hello.cpp:68  | 124 (2 calls) |                 |                 |                  |                  |
|     bf16_to_fixed32  | hello.cpp:96  |  88 (2 calls) |                 |                 |                  |                  |
|     fixed32_to_bf16  | hello.cpp:119 | 122 (2 calls) |                 |                 |                  |                  |
+----------------------+---------------+---------------+-----------------+-----------------+------------------+------------------+

* Design Size Message Settings
+---------------------------------------------+--------+------------------------------------------------------------------+
| Message Setting                             | Value  | Description                                                      |
+---------------------------------------------+--------+------------------------------------------------------------------+
| config_compile -design_size_maximum_warning | 100000 | Show a warning when total design instructions exceeds this value |
+---------------------------------------------+--------+------------------------------------------------------------------+


