

================================================================
== Vitis HLS Report for 'qwen_linear_layer_Pipeline_VITIS_LOOP_291_11'
================================================================
* Date:           Sun Mar  8 06:28:56 2026

* Version:        2025.2 (Build 6295257 on Nov 12 2025)
* Project:        hls_component
* Solution:       hls (Vivado IP Flow Target)
* Product family: zynquplus
* Target device:  xczu9eg-ffvb1156-2-e


================================================================
== Performance Estimates
================================================================
+ Timing: 
    * Summary: 
    +--------+----------+----------+------------+
    |  Clock |  Target  | Estimated| Uncertainty|
    +--------+----------+----------+------------+
    |ap_clk  |  10.00 ns|  5.932 ns|     2.70 ns|
    +--------+----------+----------+------------+

+ Latency: 
    * Summary: 
    +---------+---------+----------+----------+-----+-----+-------------------+
    |  Latency (cycles) |  Latency (absolute) |  Interval |      Pipeline     |
    |   min   |   max   |    min   |    max   | min | max |        Type       |
    +---------+---------+----------+----------+-----+-----+-------------------+
    |       36|       36|  0.360 us|  0.360 us|    0|    0|  loop pipeline stp|
    +---------+---------+----------+----------+-----+-----+-------------------+

    + Detail: 
        * Instance: 
        N/A

        * Loop: 
        +---------------------+---------+---------+----------+-----------+-----------+------+----------+
        |                     |  Latency (cycles) | Iteration|  Initiation Interval  | Trip |          |
        |      Loop Name      |   min   |   max   |  Latency |  achieved |   target  | Count| Pipelined|
        +---------------------+---------+---------+----------+-----------+-----------+------+----------+
        |- VITIS_LOOP_291_11  |       34|       34|         4|          1|          1|    32|       yes|
        +---------------------+---------+---------+----------+-----------+-----------+------+----------+



================================================================
== Utilization Estimates
================================================================
* Summary: 
+-----------------+---------+------+--------+--------+-----+
|       Name      | BRAM_18K|  DSP |   FF   |   LUT  | URAM|
+-----------------+---------+------+--------+--------+-----+
|DSP              |        -|     1|       -|       -|    -|
|Expression       |        -|     -|       0|   14045|    -|
|FIFO             |        -|     -|       -|       -|    -|
|Instance         |        -|     -|       0|    1504|    -|
|Memory           |        -|     -|       -|       -|    -|
|Multiplexer      |        -|     -|       0|    5220|    -|
|Register         |        -|     -|    1038|       -|    -|
+-----------------+---------+------+--------+--------+-----+
|Total            |        0|     1|    1038|   20769|    0|
+-----------------+---------+------+--------+--------+-----+
|Available        |     1824|  2520|  548160|  274080|    0|
+-----------------+---------+------+--------+--------+-----+
|Utilization (%)  |        0|    ~0|      ~0|       7|    0|
+-----------------+---------+------+--------+--------+-----+

+ Detail: 
    * Instance: 
    +---------------------+----------------+---------+----+---+----+-----+
    |       Instance      |     Module     | BRAM_18K| DSP| FF| LUT| URAM|
    +---------------------+----------------+---------+----+---+----+-----+
    |ctlz_32_32_1_1_U215  |ctlz_32_32_1_1  |        0|   0|  0|  47|    0|
    |ctlz_32_32_1_1_U216  |ctlz_32_32_1_1  |        0|   0|  0|  47|    0|
    |ctlz_32_32_1_1_U217  |ctlz_32_32_1_1  |        0|   0|  0|  47|    0|
    |ctlz_32_32_1_1_U218  |ctlz_32_32_1_1  |        0|   0|  0|  47|    0|
    |ctlz_32_32_1_1_U219  |ctlz_32_32_1_1  |        0|   0|  0|  47|    0|
    |ctlz_32_32_1_1_U220  |ctlz_32_32_1_1  |        0|   0|  0|  47|    0|
    |ctlz_32_32_1_1_U221  |ctlz_32_32_1_1  |        0|   0|  0|  47|    0|
    |ctlz_32_32_1_1_U222  |ctlz_32_32_1_1  |        0|   0|  0|  47|    0|
    |ctlz_32_32_1_1_U223  |ctlz_32_32_1_1  |        0|   0|  0|  47|    0|
    |ctlz_32_32_1_1_U224  |ctlz_32_32_1_1  |        0|   0|  0|  47|    0|
    |ctlz_32_32_1_1_U225  |ctlz_32_32_1_1  |        0|   0|  0|  47|    0|
    |ctlz_32_32_1_1_U226  |ctlz_32_32_1_1  |        0|   0|  0|  47|    0|
    |ctlz_32_32_1_1_U227  |ctlz_32_32_1_1  |        0|   0|  0|  47|    0|
    |ctlz_32_32_1_1_U228  |ctlz_32_32_1_1  |        0|   0|  0|  47|    0|
    |ctlz_32_32_1_1_U229  |ctlz_32_32_1_1  |        0|   0|  0|  47|    0|
    |ctlz_32_32_1_1_U230  |ctlz_32_32_1_1  |        0|   0|  0|  47|    0|
    |ctlz_32_32_1_1_U231  |ctlz_32_32_1_1  |        0|   0|  0|  47|    0|
    |ctlz_32_32_1_1_U232  |ctlz_32_32_1_1  |        0|   0|  0|  47|    0|
    |ctlz_32_32_1_1_U233  |ctlz_32_32_1_1  |        0|   0|  0|  47|    0|
    |ctlz_32_32_1_1_U234  |ctlz_32_32_1_1  |        0|   0|  0|  47|    0|
    |ctlz_32_32_1_1_U235  |ctlz_32_32_1_1  |        0|   0|  0|  47|    0|
    |ctlz_32_32_1_1_U236  |ctlz_32_32_1_1  |        0|   0|  0|  47|    0|
    |ctlz_32_32_1_1_U237  |ctlz_32_32_1_1  |        0|   0|  0|  47|    0|
    |ctlz_32_32_1_1_U238  |ctlz_32_32_1_1  |        0|   0|  0|  47|    0|
    |ctlz_32_32_1_1_U239  |ctlz_32_32_1_1  |        0|   0|  0|  47|    0|
    |ctlz_32_32_1_1_U240  |ctlz_32_32_1_1  |        0|   0|  0|  47|    0|
    |ctlz_32_32_1_1_U241  |ctlz_32_32_1_1  |        0|   0|  0|  47|    0|
    |ctlz_32_32_1_1_U242  |ctlz_32_32_1_1  |        0|   0|  0|  47|    0|
    |ctlz_32_32_1_1_U243  |ctlz_32_32_1_1  |        0|   0|  0|  47|    0|
    |ctlz_32_32_1_1_U244  |ctlz_32_32_1_1  |        0|   0|  0|  47|    0|
    |ctlz_32_32_1_1_U245  |ctlz_32_32_1_1  |        0|   0|  0|  47|    0|
    |ctlz_32_32_1_1_U246  |ctlz_32_32_1_1  |        0|   0|  0|  47|    0|
    +---------------------+----------------+---------+----+---+----+-----+
    |Total                |                |        0|   0|  0|1504|    0|
    +---------------------+----------------+---------+----+---+----+-----+

    * DSP: 
    +-----------------------------------+------------------------------+----------------+
    |              Instance             |            Module            |   Expression   |
    +-----------------------------------+------------------------------+----------------+
    |am_addmul_15s_6ns_15s_15_4_1_U247  |am_addmul_15s_6ns_15s_15_4_1  |  (i0 + i1) * i2|
    +-----------------------------------+------------------------------+----------------+

    * Memory: 
    N/A

    * FIFO: 
    N/A

    * Expression: 
    +-----------------------------+----------+----+---+-----+------------+------------+
    |        Variable Name        | Operation| DSP| FF| LUT | Bitwidth P0| Bitwidth P1|
    +-----------------------------+----------+----+---+-----+------------+------------+
    |add_ln291_fu_5608_p2         |         +|   0|  0|   13|           6|           1|
    |add_ln295_10_fu_10768_p2     |         +|   0|  0|   22|          15|          15|
    |add_ln295_11_fu_10836_p2     |         +|   0|  0|   22|          15|          15|
    |add_ln295_12_fu_10904_p2     |         +|   0|  0|   22|          15|          15|
    |add_ln295_13_fu_10972_p2     |         +|   0|  0|   22|          15|          15|
    |add_ln295_14_fu_11040_p2     |         +|   0|  0|   22|          15|          15|
    |add_ln295_15_fu_11108_p2     |         +|   0|  0|   22|          15|          15|
    |add_ln295_16_fu_11176_p2     |         +|   0|  0|   22|          15|          15|
    |add_ln295_17_fu_11244_p2     |         +|   0|  0|   22|          15|          15|
    |add_ln295_18_fu_11312_p2     |         +|   0|  0|   22|          15|          15|
    |add_ln295_19_fu_11380_p2     |         +|   0|  0|   22|          15|          15|
    |add_ln295_1_fu_10156_p2      |         +|   0|  0|   22|          15|          15|
    |add_ln295_20_fu_11448_p2     |         +|   0|  0|   22|          15|          15|
    |add_ln295_21_fu_11516_p2     |         +|   0|  0|   22|          15|          15|
    |add_ln295_22_fu_11584_p2     |         +|   0|  0|   22|          15|          15|
    |add_ln295_23_fu_11652_p2     |         +|   0|  0|   22|          15|          15|
    |add_ln295_24_fu_11720_p2     |         +|   0|  0|   22|          15|          15|
    |add_ln295_25_fu_11788_p2     |         +|   0|  0|   22|          15|          15|
    |add_ln295_26_fu_11856_p2     |         +|   0|  0|   22|          15|          15|
    |add_ln295_27_fu_11924_p2     |         +|   0|  0|   22|          15|          15|
    |add_ln295_28_fu_11992_p2     |         +|   0|  0|   22|          15|          15|
    |add_ln295_29_fu_12060_p2     |         +|   0|  0|   22|          15|          15|
    |add_ln295_2_fu_10224_p2      |         +|   0|  0|   22|          15|          15|
    |add_ln295_30_fu_12128_p2     |         +|   0|  0|   22|          15|          15|
    |add_ln295_31_fu_12196_p2     |         +|   0|  0|   22|          15|          15|
    |add_ln295_32_fu_12264_p2     |         +|   0|  0|   22|          15|          15|
    |add_ln295_3_fu_10292_p2      |         +|   0|  0|   22|          15|          15|
    |add_ln295_4_fu_10360_p2      |         +|   0|  0|   22|          15|          15|
    |add_ln295_5_fu_10428_p2      |         +|   0|  0|   22|          15|          15|
    |add_ln295_6_fu_10496_p2      |         +|   0|  0|   22|          15|          15|
    |add_ln295_7_fu_10564_p2      |         +|   0|  0|   22|          15|          15|
    |add_ln295_8_fu_10632_p2      |         +|   0|  0|   22|          15|          15|
    |add_ln295_9_fu_10700_p2      |         +|   0|  0|   22|          15|          15|
    |shift_10_fu_7156_p2          |         +|   0|  0|   13|           6|           4|
    |shift_11_fu_7295_p2          |         +|   0|  0|   13|           6|           4|
    |shift_12_fu_7434_p2          |         +|   0|  0|   13|           6|           4|
    |shift_13_fu_7573_p2          |         +|   0|  0|   13|           6|           4|
    |shift_14_fu_7712_p2          |         +|   0|  0|   13|           6|           4|
    |shift_15_fu_7851_p2          |         +|   0|  0|   13|           6|           4|
    |shift_16_fu_7990_p2          |         +|   0|  0|   13|           6|           4|
    |shift_17_fu_8129_p2          |         +|   0|  0|   13|           6|           4|
    |shift_18_fu_8268_p2          |         +|   0|  0|   13|           6|           4|
    |shift_19_fu_8407_p2          |         +|   0|  0|   13|           6|           4|
    |shift_1_fu_5905_p2           |         +|   0|  0|   13|           6|           4|
    |shift_20_fu_8546_p2          |         +|   0|  0|   13|           6|           4|
    |shift_21_fu_8685_p2          |         +|   0|  0|   13|           6|           4|
    |shift_22_fu_8824_p2          |         +|   0|  0|   13|           6|           4|
    |shift_23_fu_8963_p2          |         +|   0|  0|   13|           6|           4|
    |shift_24_fu_9102_p2          |         +|   0|  0|   13|           6|           4|
    |shift_25_fu_9241_p2          |         +|   0|  0|   13|           6|           4|
    |shift_26_fu_9380_p2          |         +|   0|  0|   13|           6|           4|
    |shift_27_fu_9519_p2          |         +|   0|  0|   13|           6|           4|
    |shift_28_fu_9658_p2          |         +|   0|  0|   13|           6|           4|
    |shift_29_fu_9797_p2          |         +|   0|  0|   13|           6|           4|
    |shift_2_fu_6044_p2           |         +|   0|  0|   13|           6|           4|
    |shift_30_fu_9936_p2          |         +|   0|  0|   13|           6|           4|
    |shift_31_fu_10075_p2         |         +|   0|  0|   13|           6|           4|
    |shift_3_fu_6183_p2           |         +|   0|  0|   13|           6|           4|
    |shift_4_fu_6322_p2           |         +|   0|  0|   13|           6|           4|
    |shift_5_fu_6461_p2           |         +|   0|  0|   13|           6|           4|
    |shift_6_fu_6600_p2           |         +|   0|  0|   13|           6|           4|
    |shift_7_fu_6739_p2           |         +|   0|  0|   13|           6|           4|
    |shift_8_fu_6878_p2           |         +|   0|  0|   13|           6|           4|
    |shift_9_fu_7017_p2           |         +|   0|  0|   13|           6|           4|
    |shift_fu_5766_p2             |         +|   0|  0|   13|           6|           4|
    |sub_ln124_10_fu_7116_p2      |         -|   0|  0|   39|           1|          32|
    |sub_ln124_11_fu_7255_p2      |         -|   0|  0|   39|           1|          32|
    |sub_ln124_12_fu_7394_p2      |         -|   0|  0|   39|           1|          32|
    |sub_ln124_13_fu_7533_p2      |         -|   0|  0|   39|           1|          32|
    |sub_ln124_14_fu_7672_p2      |         -|   0|  0|   39|           1|          32|
    |sub_ln124_15_fu_7811_p2      |         -|   0|  0|   39|           1|          32|
    |sub_ln124_16_fu_7950_p2      |         -|   0|  0|   39|           1|          32|
    |sub_ln124_17_fu_8089_p2      |         -|   0|  0|   39|           1|          32|
    |sub_ln124_18_fu_8228_p2      |         -|   0|  0|   39|           1|          32|
    |sub_ln124_19_fu_8367_p2      |         -|   0|  0|   39|           1|          32|
    |sub_ln124_1_fu_5865_p2       |         -|   0|  0|   39|           1|          32|
    |sub_ln124_20_fu_8506_p2      |         -|   0|  0|   39|           1|          32|
    |sub_ln124_21_fu_8645_p2      |         -|   0|  0|   39|           1|          32|
    |sub_ln124_22_fu_8784_p2      |         -|   0|  0|   39|           1|          32|
    |sub_ln124_23_fu_8923_p2      |         -|   0|  0|   39|           1|          32|
    |sub_ln124_24_fu_9062_p2      |         -|   0|  0|   39|           1|          32|
    |sub_ln124_25_fu_9201_p2      |         -|   0|  0|   39|           1|          32|
    |sub_ln124_26_fu_9340_p2      |         -|   0|  0|   39|           1|          32|
    |sub_ln124_27_fu_9479_p2      |         -|   0|  0|   39|           1|          32|
    |sub_ln124_28_fu_9618_p2      |         -|   0|  0|   39|           1|          32|
    |sub_ln124_29_fu_9757_p2      |         -|   0|  0|   39|           1|          32|
    |sub_ln124_2_fu_6004_p2       |         -|   0|  0|   39|           1|          32|
    |sub_ln124_30_fu_9896_p2      |         -|   0|  0|   39|           1|          32|
    |sub_ln124_31_fu_10035_p2     |         -|   0|  0|   39|           1|          32|
    |sub_ln124_3_fu_6143_p2       |         -|   0|  0|   39|           1|          32|
    |sub_ln124_4_fu_6282_p2       |         -|   0|  0|   39|           1|          32|
    |sub_ln124_5_fu_6421_p2       |         -|   0|  0|   39|           1|          32|
    |sub_ln124_6_fu_6560_p2       |         -|   0|  0|   39|           1|          32|
    |sub_ln124_7_fu_6699_p2       |         -|   0|  0|   39|           1|          32|
    |sub_ln124_8_fu_6838_p2       |         -|   0|  0|   39|           1|          32|
    |sub_ln124_9_fu_6977_p2       |         -|   0|  0|   39|           1|          32|
    |sub_ln124_fu_5726_p2         |         -|   0|  0|   39|           1|          32|
    |sub_ln141_10_fu_7178_p2      |         -|   0|  0|   13|           3|           6|
    |sub_ln141_11_fu_7317_p2      |         -|   0|  0|   13|           3|           6|
    |sub_ln141_12_fu_7456_p2      |         -|   0|  0|   13|           3|           6|
    |sub_ln141_13_fu_7595_p2      |         -|   0|  0|   13|           3|           6|
    |sub_ln141_14_fu_7734_p2      |         -|   0|  0|   13|           3|           6|
    |sub_ln141_15_fu_7873_p2      |         -|   0|  0|   13|           3|           6|
    |sub_ln141_16_fu_8012_p2      |         -|   0|  0|   13|           3|           6|
    |sub_ln141_17_fu_8151_p2      |         -|   0|  0|   13|           3|           6|
    |sub_ln141_18_fu_8290_p2      |         -|   0|  0|   13|           3|           6|
    |sub_ln141_19_fu_8429_p2      |         -|   0|  0|   13|           3|           6|
    |sub_ln141_1_fu_5927_p2       |         -|   0|  0|   13|           3|           6|
    |sub_ln141_20_fu_8568_p2      |         -|   0|  0|   13|           3|           6|
    |sub_ln141_21_fu_8707_p2      |         -|   0|  0|   13|           3|           6|
    |sub_ln141_22_fu_8846_p2      |         -|   0|  0|   13|           3|           6|
    |sub_ln141_23_fu_8985_p2      |         -|   0|  0|   13|           3|           6|
    |sub_ln141_24_fu_9124_p2      |         -|   0|  0|   13|           3|           6|
    |sub_ln141_25_fu_9263_p2      |         -|   0|  0|   13|           3|           6|
    |sub_ln141_26_fu_9402_p2      |         -|   0|  0|   13|           3|           6|
    |sub_ln141_27_fu_9541_p2      |         -|   0|  0|   13|           3|           6|
    |sub_ln141_28_fu_9680_p2      |         -|   0|  0|   13|           3|           6|
    |sub_ln141_29_fu_9819_p2      |         -|   0|  0|   13|           3|           6|
    |sub_ln141_2_fu_6066_p2       |         -|   0|  0|   13|           3|           6|
    |sub_ln141_30_fu_9958_p2      |         -|   0|  0|   13|           3|           6|
    |sub_ln141_31_fu_10097_p2     |         -|   0|  0|   13|           3|           6|
    |sub_ln141_3_fu_6205_p2       |         -|   0|  0|   13|           3|           6|
    |sub_ln141_4_fu_6344_p2       |         -|   0|  0|   13|           3|           6|
    |sub_ln141_5_fu_6483_p2       |         -|   0|  0|   13|           3|           6|
    |sub_ln141_6_fu_6622_p2       |         -|   0|  0|   13|           3|           6|
    |sub_ln141_7_fu_6761_p2       |         -|   0|  0|   13|           3|           6|
    |sub_ln141_8_fu_6900_p2       |         -|   0|  0|   13|           3|           6|
    |sub_ln141_9_fu_7039_p2       |         -|   0|  0|   13|           3|           6|
    |sub_ln141_fu_5788_p2         |         -|   0|  0|   13|           3|           6|
    |sub_ln144_10_fu_7210_p2      |         -|   0|  0|   15|           8|           8|
    |sub_ln144_11_fu_7349_p2      |         -|   0|  0|   15|           8|           8|
    |sub_ln144_12_fu_7488_p2      |         -|   0|  0|   15|           8|           8|
    |sub_ln144_13_fu_7627_p2      |         -|   0|  0|   15|           8|           8|
    |sub_ln144_14_fu_7766_p2      |         -|   0|  0|   15|           8|           8|
    |sub_ln144_15_fu_7905_p2      |         -|   0|  0|   15|           8|           8|
    |sub_ln144_16_fu_8044_p2      |         -|   0|  0|   15|           8|           8|
    |sub_ln144_17_fu_8183_p2      |         -|   0|  0|   15|           8|           8|
    |sub_ln144_18_fu_8322_p2      |         -|   0|  0|   15|           8|           8|
    |sub_ln144_19_fu_8461_p2      |         -|   0|  0|   15|           8|           8|
    |sub_ln144_1_fu_5959_p2       |         -|   0|  0|   15|           8|           8|
    |sub_ln144_20_fu_8600_p2      |         -|   0|  0|   15|           8|           8|
    |sub_ln144_21_fu_8739_p2      |         -|   0|  0|   15|           8|           8|
    |sub_ln144_22_fu_8878_p2      |         -|   0|  0|   15|           8|           8|
    |sub_ln144_23_fu_9017_p2      |         -|   0|  0|   15|           8|           8|
    |sub_ln144_24_fu_9156_p2      |         -|   0|  0|   15|           8|           8|
    |sub_ln144_25_fu_9295_p2      |         -|   0|  0|   15|           8|           8|
    |sub_ln144_26_fu_9434_p2      |         -|   0|  0|   15|           8|           8|
    |sub_ln144_27_fu_9573_p2      |         -|   0|  0|   15|           8|           8|
    |sub_ln144_28_fu_9712_p2      |         -|   0|  0|   15|           8|           8|
    |sub_ln144_29_fu_9851_p2      |         -|   0|  0|   15|           8|           8|
    |sub_ln144_2_fu_6098_p2       |         -|   0|  0|   15|           8|           8|
    |sub_ln144_30_fu_9990_p2      |         -|   0|  0|   15|           8|           8|
    |sub_ln144_31_fu_10129_p2     |         -|   0|  0|   15|           8|           8|
    |sub_ln144_3_fu_6237_p2       |         -|   0|  0|   15|           8|           8|
    |sub_ln144_4_fu_6376_p2       |         -|   0|  0|   15|           8|           8|
    |sub_ln144_5_fu_6515_p2       |         -|   0|  0|   15|           8|           8|
    |sub_ln144_6_fu_6654_p2       |         -|   0|  0|   15|           8|           8|
    |sub_ln144_7_fu_6793_p2       |         -|   0|  0|   15|           8|           8|
    |sub_ln144_8_fu_6932_p2       |         -|   0|  0|   15|           8|           8|
    |sub_ln144_9_fu_7071_p2       |         -|   0|  0|   15|           8|           8|
    |sub_ln144_fu_5820_p2         |         -|   0|  0|   15|           8|           8|
    |icmp_ln121_10_fu_7102_p2     |      icmp|   0|  0|   39|          32|           1|
    |icmp_ln121_11_fu_7241_p2     |      icmp|   0|  0|   39|          32|           1|
    |icmp_ln121_12_fu_7380_p2     |      icmp|   0|  0|   39|          32|           1|
    |icmp_ln121_13_fu_7519_p2     |      icmp|   0|  0|   39|          32|           1|
    |icmp_ln121_14_fu_7658_p2     |      icmp|   0|  0|   39|          32|           1|
    |icmp_ln121_15_fu_7797_p2     |      icmp|   0|  0|   39|          32|           1|
    |icmp_ln121_16_fu_7936_p2     |      icmp|   0|  0|   39|          32|           1|
    |icmp_ln121_17_fu_8075_p2     |      icmp|   0|  0|   39|          32|           1|
    |icmp_ln121_18_fu_8214_p2     |      icmp|   0|  0|   39|          32|           1|
    |icmp_ln121_19_fu_8353_p2     |      icmp|   0|  0|   39|          32|           1|
    |icmp_ln121_1_fu_5851_p2      |      icmp|   0|  0|   39|          32|           1|
    |icmp_ln121_20_fu_8492_p2     |      icmp|   0|  0|   39|          32|           1|
    |icmp_ln121_21_fu_8631_p2     |      icmp|   0|  0|   39|          32|           1|
    |icmp_ln121_22_fu_8770_p2     |      icmp|   0|  0|   39|          32|           1|
    |icmp_ln121_23_fu_8909_p2     |      icmp|   0|  0|   39|          32|           1|
    |icmp_ln121_24_fu_9048_p2     |      icmp|   0|  0|   39|          32|           1|
    |icmp_ln121_25_fu_9187_p2     |      icmp|   0|  0|   39|          32|           1|
    |icmp_ln121_26_fu_9326_p2     |      icmp|   0|  0|   39|          32|           1|
    |icmp_ln121_27_fu_9465_p2     |      icmp|   0|  0|   39|          32|           1|
    |icmp_ln121_28_fu_9604_p2     |      icmp|   0|  0|   39|          32|           1|
    |icmp_ln121_29_fu_9743_p2     |      icmp|   0|  0|   39|          32|           1|
    |icmp_ln121_2_fu_5990_p2      |      icmp|   0|  0|   39|          32|           1|
    |icmp_ln121_30_fu_9882_p2     |      icmp|   0|  0|   39|          32|           1|
    |icmp_ln121_31_fu_10021_p2    |      icmp|   0|  0|   39|          32|           1|
    |icmp_ln121_3_fu_6129_p2      |      icmp|   0|  0|   39|          32|           1|
    |icmp_ln121_4_fu_6268_p2      |      icmp|   0|  0|   39|          32|           1|
    |icmp_ln121_5_fu_6407_p2      |      icmp|   0|  0|   39|          32|           1|
    |icmp_ln121_6_fu_6546_p2      |      icmp|   0|  0|   39|          32|           1|
    |icmp_ln121_7_fu_6685_p2      |      icmp|   0|  0|   39|          32|           1|
    |icmp_ln121_8_fu_6824_p2      |      icmp|   0|  0|   39|          32|           1|
    |icmp_ln121_9_fu_6963_p2      |      icmp|   0|  0|   39|          32|           1|
    |icmp_ln121_fu_5712_p2        |      icmp|   0|  0|   39|          32|           1|
    |icmp_ln136_10_fu_7166_p2     |      icmp|   0|  0|   13|           6|           1|
    |icmp_ln136_11_fu_7305_p2     |      icmp|   0|  0|   13|           6|           1|
    |icmp_ln136_12_fu_7444_p2     |      icmp|   0|  0|   13|           6|           1|
    |icmp_ln136_13_fu_7583_p2     |      icmp|   0|  0|   13|           6|           1|
    |icmp_ln136_14_fu_7722_p2     |      icmp|   0|  0|   13|           6|           1|
    |icmp_ln136_15_fu_7861_p2     |      icmp|   0|  0|   13|           6|           1|
    |icmp_ln136_16_fu_8000_p2     |      icmp|   0|  0|   13|           6|           1|
    |icmp_ln136_17_fu_8139_p2     |      icmp|   0|  0|   13|           6|           1|
    |icmp_ln136_18_fu_8278_p2     |      icmp|   0|  0|   13|           6|           1|
    |icmp_ln136_19_fu_8417_p2     |      icmp|   0|  0|   13|           6|           1|
    |icmp_ln136_1_fu_5915_p2      |      icmp|   0|  0|   13|           6|           1|
    |icmp_ln136_20_fu_8556_p2     |      icmp|   0|  0|   13|           6|           1|
    |icmp_ln136_21_fu_8695_p2     |      icmp|   0|  0|   13|           6|           1|
    |icmp_ln136_22_fu_8834_p2     |      icmp|   0|  0|   13|           6|           1|
    |icmp_ln136_23_fu_8973_p2     |      icmp|   0|  0|   13|           6|           1|
    |icmp_ln136_24_fu_9112_p2     |      icmp|   0|  0|   13|           6|           1|
    |icmp_ln136_25_fu_9251_p2     |      icmp|   0|  0|   13|           6|           1|
    |icmp_ln136_26_fu_9390_p2     |      icmp|   0|  0|   13|           6|           1|
    |icmp_ln136_27_fu_9529_p2     |      icmp|   0|  0|   13|           6|           1|
    |icmp_ln136_28_fu_9668_p2     |      icmp|   0|  0|   13|           6|           1|
    |icmp_ln136_29_fu_9807_p2     |      icmp|   0|  0|   13|           6|           1|
    |icmp_ln136_2_fu_6054_p2      |      icmp|   0|  0|   13|           6|           1|
    |icmp_ln136_30_fu_9946_p2     |      icmp|   0|  0|   13|           6|           1|
    |icmp_ln136_31_fu_10085_p2    |      icmp|   0|  0|   13|           6|           1|
    |icmp_ln136_3_fu_6193_p2      |      icmp|   0|  0|   13|           6|           1|
    |icmp_ln136_4_fu_6332_p2      |      icmp|   0|  0|   13|           6|           1|
    |icmp_ln136_5_fu_6471_p2      |      icmp|   0|  0|   13|           6|           1|
    |icmp_ln136_6_fu_6610_p2      |      icmp|   0|  0|   13|           6|           1|
    |icmp_ln136_7_fu_6749_p2      |      icmp|   0|  0|   13|           6|           1|
    |icmp_ln136_8_fu_6888_p2      |      icmp|   0|  0|   13|           6|           1|
    |icmp_ln136_9_fu_7027_p2      |      icmp|   0|  0|   13|           6|           1|
    |icmp_ln136_fu_5776_p2        |      icmp|   0|  0|   13|           6|           1|
    |icmp_ln291_fu_5602_p2        |      icmp|   0|  0|   14|           6|           7|
    |shifted_10_fu_7172_p2        |      lshr|   0|  0|   96|          32|          32|
    |shifted_11_fu_7311_p2        |      lshr|   0|  0|   96|          32|          32|
    |shifted_12_fu_7450_p2        |      lshr|   0|  0|   96|          32|          32|
    |shifted_13_fu_7589_p2        |      lshr|   0|  0|   96|          32|          32|
    |shifted_14_fu_7728_p2        |      lshr|   0|  0|   96|          32|          32|
    |shifted_15_fu_7867_p2        |      lshr|   0|  0|   96|          32|          32|
    |shifted_16_fu_8006_p2        |      lshr|   0|  0|   96|          32|          32|
    |shifted_17_fu_8145_p2        |      lshr|   0|  0|   96|          32|          32|
    |shifted_18_fu_8284_p2        |      lshr|   0|  0|   96|          32|          32|
    |shifted_19_fu_8423_p2        |      lshr|   0|  0|   96|          32|          32|
    |shifted_1_fu_5921_p2         |      lshr|   0|  0|   96|          32|          32|
    |shifted_20_fu_8562_p2        |      lshr|   0|  0|   96|          32|          32|
    |shifted_21_fu_8701_p2        |      lshr|   0|  0|   96|          32|          32|
    |shifted_22_fu_8840_p2        |      lshr|   0|  0|   96|          32|          32|
    |shifted_23_fu_8979_p2        |      lshr|   0|  0|   96|          32|          32|
    |shifted_24_fu_9118_p2        |      lshr|   0|  0|   96|          32|          32|
    |shifted_25_fu_9257_p2        |      lshr|   0|  0|   96|          32|          32|
    |shifted_26_fu_9396_p2        |      lshr|   0|  0|   96|          32|          32|
    |shifted_27_fu_9535_p2        |      lshr|   0|  0|   96|          32|          32|
    |shifted_28_fu_9674_p2        |      lshr|   0|  0|   96|          32|          32|
    |shifted_29_fu_9813_p2        |      lshr|   0|  0|   96|          32|          32|
    |shifted_2_fu_6060_p2         |      lshr|   0|  0|   96|          32|          32|
    |shifted_30_fu_9952_p2        |      lshr|   0|  0|   96|          32|          32|
    |shifted_31_fu_10091_p2       |      lshr|   0|  0|   96|          32|          32|
    |shifted_3_fu_6199_p2         |      lshr|   0|  0|   96|          32|          32|
    |shifted_4_fu_6338_p2         |      lshr|   0|  0|   96|          32|          32|
    |shifted_5_fu_6477_p2         |      lshr|   0|  0|   96|          32|          32|
    |shifted_6_fu_6616_p2         |      lshr|   0|  0|   96|          32|          32|
    |shifted_7_fu_6755_p2         |      lshr|   0|  0|   96|          32|          32|
    |shifted_8_fu_6894_p2         |      lshr|   0|  0|   96|          32|          32|
    |shifted_9_fu_7033_p2         |      lshr|   0|  0|   96|          32|          32|
    |shifted_fu_5782_p2           |      lshr|   0|  0|   96|          32|          32|
    |abs_val_10_fu_7122_p3        |    select|   0|  0|   32|           1|          32|
    |abs_val_11_fu_7261_p3        |    select|   0|  0|   32|           1|          32|
    |abs_val_12_fu_7400_p3        |    select|   0|  0|   32|           1|          32|
    |abs_val_13_fu_7539_p3        |    select|   0|  0|   32|           1|          32|
    |abs_val_14_fu_7678_p3        |    select|   0|  0|   32|           1|          32|
    |abs_val_15_fu_7817_p3        |    select|   0|  0|   32|           1|          32|
    |abs_val_16_fu_7956_p3        |    select|   0|  0|   32|           1|          32|
    |abs_val_17_fu_8095_p3        |    select|   0|  0|   32|           1|          32|
    |abs_val_18_fu_8234_p3        |    select|   0|  0|   32|           1|          32|
    |abs_val_19_fu_8373_p3        |    select|   0|  0|   32|           1|          32|
    |abs_val_1_fu_5871_p3         |    select|   0|  0|   32|           1|          32|
    |abs_val_20_fu_8512_p3        |    select|   0|  0|   32|           1|          32|
    |abs_val_21_fu_8651_p3        |    select|   0|  0|   32|           1|          32|
    |abs_val_22_fu_8790_p3        |    select|   0|  0|   32|           1|          32|
    |abs_val_23_fu_8929_p3        |    select|   0|  0|   32|           1|          32|
    |abs_val_24_fu_9068_p3        |    select|   0|  0|   32|           1|          32|
    |abs_val_25_fu_9207_p3        |    select|   0|  0|   32|           1|          32|
    |abs_val_26_fu_9346_p3        |    select|   0|  0|   32|           1|          32|
    |abs_val_27_fu_9485_p3        |    select|   0|  0|   32|           1|          32|
    |abs_val_28_fu_9624_p3        |    select|   0|  0|   32|           1|          32|
    |abs_val_29_fu_9763_p3        |    select|   0|  0|   32|           1|          32|
    |abs_val_2_fu_6010_p3         |    select|   0|  0|   32|           1|          32|
    |abs_val_30_fu_9902_p3        |    select|   0|  0|   32|           1|          32|
    |abs_val_31_fu_10041_p3       |    select|   0|  0|   32|           1|          32|
    |abs_val_3_fu_6149_p3         |    select|   0|  0|   32|           1|          32|
    |abs_val_4_fu_6288_p3         |    select|   0|  0|   32|           1|          32|
    |abs_val_5_fu_6427_p3         |    select|   0|  0|   32|           1|          32|
    |abs_val_6_fu_6566_p3         |    select|   0|  0|   32|           1|          32|
    |abs_val_7_fu_6705_p3         |    select|   0|  0|   32|           1|          32|
    |abs_val_8_fu_6844_p3         |    select|   0|  0|   32|           1|          32|
    |abs_val_9_fu_6983_p3         |    select|   0|  0|   32|           1|          32|
    |abs_val_fu_5732_p3           |    select|   0|  0|   32|           1|          32|
    |mantissa_10_fu_7202_p3       |    select|   0|  0|    7|           1|           7|
    |mantissa_11_fu_7341_p3       |    select|   0|  0|    7|           1|           7|
    |mantissa_12_fu_7480_p3       |    select|   0|  0|    7|           1|           7|
    |mantissa_13_fu_7619_p3       |    select|   0|  0|    7|           1|           7|
    |mantissa_14_fu_7758_p3       |    select|   0|  0|    7|           1|           7|
    |mantissa_15_fu_7897_p3       |    select|   0|  0|    7|           1|           7|
    |mantissa_16_fu_8036_p3       |    select|   0|  0|    7|           1|           7|
    |mantissa_17_fu_8175_p3       |    select|   0|  0|    7|           1|           7|
    |mantissa_18_fu_8314_p3       |    select|   0|  0|    7|           1|           7|
    |mantissa_19_fu_8453_p3       |    select|   0|  0|    7|           1|           7|
    |mantissa_1_fu_5951_p3        |    select|   0|  0|    7|           1|           7|
    |mantissa_20_fu_8592_p3       |    select|   0|  0|    7|           1|           7|
    |mantissa_21_fu_8731_p3       |    select|   0|  0|    7|           1|           7|
    |mantissa_22_fu_8870_p3       |    select|   0|  0|    7|           1|           7|
    |mantissa_23_fu_9009_p3       |    select|   0|  0|    7|           1|           7|
    |mantissa_24_fu_9148_p3       |    select|   0|  0|    7|           1|           7|
    |mantissa_25_fu_9287_p3       |    select|   0|  0|    7|           1|           7|
    |mantissa_26_fu_9426_p3       |    select|   0|  0|    7|           1|           7|
    |mantissa_27_fu_9565_p3       |    select|   0|  0|    7|           1|           7|
    |mantissa_28_fu_9704_p3       |    select|   0|  0|    7|           1|           7|
    |mantissa_29_fu_9843_p3       |    select|   0|  0|    7|           1|           7|
    |mantissa_2_fu_6090_p3        |    select|   0|  0|    7|           1|           7|
    |mantissa_30_fu_9982_p3       |    select|   0|  0|    7|           1|           7|
    |mantissa_31_fu_10121_p3      |    select|   0|  0|    7|           1|           7|
    |mantissa_3_fu_6229_p3        |    select|   0|  0|    7|           1|           7|
    |mantissa_4_fu_6368_p3        |    select|   0|  0|    7|           1|           7|
    |mantissa_5_fu_6507_p3        |    select|   0|  0|    7|           1|           7|
    |mantissa_6_fu_6646_p3        |    select|   0|  0|    7|           1|           7|
    |mantissa_7_fu_6785_p3        |    select|   0|  0|    7|           1|           7|
    |mantissa_8_fu_6924_p3        |    select|   0|  0|    7|           1|           7|
    |mantissa_9_fu_7063_p3        |    select|   0|  0|    7|           1|           7|
    |mantissa_fu_5812_p3          |    select|   0|  0|    7|           1|           7|
    |retval_1_i_10_fu_7226_p3     |    select|   0|  0|   16|           1|           1|
    |retval_1_i_11_fu_7365_p3     |    select|   0|  0|   16|           1|           1|
    |retval_1_i_12_fu_7504_p3     |    select|   0|  0|   16|           1|           1|
    |retval_1_i_13_fu_7643_p3     |    select|   0|  0|   16|           1|           1|
    |retval_1_i_14_fu_7782_p3     |    select|   0|  0|   16|           1|           1|
    |retval_1_i_15_fu_7921_p3     |    select|   0|  0|   16|           1|           1|
    |retval_1_i_16_fu_8060_p3     |    select|   0|  0|   16|           1|           1|
    |retval_1_i_17_fu_8199_p3     |    select|   0|  0|   16|           1|           1|
    |retval_1_i_18_fu_8338_p3     |    select|   0|  0|   16|           1|           1|
    |retval_1_i_19_fu_8477_p3     |    select|   0|  0|   16|           1|           1|
    |retval_1_i_1_fu_5975_p3      |    select|   0|  0|   16|           1|           1|
    |retval_1_i_20_fu_8616_p3     |    select|   0|  0|   16|           1|           1|
    |retval_1_i_21_fu_8755_p3     |    select|   0|  0|   16|           1|           1|
    |retval_1_i_22_fu_8894_p3     |    select|   0|  0|   16|           1|           1|
    |retval_1_i_23_fu_9033_p3     |    select|   0|  0|   16|           1|           1|
    |retval_1_i_24_fu_9172_p3     |    select|   0|  0|   16|           1|           1|
    |retval_1_i_25_fu_9311_p3     |    select|   0|  0|   16|           1|           1|
    |retval_1_i_26_fu_9450_p3     |    select|   0|  0|   16|           1|           1|
    |retval_1_i_27_fu_9589_p3     |    select|   0|  0|   16|           1|           1|
    |retval_1_i_28_fu_9728_p3     |    select|   0|  0|   16|           1|           1|
    |retval_1_i_29_fu_9867_p3     |    select|   0|  0|   16|           1|           1|
    |retval_1_i_2_fu_6114_p3      |    select|   0|  0|   16|           1|           1|
    |retval_1_i_30_fu_10006_p3    |    select|   0|  0|   16|           1|           1|
    |retval_1_i_31_fu_10145_p3    |    select|   0|  0|   16|           1|           1|
    |retval_1_i_3_fu_6253_p3      |    select|   0|  0|   16|           1|           1|
    |retval_1_i_4_fu_6392_p3      |    select|   0|  0|   16|           1|           1|
    |retval_1_i_5_fu_6531_p3      |    select|   0|  0|   16|           1|           1|
    |retval_1_i_6_fu_6670_p3      |    select|   0|  0|   16|           1|           1|
    |retval_1_i_7_fu_6809_p3      |    select|   0|  0|   16|           1|           1|
    |retval_1_i_8_fu_6948_p3      |    select|   0|  0|   16|           1|           1|
    |retval_1_i_9_fu_7087_p3      |    select|   0|  0|   16|           1|           1|
    |retval_1_i_fu_5836_p3        |    select|   0|  0|   16|           1|           1|
    |select_ln295_10_fu_7095_p3   |    select|   0|  0|   32|           1|          32|
    |select_ln295_11_fu_7234_p3   |    select|   0|  0|   32|           1|          32|
    |select_ln295_12_fu_7373_p3   |    select|   0|  0|   32|           1|          32|
    |select_ln295_13_fu_7512_p3   |    select|   0|  0|   32|           1|          32|
    |select_ln295_14_fu_7651_p3   |    select|   0|  0|   32|           1|          32|
    |select_ln295_15_fu_7790_p3   |    select|   0|  0|   32|           1|          32|
    |select_ln295_16_fu_7929_p3   |    select|   0|  0|   32|           1|          32|
    |select_ln295_17_fu_8068_p3   |    select|   0|  0|   32|           1|          32|
    |select_ln295_18_fu_8207_p3   |    select|   0|  0|   32|           1|          32|
    |select_ln295_19_fu_8346_p3   |    select|   0|  0|   32|           1|          32|
    |select_ln295_1_fu_5844_p3    |    select|   0|  0|   32|           1|          32|
    |select_ln295_20_fu_8485_p3   |    select|   0|  0|   32|           1|          32|
    |select_ln295_21_fu_8624_p3   |    select|   0|  0|   32|           1|          32|
    |select_ln295_22_fu_8763_p3   |    select|   0|  0|   32|           1|          32|
    |select_ln295_23_fu_8902_p3   |    select|   0|  0|   32|           1|          32|
    |select_ln295_24_fu_9041_p3   |    select|   0|  0|   32|           1|          32|
    |select_ln295_25_fu_9180_p3   |    select|   0|  0|   32|           1|          32|
    |select_ln295_26_fu_9319_p3   |    select|   0|  0|   32|           1|          32|
    |select_ln295_27_fu_9458_p3   |    select|   0|  0|   32|           1|          32|
    |select_ln295_28_fu_9597_p3   |    select|   0|  0|   32|           1|          32|
    |select_ln295_29_fu_9736_p3   |    select|   0|  0|   32|           1|          32|
    |select_ln295_2_fu_5983_p3    |    select|   0|  0|   32|           1|          32|
    |select_ln295_30_fu_9875_p3   |    select|   0|  0|   32|           1|          32|
    |select_ln295_31_fu_10014_p3  |    select|   0|  0|   32|           1|          32|
    |select_ln295_3_fu_6122_p3    |    select|   0|  0|   32|           1|          32|
    |select_ln295_4_fu_6261_p3    |    select|   0|  0|   32|           1|          32|
    |select_ln295_5_fu_6400_p3    |    select|   0|  0|   32|           1|          32|
    |select_ln295_6_fu_6539_p3    |    select|   0|  0|   32|           1|          32|
    |select_ln295_7_fu_6678_p3    |    select|   0|  0|   32|           1|          32|
    |select_ln295_8_fu_6817_p3    |    select|   0|  0|   32|           1|          32|
    |select_ln295_9_fu_6956_p3    |    select|   0|  0|   32|           1|          32|
    |select_ln295_fu_5705_p3      |    select|   0|  0|   32|           1|          32|
    |shl_ln141_10_fu_7188_p2      |       shl|   0|  0|   96|          32|          32|
    |shl_ln141_11_fu_7327_p2      |       shl|   0|  0|   96|          32|          32|
    |shl_ln141_12_fu_7466_p2      |       shl|   0|  0|   96|          32|          32|
    |shl_ln141_13_fu_7605_p2      |       shl|   0|  0|   96|          32|          32|
    |shl_ln141_14_fu_7744_p2      |       shl|   0|  0|   96|          32|          32|
    |shl_ln141_15_fu_7883_p2      |       shl|   0|  0|   96|          32|          32|
    |shl_ln141_16_fu_8022_p2      |       shl|   0|  0|   96|          32|          32|
    |shl_ln141_17_fu_8161_p2      |       shl|   0|  0|   96|          32|          32|
    |shl_ln141_18_fu_8300_p2      |       shl|   0|  0|   96|          32|          32|
    |shl_ln141_19_fu_8439_p2      |       shl|   0|  0|   96|          32|          32|
    |shl_ln141_1_fu_5937_p2       |       shl|   0|  0|   96|          32|          32|
    |shl_ln141_20_fu_8578_p2      |       shl|   0|  0|   96|          32|          32|
    |shl_ln141_21_fu_8717_p2      |       shl|   0|  0|   96|          32|          32|
    |shl_ln141_22_fu_8856_p2      |       shl|   0|  0|   96|          32|          32|
    |shl_ln141_23_fu_8995_p2      |       shl|   0|  0|   96|          32|          32|
    |shl_ln141_24_fu_9134_p2      |       shl|   0|  0|   96|          32|          32|
    |shl_ln141_25_fu_9273_p2      |       shl|   0|  0|   96|          32|          32|
    |shl_ln141_26_fu_9412_p2      |       shl|   0|  0|   96|          32|          32|
    |shl_ln141_27_fu_9551_p2      |       shl|   0|  0|   96|          32|          32|
    |shl_ln141_28_fu_9690_p2      |       shl|   0|  0|   96|          32|          32|
    |shl_ln141_29_fu_9829_p2      |       shl|   0|  0|   96|          32|          32|
    |shl_ln141_2_fu_6076_p2       |       shl|   0|  0|   96|          32|          32|
    |shl_ln141_30_fu_9968_p2      |       shl|   0|  0|   96|          32|          32|
    |shl_ln141_31_fu_10107_p2     |       shl|   0|  0|   96|          32|          32|
    |shl_ln141_3_fu_6215_p2       |       shl|   0|  0|   96|          32|          32|
    |shl_ln141_4_fu_6354_p2       |       shl|   0|  0|   96|          32|          32|
    |shl_ln141_5_fu_6493_p2       |       shl|   0|  0|   96|          32|          32|
    |shl_ln141_6_fu_6632_p2       |       shl|   0|  0|   96|          32|          32|
    |shl_ln141_7_fu_6771_p2       |       shl|   0|  0|   96|          32|          32|
    |shl_ln141_8_fu_6910_p2       |       shl|   0|  0|   96|          32|          32|
    |shl_ln141_9_fu_7049_p2       |       shl|   0|  0|   96|          32|          32|
    |shl_ln141_fu_5798_p2         |       shl|   0|  0|   96|          32|          32|
    |ap_enable_pp0                |       xor|   0|  0|    2|           1|           2|
    |bit_pos_10_fu_7146_p2        |       xor|   0|  0|    5|           5|           2|
    |bit_pos_11_fu_7285_p2        |       xor|   0|  0|    5|           5|           2|
    |bit_pos_12_fu_7424_p2        |       xor|   0|  0|    5|           5|           2|
    |bit_pos_13_fu_7563_p2        |       xor|   0|  0|    5|           5|           2|
    |bit_pos_14_fu_7702_p2        |       xor|   0|  0|    5|           5|           2|
    |bit_pos_15_fu_7841_p2        |       xor|   0|  0|    5|           5|           2|
    |bit_pos_16_fu_7980_p2        |       xor|   0|  0|    5|           5|           2|
    |bit_pos_17_fu_8119_p2        |       xor|   0|  0|    5|           5|           2|
    |bit_pos_18_fu_8258_p2        |       xor|   0|  0|    5|           5|           2|
    |bit_pos_19_fu_8397_p2        |       xor|   0|  0|    5|           5|           2|
    |bit_pos_1_fu_5895_p2         |       xor|   0|  0|    5|           5|           2|
    |bit_pos_20_fu_8536_p2        |       xor|   0|  0|    5|           5|           2|
    |bit_pos_21_fu_8675_p2        |       xor|   0|  0|    5|           5|           2|
    |bit_pos_22_fu_8814_p2        |       xor|   0|  0|    5|           5|           2|
    |bit_pos_23_fu_8953_p2        |       xor|   0|  0|    5|           5|           2|
    |bit_pos_24_fu_9092_p2        |       xor|   0|  0|    5|           5|           2|
    |bit_pos_25_fu_9231_p2        |       xor|   0|  0|    5|           5|           2|
    |bit_pos_26_fu_9370_p2        |       xor|   0|  0|    5|           5|           2|
    |bit_pos_27_fu_9509_p2        |       xor|   0|  0|    5|           5|           2|
    |bit_pos_28_fu_9648_p2        |       xor|   0|  0|    5|           5|           2|
    |bit_pos_29_fu_9787_p2        |       xor|   0|  0|    5|           5|           2|
    |bit_pos_2_fu_6034_p2         |       xor|   0|  0|    5|           5|           2|
    |bit_pos_30_fu_9926_p2        |       xor|   0|  0|    5|           5|           2|
    |bit_pos_31_fu_10065_p2       |       xor|   0|  0|    5|           5|           2|
    |bit_pos_3_fu_6173_p2         |       xor|   0|  0|    5|           5|           2|
    |bit_pos_4_fu_6312_p2         |       xor|   0|  0|    5|           5|           2|
    |bit_pos_5_fu_6451_p2         |       xor|   0|  0|    5|           5|           2|
    |bit_pos_6_fu_6590_p2         |       xor|   0|  0|    5|           5|           2|
    |bit_pos_7_fu_6729_p2         |       xor|   0|  0|    5|           5|           2|
    |bit_pos_8_fu_6868_p2         |       xor|   0|  0|    5|           5|           2|
    |bit_pos_9_fu_7007_p2         |       xor|   0|  0|    5|           5|           2|
    |bit_pos_fu_5756_p2           |       xor|   0|  0|    5|           5|           2|
    +-----------------------------+----------+----+---+-----+------------+------------+
    |Total                        |          |   0|  0|14045|        4621|        6570|
    +-----------------------------+----------+----+---+-----+------------+------------+

    * Multiplexer: 
    +-------------------------+----+-----------+-----+-----------+
    |           Name          | LUT| Input Size| Bits| Total Bits|
    +-------------------------+----+-----------+-----+-----------+
    |C_0_address0_local       |  81|         17|   11|        187|
    |C_0_address1_local       |  81|         17|   11|        187|
    |C_0_d0_local             |  81|         17|   16|        272|
    |C_0_d1_local             |  81|         17|   16|        272|
    |C_10_address0_local      |  81|         17|   11|        187|
    |C_10_address1_local      |  81|         17|   11|        187|
    |C_10_d0_local            |  81|         17|   16|        272|
    |C_10_d1_local            |  81|         17|   16|        272|
    |C_11_address0_local      |  81|         17|   11|        187|
    |C_11_address1_local      |  81|         17|   11|        187|
    |C_11_d0_local            |  81|         17|   16|        272|
    |C_11_d1_local            |  81|         17|   16|        272|
    |C_12_address0_local      |  81|         17|   11|        187|
    |C_12_address1_local      |  81|         17|   11|        187|
    |C_12_d0_local            |  81|         17|   16|        272|
    |C_12_d1_local            |  81|         17|   16|        272|
    |C_13_address0_local      |  81|         17|   11|        187|
    |C_13_address1_local      |  81|         17|   11|        187|
    |C_13_d0_local            |  81|         17|   16|        272|
    |C_13_d1_local            |  81|         17|   16|        272|
    |C_14_address0_local      |  81|         17|   11|        187|
    |C_14_address1_local      |  81|         17|   11|        187|
    |C_14_d0_local            |  81|         17|   16|        272|
    |C_14_d1_local            |  81|         17|   16|        272|
    |C_15_address0_local      |  81|         17|   11|        187|
    |C_15_address1_local      |  81|         17|   11|        187|
    |C_15_d0_local            |  81|         17|   16|        272|
    |C_15_d1_local            |  81|         17|   16|        272|
    |C_1_address0_local       |  81|         17|   11|        187|
    |C_1_address1_local       |  81|         17|   11|        187|
    |C_1_d0_local             |  81|         17|   16|        272|
    |C_1_d1_local             |  81|         17|   16|        272|
    |C_2_address0_local       |  81|         17|   11|        187|
    |C_2_address1_local       |  81|         17|   11|        187|
    |C_2_d0_local             |  81|         17|   16|        272|
    |C_2_d1_local             |  81|         17|   16|        272|
    |C_3_address0_local       |  81|         17|   11|        187|
    |C_3_address1_local       |  81|         17|   11|        187|
    |C_3_d0_local             |  81|         17|   16|        272|
    |C_3_d1_local             |  81|         17|   16|        272|
    |C_4_address0_local       |  81|         17|   11|        187|
    |C_4_address1_local       |  81|         17|   11|        187|
    |C_4_d0_local             |  81|         17|   16|        272|
    |C_4_d1_local             |  81|         17|   16|        272|
    |C_5_address0_local       |  81|         17|   11|        187|
    |C_5_address1_local       |  81|         17|   11|        187|
    |C_5_d0_local             |  81|         17|   16|        272|
    |C_5_d1_local             |  81|         17|   16|        272|
    |C_6_address0_local       |  81|         17|   11|        187|
    |C_6_address1_local       |  81|         17|   11|        187|
    |C_6_d0_local             |  81|         17|   16|        272|
    |C_6_d1_local             |  81|         17|   16|        272|
    |C_7_address0_local       |  81|         17|   11|        187|
    |C_7_address1_local       |  81|         17|   11|        187|
    |C_7_d0_local             |  81|         17|   16|        272|
    |C_7_d1_local             |  81|         17|   16|        272|
    |C_8_address0_local       |  81|         17|   11|        187|
    |C_8_address1_local       |  81|         17|   11|        187|
    |C_8_d0_local             |  81|         17|   16|        272|
    |C_8_d1_local             |  81|         17|   16|        272|
    |C_9_address0_local       |  81|         17|   11|        187|
    |C_9_address1_local       |  81|         17|   11|        187|
    |C_9_d0_local             |  81|         17|   16|        272|
    |C_9_d1_local             |  81|         17|   16|        272|
    |ap_done_int              |   9|          2|    1|          2|
    |ap_enable_reg_pp0_iter1  |   9|          2|    1|          2|
    |ap_sig_allocacmp_r_1     |   9|          2|    6|         12|
    |r_fu_314                 |   9|          2|    6|         12|
    +-------------------------+----+-----------+-----+-----------+
    |Total                    |5220|       1096|  878|      14716|
    +-------------------------+----+-----------+-----+-----------+

    * Register: 
    +---------------------------------------+----+----+-----+-----------+
    |                  Name                 | FF | LUT| Bits| Const Bits|
    +---------------------------------------+----+----+-----+-----------+
    |ap_CS_fsm                              |   1|   0|    1|          0|
    |ap_done_reg                            |   1|   0|    1|          0|
    |ap_enable_reg_pp0_iter1                |   1|   0|    1|          0|
    |ap_enable_reg_pp0_iter2                |   1|   0|    1|          0|
    |ap_enable_reg_pp0_iter3                |   1|   0|    1|          0|
    |ap_loop_exit_ready_pp0_iter1_reg       |   1|   0|    1|          0|
    |ap_loop_exit_ready_pp0_iter2_reg       |   1|   0|    1|          0|
    |r_fu_314                               |   6|   0|    6|          0|
    |retval_1_i_10_reg_13105                |  16|   0|   16|          0|
    |retval_1_i_10_reg_13105_pp0_iter2_reg  |  16|   0|   16|          0|
    |retval_1_i_11_reg_13125                |  16|   0|   16|          0|
    |retval_1_i_11_reg_13125_pp0_iter2_reg  |  16|   0|   16|          0|
    |retval_1_i_12_reg_13145                |  16|   0|   16|          0|
    |retval_1_i_12_reg_13145_pp0_iter2_reg  |  16|   0|   16|          0|
    |retval_1_i_13_reg_13165                |  16|   0|   16|          0|
    |retval_1_i_13_reg_13165_pp0_iter2_reg  |  16|   0|   16|          0|
    |retval_1_i_14_reg_13185                |  16|   0|   16|          0|
    |retval_1_i_14_reg_13185_pp0_iter2_reg  |  16|   0|   16|          0|
    |retval_1_i_15_reg_13205                |  16|   0|   16|          0|
    |retval_1_i_15_reg_13205_pp0_iter2_reg  |  16|   0|   16|          0|
    |retval_1_i_16_reg_13225                |  16|   0|   16|          0|
    |retval_1_i_16_reg_13225_pp0_iter2_reg  |  16|   0|   16|          0|
    |retval_1_i_17_reg_13245                |  16|   0|   16|          0|
    |retval_1_i_17_reg_13245_pp0_iter2_reg  |  16|   0|   16|          0|
    |retval_1_i_18_reg_13265                |  16|   0|   16|          0|
    |retval_1_i_18_reg_13265_pp0_iter2_reg  |  16|   0|   16|          0|
    |retval_1_i_19_reg_13285                |  16|   0|   16|          0|
    |retval_1_i_19_reg_13285_pp0_iter2_reg  |  16|   0|   16|          0|
    |retval_1_i_1_reg_12925                 |  16|   0|   16|          0|
    |retval_1_i_1_reg_12925_pp0_iter2_reg   |  16|   0|   16|          0|
    |retval_1_i_20_reg_13305                |  16|   0|   16|          0|
    |retval_1_i_20_reg_13305_pp0_iter2_reg  |  16|   0|   16|          0|
    |retval_1_i_21_reg_13325                |  16|   0|   16|          0|
    |retval_1_i_21_reg_13325_pp0_iter2_reg  |  16|   0|   16|          0|
    |retval_1_i_22_reg_13345                |  16|   0|   16|          0|
    |retval_1_i_22_reg_13345_pp0_iter2_reg  |  16|   0|   16|          0|
    |retval_1_i_23_reg_13365                |  16|   0|   16|          0|
    |retval_1_i_23_reg_13365_pp0_iter2_reg  |  16|   0|   16|          0|
    |retval_1_i_24_reg_13385                |  16|   0|   16|          0|
    |retval_1_i_24_reg_13385_pp0_iter2_reg  |  16|   0|   16|          0|
    |retval_1_i_25_reg_13405                |  16|   0|   16|          0|
    |retval_1_i_25_reg_13405_pp0_iter2_reg  |  16|   0|   16|          0|
    |retval_1_i_26_reg_13425                |  16|   0|   16|          0|
    |retval_1_i_26_reg_13425_pp0_iter2_reg  |  16|   0|   16|          0|
    |retval_1_i_27_reg_13445                |  16|   0|   16|          0|
    |retval_1_i_27_reg_13445_pp0_iter2_reg  |  16|   0|   16|          0|
    |retval_1_i_28_reg_13465                |  16|   0|   16|          0|
    |retval_1_i_28_reg_13465_pp0_iter2_reg  |  16|   0|   16|          0|
    |retval_1_i_29_reg_13485                |  16|   0|   16|          0|
    |retval_1_i_29_reg_13485_pp0_iter2_reg  |  16|   0|   16|          0|
    |retval_1_i_2_reg_12945                 |  16|   0|   16|          0|
    |retval_1_i_2_reg_12945_pp0_iter2_reg   |  16|   0|   16|          0|
    |retval_1_i_30_reg_13505                |  16|   0|   16|          0|
    |retval_1_i_30_reg_13505_pp0_iter2_reg  |  16|   0|   16|          0|
    |retval_1_i_31_reg_13525                |  16|   0|   16|          0|
    |retval_1_i_31_reg_13525_pp0_iter2_reg  |  16|   0|   16|          0|
    |retval_1_i_3_reg_12965                 |  16|   0|   16|          0|
    |retval_1_i_3_reg_12965_pp0_iter2_reg   |  16|   0|   16|          0|
    |retval_1_i_4_reg_12985                 |  16|   0|   16|          0|
    |retval_1_i_4_reg_12985_pp0_iter2_reg   |  16|   0|   16|          0|
    |retval_1_i_5_reg_13005                 |  16|   0|   16|          0|
    |retval_1_i_5_reg_13005_pp0_iter2_reg   |  16|   0|   16|          0|
    |retval_1_i_6_reg_13025                 |  16|   0|   16|          0|
    |retval_1_i_6_reg_13025_pp0_iter2_reg   |  16|   0|   16|          0|
    |retval_1_i_7_reg_13045                 |  16|   0|   16|          0|
    |retval_1_i_7_reg_13045_pp0_iter2_reg   |  16|   0|   16|          0|
    |retval_1_i_8_reg_13065                 |  16|   0|   16|          0|
    |retval_1_i_8_reg_13065_pp0_iter2_reg   |  16|   0|   16|          0|
    |retval_1_i_9_reg_13085                 |  16|   0|   16|          0|
    |retval_1_i_9_reg_13085_pp0_iter2_reg   |  16|   0|   16|          0|
    |retval_1_i_reg_12905                   |  16|   0|   16|          0|
    |retval_1_i_reg_12905_pp0_iter2_reg     |  16|   0|   16|          0|
    |trunc_ln291_reg_12549                  |   1|   0|    1|          0|
    +---------------------------------------+----+----+-----+-----------+
    |Total                                  |1038|   0| 1038|          0|
    +---------------------------------------+----+----+-----+-----------+



================================================================
== Interface
================================================================
* Summary: 
+-------------------+-----+-----+------------+----------------------------------------------+--------------+
|     RTL Ports     | Dir | Bits|  Protocol  |                 Source Object                |    C Type    |
+-------------------+-----+-----+------------+----------------------------------------------+--------------+
|ap_clk             |   in|    1|  ap_ctrl_hs|  qwen_linear_layer_Pipeline_VITIS_LOOP_291_11|  return value|
|ap_rst             |   in|    1|  ap_ctrl_hs|  qwen_linear_layer_Pipeline_VITIS_LOOP_291_11|  return value|
|ap_start           |   in|    1|  ap_ctrl_hs|  qwen_linear_layer_Pipeline_VITIS_LOOP_291_11|  return value|
|ap_done            |  out|    1|  ap_ctrl_hs|  qwen_linear_layer_Pipeline_VITIS_LOOP_291_11|  return value|
|ap_idle            |  out|    1|  ap_ctrl_hs|  qwen_linear_layer_Pipeline_VITIS_LOOP_291_11|  return value|
|ap_ready           |  out|    1|  ap_ctrl_hs|  qwen_linear_layer_Pipeline_VITIS_LOOP_291_11|  return value|
|bufC_94_address0   |  out|    4|   ap_memory|                                       bufC_94|         array|
|bufC_94_ce0        |  out|    1|   ap_memory|                                       bufC_94|         array|
|bufC_94_q0         |   in|   32|   ap_memory|                                       bufC_94|         array|
|bufC_126_address0  |  out|    4|   ap_memory|                                      bufC_126|         array|
|bufC_126_ce0       |  out|    1|   ap_memory|                                      bufC_126|         array|
|bufC_126_q0        |   in|   32|   ap_memory|                                      bufC_126|         array|
|or_ln295_29        |   in|   15|     ap_none|                                   or_ln295_29|        scalar|
|C_0_address0       |  out|   11|   ap_memory|                                           C_0|         array|
|C_0_ce0            |  out|    1|   ap_memory|                                           C_0|         array|
|C_0_we0            |  out|    1|   ap_memory|                                           C_0|         array|
|C_0_d0             |  out|   16|   ap_memory|                                           C_0|         array|
|C_0_address1       |  out|   11|   ap_memory|                                           C_0|         array|
|C_0_ce1            |  out|    1|   ap_memory|                                           C_0|         array|
|C_0_we1            |  out|    1|   ap_memory|                                           C_0|         array|
|C_0_d1             |  out|   16|   ap_memory|                                           C_0|         array|
|C_1_address0       |  out|   11|   ap_memory|                                           C_1|         array|
|C_1_ce0            |  out|    1|   ap_memory|                                           C_1|         array|
|C_1_we0            |  out|    1|   ap_memory|                                           C_1|         array|
|C_1_d0             |  out|   16|   ap_memory|                                           C_1|         array|
|C_1_address1       |  out|   11|   ap_memory|                                           C_1|         array|
|C_1_ce1            |  out|    1|   ap_memory|                                           C_1|         array|
|C_1_we1            |  out|    1|   ap_memory|                                           C_1|         array|
|C_1_d1             |  out|   16|   ap_memory|                                           C_1|         array|
|C_2_address0       |  out|   11|   ap_memory|                                           C_2|         array|
|C_2_ce0            |  out|    1|   ap_memory|                                           C_2|         array|
|C_2_we0            |  out|    1|   ap_memory|                                           C_2|         array|
|C_2_d0             |  out|   16|   ap_memory|                                           C_2|         array|
|C_2_address1       |  out|   11|   ap_memory|                                           C_2|         array|
|C_2_ce1            |  out|    1|   ap_memory|                                           C_2|         array|
|C_2_we1            |  out|    1|   ap_memory|                                           C_2|         array|
|C_2_d1             |  out|   16|   ap_memory|                                           C_2|         array|
|C_3_address0       |  out|   11|   ap_memory|                                           C_3|         array|
|C_3_ce0            |  out|    1|   ap_memory|                                           C_3|         array|
|C_3_we0            |  out|    1|   ap_memory|                                           C_3|         array|
|C_3_d0             |  out|   16|   ap_memory|                                           C_3|         array|
|C_3_address1       |  out|   11|   ap_memory|                                           C_3|         array|
|C_3_ce1            |  out|    1|   ap_memory|                                           C_3|         array|
|C_3_we1            |  out|    1|   ap_memory|                                           C_3|         array|
|C_3_d1             |  out|   16|   ap_memory|                                           C_3|         array|
|C_4_address0       |  out|   11|   ap_memory|                                           C_4|         array|
|C_4_ce0            |  out|    1|   ap_memory|                                           C_4|         array|
|C_4_we0            |  out|    1|   ap_memory|                                           C_4|         array|
|C_4_d0             |  out|   16|   ap_memory|                                           C_4|         array|
|C_4_address1       |  out|   11|   ap_memory|                                           C_4|         array|
|C_4_ce1            |  out|    1|   ap_memory|                                           C_4|         array|
|C_4_we1            |  out|    1|   ap_memory|                                           C_4|         array|
|C_4_d1             |  out|   16|   ap_memory|                                           C_4|         array|
|C_5_address0       |  out|   11|   ap_memory|                                           C_5|         array|
|C_5_ce0            |  out|    1|   ap_memory|                                           C_5|         array|
|C_5_we0            |  out|    1|   ap_memory|                                           C_5|         array|
|C_5_d0             |  out|   16|   ap_memory|                                           C_5|         array|
|C_5_address1       |  out|   11|   ap_memory|                                           C_5|         array|
|C_5_ce1            |  out|    1|   ap_memory|                                           C_5|         array|
|C_5_we1            |  out|    1|   ap_memory|                                           C_5|         array|
|C_5_d1             |  out|   16|   ap_memory|                                           C_5|         array|
|C_6_address0       |  out|   11|   ap_memory|                                           C_6|         array|
|C_6_ce0            |  out|    1|   ap_memory|                                           C_6|         array|
|C_6_we0            |  out|    1|   ap_memory|                                           C_6|         array|
|C_6_d0             |  out|   16|   ap_memory|                                           C_6|         array|
|C_6_address1       |  out|   11|   ap_memory|                                           C_6|         array|
|C_6_ce1            |  out|    1|   ap_memory|                                           C_6|         array|
|C_6_we1            |  out|    1|   ap_memory|                                           C_6|         array|
|C_6_d1             |  out|   16|   ap_memory|                                           C_6|         array|
|C_7_address0       |  out|   11|   ap_memory|                                           C_7|         array|
|C_7_ce0            |  out|    1|   ap_memory|                                           C_7|         array|
|C_7_we0            |  out|    1|   ap_memory|                                           C_7|         array|
|C_7_d0             |  out|   16|   ap_memory|                                           C_7|         array|
|C_7_address1       |  out|   11|   ap_memory|                                           C_7|         array|
|C_7_ce1            |  out|    1|   ap_memory|                                           C_7|         array|
|C_7_we1            |  out|    1|   ap_memory|                                           C_7|         array|
|C_7_d1             |  out|   16|   ap_memory|                                           C_7|         array|
|C_8_address0       |  out|   11|   ap_memory|                                           C_8|         array|
|C_8_ce0            |  out|    1|   ap_memory|                                           C_8|         array|
|C_8_we0            |  out|    1|   ap_memory|                                           C_8|         array|
|C_8_d0             |  out|   16|   ap_memory|                                           C_8|         array|
|C_8_address1       |  out|   11|   ap_memory|                                           C_8|         array|
|C_8_ce1            |  out|    1|   ap_memory|                                           C_8|         array|
|C_8_we1            |  out|    1|   ap_memory|                                           C_8|         array|
|C_8_d1             |  out|   16|   ap_memory|                                           C_8|         array|
|C_9_address0       |  out|   11|   ap_memory|                                           C_9|         array|
|C_9_ce0            |  out|    1|   ap_memory|                                           C_9|         array|
|C_9_we0            |  out|    1|   ap_memory|                                           C_9|         array|
|C_9_d0             |  out|   16|   ap_memory|                                           C_9|         array|
|C_9_address1       |  out|   11|   ap_memory|                                           C_9|         array|
|C_9_ce1            |  out|    1|   ap_memory|                                           C_9|         array|
|C_9_we1            |  out|    1|   ap_memory|                                           C_9|         array|
|C_9_d1             |  out|   16|   ap_memory|                                           C_9|         array|
|C_10_address0      |  out|   11|   ap_memory|                                          C_10|         array|
|C_10_ce0           |  out|    1|   ap_memory|                                          C_10|         array|
|C_10_we0           |  out|    1|   ap_memory|                                          C_10|         array|
|C_10_d0            |  out|   16|   ap_memory|                                          C_10|         array|
|C_10_address1      |  out|   11|   ap_memory|                                          C_10|         array|
|C_10_ce1           |  out|    1|   ap_memory|                                          C_10|         array|
|C_10_we1           |  out|    1|   ap_memory|                                          C_10|         array|
|C_10_d1            |  out|   16|   ap_memory|                                          C_10|         array|
|C_11_address0      |  out|   11|   ap_memory|                                          C_11|         array|
|C_11_ce0           |  out|    1|   ap_memory|                                          C_11|         array|
|C_11_we0           |  out|    1|   ap_memory|                                          C_11|         array|
|C_11_d0            |  out|   16|   ap_memory|                                          C_11|         array|
|C_11_address1      |  out|   11|   ap_memory|                                          C_11|         array|
|C_11_ce1           |  out|    1|   ap_memory|                                          C_11|         array|
|C_11_we1           |  out|    1|   ap_memory|                                          C_11|         array|
|C_11_d1            |  out|   16|   ap_memory|                                          C_11|         array|
|C_12_address0      |  out|   11|   ap_memory|                                          C_12|         array|
|C_12_ce0           |  out|    1|   ap_memory|                                          C_12|         array|
|C_12_we0           |  out|    1|   ap_memory|                                          C_12|         array|
|C_12_d0            |  out|   16|   ap_memory|                                          C_12|         array|
|C_12_address1      |  out|   11|   ap_memory|                                          C_12|         array|
|C_12_ce1           |  out|    1|   ap_memory|                                          C_12|         array|
|C_12_we1           |  out|    1|   ap_memory|                                          C_12|         array|
|C_12_d1            |  out|   16|   ap_memory|                                          C_12|         array|
|C_13_address0      |  out|   11|   ap_memory|                                          C_13|         array|
|C_13_ce0           |  out|    1|   ap_memory|                                          C_13|         array|
|C_13_we0           |  out|    1|   ap_memory|                                          C_13|         array|
|C_13_d0            |  out|   16|   ap_memory|                                          C_13|         array|
|C_13_address1      |  out|   11|   ap_memory|                                          C_13|         array|
|C_13_ce1           |  out|    1|   ap_memory|                                          C_13|         array|
|C_13_we1           |  out|    1|   ap_memory|                                          C_13|         array|
|C_13_d1            |  out|   16|   ap_memory|                                          C_13|         array|
|C_14_address0      |  out|   11|   ap_memory|                                          C_14|         array|
|C_14_ce0           |  out|    1|   ap_memory|                                          C_14|         array|
|C_14_we0           |  out|    1|   ap_memory|                                          C_14|         array|
|C_14_d0            |  out|   16|   ap_memory|                                          C_14|         array|
|C_14_address1      |  out|   11|   ap_memory|                                          C_14|         array|
|C_14_ce1           |  out|    1|   ap_memory|                                          C_14|         array|
|C_14_we1           |  out|    1|   ap_memory|                                          C_14|         array|
|C_14_d1            |  out|   16|   ap_memory|                                          C_14|         array|
|C_15_address0      |  out|   11|   ap_memory|                                          C_15|         array|
|C_15_ce0           |  out|    1|   ap_memory|                                          C_15|         array|
|C_15_we0           |  out|    1|   ap_memory|                                          C_15|         array|
|C_15_d0            |  out|   16|   ap_memory|                                          C_15|         array|
|C_15_address1      |  out|   11|   ap_memory|                                          C_15|         array|
|C_15_ce1           |  out|    1|   ap_memory|                                          C_15|         array|
|C_15_we1           |  out|    1|   ap_memory|                                          C_15|         array|
|C_15_d1            |  out|   16|   ap_memory|                                          C_15|         array|
|bufC_93_address0   |  out|    4|   ap_memory|                                       bufC_93|         array|
|bufC_93_ce0        |  out|    1|   ap_memory|                                       bufC_93|         array|
|bufC_93_q0         |   in|   32|   ap_memory|                                       bufC_93|         array|
|bufC_125_address0  |  out|    4|   ap_memory|                                      bufC_125|         array|
|bufC_125_ce0       |  out|    1|   ap_memory|                                      bufC_125|         array|
|bufC_125_q0        |   in|   32|   ap_memory|                                      bufC_125|         array|
|or_ln295_28        |   in|   15|     ap_none|                                   or_ln295_28|        scalar|
|bufC_92_address0   |  out|    4|   ap_memory|                                       bufC_92|         array|
|bufC_92_ce0        |  out|    1|   ap_memory|                                       bufC_92|         array|
|bufC_92_q0         |   in|   32|   ap_memory|                                       bufC_92|         array|
|bufC_124_address0  |  out|    4|   ap_memory|                                      bufC_124|         array|
|bufC_124_ce0       |  out|    1|   ap_memory|                                      bufC_124|         array|
|bufC_124_q0        |   in|   32|   ap_memory|                                      bufC_124|         array|
|or_ln295_27        |   in|   15|     ap_none|                                   or_ln295_27|        scalar|
|bufC_91_address0   |  out|    4|   ap_memory|                                       bufC_91|         array|
|bufC_91_ce0        |  out|    1|   ap_memory|                                       bufC_91|         array|
|bufC_91_q0         |   in|   32|   ap_memory|                                       bufC_91|         array|
|bufC_123_address0  |  out|    4|   ap_memory|                                      bufC_123|         array|
|bufC_123_ce0       |  out|    1|   ap_memory|                                      bufC_123|         array|
|bufC_123_q0        |   in|   32|   ap_memory|                                      bufC_123|         array|
|or_ln295_26        |   in|   15|     ap_none|                                   or_ln295_26|        scalar|
|bufC_90_address0   |  out|    4|   ap_memory|                                       bufC_90|         array|
|bufC_90_ce0        |  out|    1|   ap_memory|                                       bufC_90|         array|
|bufC_90_q0         |   in|   32|   ap_memory|                                       bufC_90|         array|
|bufC_122_address0  |  out|    4|   ap_memory|                                      bufC_122|         array|
|bufC_122_ce0       |  out|    1|   ap_memory|                                      bufC_122|         array|
|bufC_122_q0        |   in|   32|   ap_memory|                                      bufC_122|         array|
|or_ln295_25        |   in|   15|     ap_none|                                   or_ln295_25|        scalar|
|bufC_89_address0   |  out|    4|   ap_memory|                                       bufC_89|         array|
|bufC_89_ce0        |  out|    1|   ap_memory|                                       bufC_89|         array|
|bufC_89_q0         |   in|   32|   ap_memory|                                       bufC_89|         array|
|bufC_121_address0  |  out|    4|   ap_memory|                                      bufC_121|         array|
|bufC_121_ce0       |  out|    1|   ap_memory|                                      bufC_121|         array|
|bufC_121_q0        |   in|   32|   ap_memory|                                      bufC_121|         array|
|or_ln295_24        |   in|   15|     ap_none|                                   or_ln295_24|        scalar|
|bufC_88_address0   |  out|    4|   ap_memory|                                       bufC_88|         array|
|bufC_88_ce0        |  out|    1|   ap_memory|                                       bufC_88|         array|
|bufC_88_q0         |   in|   32|   ap_memory|                                       bufC_88|         array|
|bufC_120_address0  |  out|    4|   ap_memory|                                      bufC_120|         array|
|bufC_120_ce0       |  out|    1|   ap_memory|                                      bufC_120|         array|
|bufC_120_q0        |   in|   32|   ap_memory|                                      bufC_120|         array|
|or_ln295_23        |   in|   15|     ap_none|                                   or_ln295_23|        scalar|
|bufC_87_address0   |  out|    4|   ap_memory|                                       bufC_87|         array|
|bufC_87_ce0        |  out|    1|   ap_memory|                                       bufC_87|         array|
|bufC_87_q0         |   in|   32|   ap_memory|                                       bufC_87|         array|
|bufC_119_address0  |  out|    4|   ap_memory|                                      bufC_119|         array|
|bufC_119_ce0       |  out|    1|   ap_memory|                                      bufC_119|         array|
|bufC_119_q0        |   in|   32|   ap_memory|                                      bufC_119|         array|
|or_ln295_22        |   in|   15|     ap_none|                                   or_ln295_22|        scalar|
|bufC_86_address0   |  out|    4|   ap_memory|                                       bufC_86|         array|
|bufC_86_ce0        |  out|    1|   ap_memory|                                       bufC_86|         array|
|bufC_86_q0         |   in|   32|   ap_memory|                                       bufC_86|         array|
|bufC_118_address0  |  out|    4|   ap_memory|                                      bufC_118|         array|
|bufC_118_ce0       |  out|    1|   ap_memory|                                      bufC_118|         array|
|bufC_118_q0        |   in|   32|   ap_memory|                                      bufC_118|         array|
|or_ln295_21        |   in|   15|     ap_none|                                   or_ln295_21|        scalar|
|bufC_85_address0   |  out|    4|   ap_memory|                                       bufC_85|         array|
|bufC_85_ce0        |  out|    1|   ap_memory|                                       bufC_85|         array|
|bufC_85_q0         |   in|   32|   ap_memory|                                       bufC_85|         array|
|bufC_117_address0  |  out|    4|   ap_memory|                                      bufC_117|         array|
|bufC_117_ce0       |  out|    1|   ap_memory|                                      bufC_117|         array|
|bufC_117_q0        |   in|   32|   ap_memory|                                      bufC_117|         array|
|or_ln295_20        |   in|   15|     ap_none|                                   or_ln295_20|        scalar|
|bufC_84_address0   |  out|    4|   ap_memory|                                       bufC_84|         array|
|bufC_84_ce0        |  out|    1|   ap_memory|                                       bufC_84|         array|
|bufC_84_q0         |   in|   32|   ap_memory|                                       bufC_84|         array|
|bufC_116_address0  |  out|    4|   ap_memory|                                      bufC_116|         array|
|bufC_116_ce0       |  out|    1|   ap_memory|                                      bufC_116|         array|
|bufC_116_q0        |   in|   32|   ap_memory|                                      bufC_116|         array|
|or_ln295_19        |   in|   15|     ap_none|                                   or_ln295_19|        scalar|
|bufC_83_address0   |  out|    4|   ap_memory|                                       bufC_83|         array|
|bufC_83_ce0        |  out|    1|   ap_memory|                                       bufC_83|         array|
|bufC_83_q0         |   in|   32|   ap_memory|                                       bufC_83|         array|
|bufC_115_address0  |  out|    4|   ap_memory|                                      bufC_115|         array|
|bufC_115_ce0       |  out|    1|   ap_memory|                                      bufC_115|         array|
|bufC_115_q0        |   in|   32|   ap_memory|                                      bufC_115|         array|
|or_ln295_18        |   in|   15|     ap_none|                                   or_ln295_18|        scalar|
|bufC_82_address0   |  out|    4|   ap_memory|                                       bufC_82|         array|
|bufC_82_ce0        |  out|    1|   ap_memory|                                       bufC_82|         array|
|bufC_82_q0         |   in|   32|   ap_memory|                                       bufC_82|         array|
|bufC_114_address0  |  out|    4|   ap_memory|                                      bufC_114|         array|
|bufC_114_ce0       |  out|    1|   ap_memory|                                      bufC_114|         array|
|bufC_114_q0        |   in|   32|   ap_memory|                                      bufC_114|         array|
|or_ln295_17        |   in|   15|     ap_none|                                   or_ln295_17|        scalar|
|bufC_81_address0   |  out|    4|   ap_memory|                                       bufC_81|         array|
|bufC_81_ce0        |  out|    1|   ap_memory|                                       bufC_81|         array|
|bufC_81_q0         |   in|   32|   ap_memory|                                       bufC_81|         array|
|bufC_113_address0  |  out|    4|   ap_memory|                                      bufC_113|         array|
|bufC_113_ce0       |  out|    1|   ap_memory|                                      bufC_113|         array|
|bufC_113_q0        |   in|   32|   ap_memory|                                      bufC_113|         array|
|or_ln295_16        |   in|   15|     ap_none|                                   or_ln295_16|        scalar|
|bufC_80_address0   |  out|    4|   ap_memory|                                       bufC_80|         array|
|bufC_80_ce0        |  out|    1|   ap_memory|                                       bufC_80|         array|
|bufC_80_q0         |   in|   32|   ap_memory|                                       bufC_80|         array|
|bufC_112_address0  |  out|    4|   ap_memory|                                      bufC_112|         array|
|bufC_112_ce0       |  out|    1|   ap_memory|                                      bufC_112|         array|
|bufC_112_q0        |   in|   32|   ap_memory|                                      bufC_112|         array|
|or_ln295_15        |   in|   15|     ap_none|                                   or_ln295_15|        scalar|
|bufC_79_address0   |  out|    4|   ap_memory|                                       bufC_79|         array|
|bufC_79_ce0        |  out|    1|   ap_memory|                                       bufC_79|         array|
|bufC_79_q0         |   in|   32|   ap_memory|                                       bufC_79|         array|
|bufC_111_address0  |  out|    4|   ap_memory|                                      bufC_111|         array|
|bufC_111_ce0       |  out|    1|   ap_memory|                                      bufC_111|         array|
|bufC_111_q0        |   in|   32|   ap_memory|                                      bufC_111|         array|
|or_ln295_14        |   in|   15|     ap_none|                                   or_ln295_14|        scalar|
|bufC_78_address0   |  out|    4|   ap_memory|                                       bufC_78|         array|
|bufC_78_ce0        |  out|    1|   ap_memory|                                       bufC_78|         array|
|bufC_78_q0         |   in|   32|   ap_memory|                                       bufC_78|         array|
|bufC_110_address0  |  out|    4|   ap_memory|                                      bufC_110|         array|
|bufC_110_ce0       |  out|    1|   ap_memory|                                      bufC_110|         array|
|bufC_110_q0        |   in|   32|   ap_memory|                                      bufC_110|         array|
|or_ln295_13        |   in|   15|     ap_none|                                   or_ln295_13|        scalar|
|bufC_77_address0   |  out|    4|   ap_memory|                                       bufC_77|         array|
|bufC_77_ce0        |  out|    1|   ap_memory|                                       bufC_77|         array|
|bufC_77_q0         |   in|   32|   ap_memory|                                       bufC_77|         array|
|bufC_109_address0  |  out|    4|   ap_memory|                                      bufC_109|         array|
|bufC_109_ce0       |  out|    1|   ap_memory|                                      bufC_109|         array|
|bufC_109_q0        |   in|   32|   ap_memory|                                      bufC_109|         array|
|or_ln295_12        |   in|   15|     ap_none|                                   or_ln295_12|        scalar|
|bufC_76_address0   |  out|    4|   ap_memory|                                       bufC_76|         array|
|bufC_76_ce0        |  out|    1|   ap_memory|                                       bufC_76|         array|
|bufC_76_q0         |   in|   32|   ap_memory|                                       bufC_76|         array|
|bufC_108_address0  |  out|    4|   ap_memory|                                      bufC_108|         array|
|bufC_108_ce0       |  out|    1|   ap_memory|                                      bufC_108|         array|
|bufC_108_q0        |   in|   32|   ap_memory|                                      bufC_108|         array|
|or_ln295_11        |   in|   15|     ap_none|                                   or_ln295_11|        scalar|
|bufC_75_address0   |  out|    4|   ap_memory|                                       bufC_75|         array|
|bufC_75_ce0        |  out|    1|   ap_memory|                                       bufC_75|         array|
|bufC_75_q0         |   in|   32|   ap_memory|                                       bufC_75|         array|
|bufC_107_address0  |  out|    4|   ap_memory|                                      bufC_107|         array|
|bufC_107_ce0       |  out|    1|   ap_memory|                                      bufC_107|         array|
|bufC_107_q0        |   in|   32|   ap_memory|                                      bufC_107|         array|
|or_ln295_10        |   in|   15|     ap_none|                                   or_ln295_10|        scalar|
|bufC_74_address0   |  out|    4|   ap_memory|                                       bufC_74|         array|
|bufC_74_ce0        |  out|    1|   ap_memory|                                       bufC_74|         array|
|bufC_74_q0         |   in|   32|   ap_memory|                                       bufC_74|         array|
|bufC_106_address0  |  out|    4|   ap_memory|                                      bufC_106|         array|
|bufC_106_ce0       |  out|    1|   ap_memory|                                      bufC_106|         array|
|bufC_106_q0        |   in|   32|   ap_memory|                                      bufC_106|         array|
|or_ln295_s         |   in|   15|     ap_none|                                    or_ln295_s|        scalar|
|bufC_73_address0   |  out|    4|   ap_memory|                                       bufC_73|         array|
|bufC_73_ce0        |  out|    1|   ap_memory|                                       bufC_73|         array|
|bufC_73_q0         |   in|   32|   ap_memory|                                       bufC_73|         array|
|bufC_105_address0  |  out|    4|   ap_memory|                                      bufC_105|         array|
|bufC_105_ce0       |  out|    1|   ap_memory|                                      bufC_105|         array|
|bufC_105_q0        |   in|   32|   ap_memory|                                      bufC_105|         array|
|or_ln295_9         |   in|   15|     ap_none|                                    or_ln295_9|        scalar|
|bufC_72_address0   |  out|    4|   ap_memory|                                       bufC_72|         array|
|bufC_72_ce0        |  out|    1|   ap_memory|                                       bufC_72|         array|
|bufC_72_q0         |   in|   32|   ap_memory|                                       bufC_72|         array|
|bufC_104_address0  |  out|    4|   ap_memory|                                      bufC_104|         array|
|bufC_104_ce0       |  out|    1|   ap_memory|                                      bufC_104|         array|
|bufC_104_q0        |   in|   32|   ap_memory|                                      bufC_104|         array|
|or_ln295_8         |   in|   15|     ap_none|                                    or_ln295_8|        scalar|
|bufC_71_address0   |  out|    4|   ap_memory|                                       bufC_71|         array|
|bufC_71_ce0        |  out|    1|   ap_memory|                                       bufC_71|         array|
|bufC_71_q0         |   in|   32|   ap_memory|                                       bufC_71|         array|
|bufC_103_address0  |  out|    4|   ap_memory|                                      bufC_103|         array|
|bufC_103_ce0       |  out|    1|   ap_memory|                                      bufC_103|         array|
|bufC_103_q0        |   in|   32|   ap_memory|                                      bufC_103|         array|
|or_ln295_7         |   in|   15|     ap_none|                                    or_ln295_7|        scalar|
|bufC_70_address0   |  out|    4|   ap_memory|                                       bufC_70|         array|
|bufC_70_ce0        |  out|    1|   ap_memory|                                       bufC_70|         array|
|bufC_70_q0         |   in|   32|   ap_memory|                                       bufC_70|         array|
|bufC_102_address0  |  out|    4|   ap_memory|                                      bufC_102|         array|
|bufC_102_ce0       |  out|    1|   ap_memory|                                      bufC_102|         array|
|bufC_102_q0        |   in|   32|   ap_memory|                                      bufC_102|         array|
|or_ln295_6         |   in|   15|     ap_none|                                    or_ln295_6|        scalar|
|bufC_69_address0   |  out|    4|   ap_memory|                                       bufC_69|         array|
|bufC_69_ce0        |  out|    1|   ap_memory|                                       bufC_69|         array|
|bufC_69_q0         |   in|   32|   ap_memory|                                       bufC_69|         array|
|bufC_101_address0  |  out|    4|   ap_memory|                                      bufC_101|         array|
|bufC_101_ce0       |  out|    1|   ap_memory|                                      bufC_101|         array|
|bufC_101_q0        |   in|   32|   ap_memory|                                      bufC_101|         array|
|or_ln295_5         |   in|   15|     ap_none|                                    or_ln295_5|        scalar|
|bufC_68_address0   |  out|    4|   ap_memory|                                       bufC_68|         array|
|bufC_68_ce0        |  out|    1|   ap_memory|                                       bufC_68|         array|
|bufC_68_q0         |   in|   32|   ap_memory|                                       bufC_68|         array|
|bufC_100_address0  |  out|    4|   ap_memory|                                      bufC_100|         array|
|bufC_100_ce0       |  out|    1|   ap_memory|                                      bufC_100|         array|
|bufC_100_q0        |   in|   32|   ap_memory|                                      bufC_100|         array|
|or_ln295_4         |   in|   15|     ap_none|                                    or_ln295_4|        scalar|
|bufC_67_address0   |  out|    4|   ap_memory|                                       bufC_67|         array|
|bufC_67_ce0        |  out|    1|   ap_memory|                                       bufC_67|         array|
|bufC_67_q0         |   in|   32|   ap_memory|                                       bufC_67|         array|
|bufC_99_address0   |  out|    4|   ap_memory|                                       bufC_99|         array|
|bufC_99_ce0        |  out|    1|   ap_memory|                                       bufC_99|         array|
|bufC_99_q0         |   in|   32|   ap_memory|                                       bufC_99|         array|
|or_ln295_3         |   in|   15|     ap_none|                                    or_ln295_3|        scalar|
|bufC_66_address0   |  out|    4|   ap_memory|                                       bufC_66|         array|
|bufC_66_ce0        |  out|    1|   ap_memory|                                       bufC_66|         array|
|bufC_66_q0         |   in|   32|   ap_memory|                                       bufC_66|         array|
|bufC_98_address0   |  out|    4|   ap_memory|                                       bufC_98|         array|
|bufC_98_ce0        |  out|    1|   ap_memory|                                       bufC_98|         array|
|bufC_98_q0         |   in|   32|   ap_memory|                                       bufC_98|         array|
|or_ln295_2         |   in|   15|     ap_none|                                    or_ln295_2|        scalar|
|bufC_65_address0   |  out|    4|   ap_memory|                                       bufC_65|         array|
|bufC_65_ce0        |  out|    1|   ap_memory|                                       bufC_65|         array|
|bufC_65_q0         |   in|   32|   ap_memory|                                       bufC_65|         array|
|bufC_97_address0   |  out|    4|   ap_memory|                                       bufC_97|         array|
|bufC_97_ce0        |  out|    1|   ap_memory|                                       bufC_97|         array|
|bufC_97_q0         |   in|   32|   ap_memory|                                       bufC_97|         array|
|or_ln295_1         |   in|   15|     ap_none|                                    or_ln295_1|        scalar|
|bufC_64_address0   |  out|    4|   ap_memory|                                       bufC_64|         array|
|bufC_64_ce0        |  out|    1|   ap_memory|                                       bufC_64|         array|
|bufC_64_q0         |   in|   32|   ap_memory|                                       bufC_64|         array|
|bufC_96_address0   |  out|    4|   ap_memory|                                       bufC_96|         array|
|bufC_96_ce0        |  out|    1|   ap_memory|                                       bufC_96|         array|
|bufC_96_q0         |   in|   32|   ap_memory|                                       bufC_96|         array|
|or_ln4             |   in|   15|     ap_none|                                        or_ln4|        scalar|
|empty_20           |   in|   15|     ap_none|                                      empty_20|        scalar|
|empty_21           |   in|   15|     ap_none|                                      empty_21|        scalar|
|bufC_address0      |  out|    4|   ap_memory|                                          bufC|         array|
|bufC_ce0           |  out|    1|   ap_memory|                                          bufC|         array|
|bufC_q0            |   in|   32|   ap_memory|                                          bufC|         array|
|bufC_95_address0   |  out|    4|   ap_memory|                                       bufC_95|         array|
|bufC_95_ce0        |  out|    1|   ap_memory|                                       bufC_95|         array|
|bufC_95_q0         |   in|   32|   ap_memory|                                       bufC_95|         array|
|empty              |   in|   15|     ap_none|                                         empty|        scalar|
+-------------------+-----+-----+------------+----------------------------------------------+--------------+

