

================================================================
== Vitis HLS Report for 'qwen_superblock'
================================================================
* Date:           Sun Mar  8 06:29:18 2026

* Version:        2025.2 (Build 6295257 on Nov 12 2025)
* Project:        hls_component
* Solution:       hls (Vivado IP Flow Target)
* Product family: zynquplus
* Target device:  xczu9eg-ffvb1156-2-e


================================================================
== Performance Estimates
================================================================
+ Timing: 
    * Summary: 
    +--------+----------+----------+------------+
    |  Clock |  Target  | Estimated| Uncertainty|
    +--------+----------+----------+------------+
    |ap_clk  |  10.00 ns|  7.300 ns|     2.70 ns|
    +--------+----------+----------+------------+

+ Latency: 
    * Summary: 
    +---------+-----------+-----------+-----------+-----+----------+----------+
    |   Latency (cycles)  |   Latency (absolute)  |    Interval    | Pipeline |
    |   min   |    max    |    min    |    max    | min |    max   |   Type   |
    +---------+-----------+-----------+-----------+-----+----------+----------+
    |        3|  104438327|  30.000 ns|  1.044 sec|    2|  52225660|  dataflow|
    +---------+-----------+-----------+-----------+-----+----------+----------+

    + Detail: 
        * Instance: 
        +------------------------+---------------------+---------+----------+-----------+-----------+-----+----------+---------+
        |                        |                     |  Latency (cycles)  |   Latency (absolute)  |    Interval    | Pipeline|
        |        Instance        |        Module       |   min   |    max   |    min    |    max    | min |    max   |   Type  |
        +------------------------+---------------------+---------+----------+-----------+-----------+-----+----------+---------+
        |qwen_linear_layer_U0    |qwen_linear_layer    |        1|  52212667|  10.000 ns|  0.522 sec|    1|  52212667|       no|
        |qwen_linear_layer_1_U0  |qwen_linear_layer_1  |        1|  52225659|  10.000 ns|  0.522 sec|    1|  52225659|       no|
        +------------------------+---------------------+---------+----------+-----------+-----------+-----+----------+---------+

        * Loop: 
        N/A



================================================================
== Utilization Estimates
================================================================
* Summary: 
+-----------------+---------+------+--------+--------+-----+
|       Name      | BRAM_18K|  DSP |   FF   |   LUT  | URAM|
+-----------------+---------+------+--------+--------+-----+
|DSP              |        -|     -|       -|       -|    -|
|Expression       |        -|     -|       0|      16|    -|
|FIFO             |        -|     -|       -|       -|    -|
|Instance         |       70|    12|   26733|   81030|    0|
|Memory           |       64|     -|       0|       0|    0|
|Multiplexer      |        -|     -|       0|      27|    -|
|Register         |        -|     -|       3|       -|    -|
+-----------------+---------+------+--------+--------+-----+
|Total            |      134|    12|   26736|   81073|    0|
+-----------------+---------+------+--------+--------+-----+
|Available        |     1824|  2520|  548160|  274080|    0|
+-----------------+---------+------+--------+--------+-----+
|Utilization (%)  |        7|    ~0|       4|      29|    0|
+-----------------+---------+------+--------+--------+-----+

+ Detail: 
    * Instance: 
    +------------------------+---------------------+---------+----+-------+-------+-----+
    |        Instance        |        Module       | BRAM_18K| DSP|   FF  |  LUT  | URAM|
    +------------------------+---------------------+---------+----+-------+-------+-----+
    |control_s_axi_U         |control_s_axi        |        0|   0|    316|    552|    0|
    |gmem0_m_axi_U           |gmem0_m_axi          |        2|   0|    795|    801|    0|
    |gmem1_m_axi_U           |gmem1_m_axi          |        2|   0|    696|    734|    0|
    |gmem2_m_axi_U           |gmem2_m_axi          |        2|   0|    696|    734|    0|
    |qwen_linear_layer_U0    |qwen_linear_layer    |       32|   9|  11445|  39403|    0|
    |qwen_linear_layer_1_U0  |qwen_linear_layer_1  |       32|   3|  12785|  38806|    0|
    +------------------------+---------------------+---------+----+-------+-------+-----+
    |Total                   |                     |       70|  12|  26733|  81030|    0|
    +------------------------+---------------------+---------+----+-------+-------+-----+

    * DSP: 
    N/A

    * Memory: 
    +-----------+--------------------+---------+---+----+-----+------+-----+------+-------------+
    |   Memory  |       Module       | BRAM_18K| FF| LUT| URAM| Words| Bits| Banks| W*Bits*Banks|
    +-----------+--------------------+---------+---+----+-----+------+-----+------+-------------+
    |temp_U     |temp_RAM_AUTO_1R1W  |        4|  0|   0|    0|  1792|   16|     1|        28672|
    |temp_1_U   |temp_RAM_AUTO_1R1W  |        4|  0|   0|    0|  1792|   16|     1|        28672|
    |temp_2_U   |temp_RAM_AUTO_1R1W  |        4|  0|   0|    0|  1792|   16|     1|        28672|
    |temp_3_U   |temp_RAM_AUTO_1R1W  |        4|  0|   0|    0|  1792|   16|     1|        28672|
    |temp_4_U   |temp_RAM_AUTO_1R1W  |        4|  0|   0|    0|  1792|   16|     1|        28672|
    |temp_5_U   |temp_RAM_AUTO_1R1W  |        4|  0|   0|    0|  1792|   16|     1|        28672|
    |temp_6_U   |temp_RAM_AUTO_1R1W  |        4|  0|   0|    0|  1792|   16|     1|        28672|
    |temp_7_U   |temp_RAM_AUTO_1R1W  |        4|  0|   0|    0|  1792|   16|     1|        28672|
    |temp_8_U   |temp_RAM_AUTO_1R1W  |        4|  0|   0|    0|  1792|   16|     1|        28672|
    |temp_9_U   |temp_RAM_AUTO_1R1W  |        4|  0|   0|    0|  1792|   16|     1|        28672|
    |temp_10_U  |temp_RAM_AUTO_1R1W  |        4|  0|   0|    0|  1792|   16|     1|        28672|
    |temp_11_U  |temp_RAM_AUTO_1R1W  |        4|  0|   0|    0|  1792|   16|     1|        28672|
    |temp_12_U  |temp_RAM_AUTO_1R1W  |        4|  0|   0|    0|  1792|   16|     1|        28672|
    |temp_13_U  |temp_RAM_AUTO_1R1W  |        4|  0|   0|    0|  1792|   16|     1|        28672|
    |temp_14_U  |temp_RAM_AUTO_1R1W  |        4|  0|   0|    0|  1792|   16|     1|        28672|
    |temp_15_U  |temp_RAM_AUTO_1R1W  |        4|  0|   0|    0|  1792|   16|     1|        28672|
    +-----------+--------------------+---------+---+----+-----+------+-----+------+-------------+
    |Total      |                    |       64|  0|   0|    0| 28672|  256|    16|       458752|
    +-----------+--------------------+---------+---+----+-----+------+-----+------+-------------+

    * FIFO: 
    N/A

    * Expression: 
    +-----------------------------------------+----------+----+---+----+------------+------------+
    |              Variable Name              | Operation| DSP| FF| LUT| Bitwidth P0| Bitwidth P1|
    +-----------------------------------------+----------+----+---+----+------------+------------+
    |ap_channel_done_temp_15                  |       and|   0|  0|   2|           1|           1|
    |ap_idle                                  |       and|   0|  0|   2|           1|           1|
    |ap_sync_ready                            |       and|   0|  0|   2|           1|           1|
    |qwen_linear_layer_1_U0_ap_start          |       and|   0|  0|   2|           1|           1|
    |qwen_linear_layer_U0_ap_start            |       and|   0|  0|   2|           1|           1|
    |ap_sync_channel_write_temp_15            |        or|   0|  0|   2|           1|           1|
    |ap_sync_qwen_linear_layer_1_U0_ap_ready  |        or|   0|  0|   2|           1|           1|
    |ap_sync_qwen_linear_layer_U0_ap_ready    |        or|   0|  0|   2|           1|           1|
    +-----------------------------------------+----------+----+---+----+------------+------------+
    |Total                                    |          |   0|  0|  16|           8|           8|
    +-----------------------------------------+----------+----+---+----+------------+------------+

    * Multiplexer: 
    +---------------------------------------------+----+-----------+-----+-----------+
    |                     Name                    | LUT| Input Size| Bits| Total Bits|
    +---------------------------------------------+----+-----------+-----+-----------+
    |ap_sync_reg_channel_write_temp_15            |   9|          2|    1|          2|
    |ap_sync_reg_qwen_linear_layer_1_U0_ap_ready  |   9|          2|    1|          2|
    |ap_sync_reg_qwen_linear_layer_U0_ap_ready    |   9|          2|    1|          2|
    +---------------------------------------------+----+-----------+-----+-----------+
    |Total                                        |  27|          6|    3|          6|
    +---------------------------------------------+----+-----------+-----+-----------+

    * Register: 
    +---------------------------------------------+---+----+-----+-----------+
    |                     Name                    | FF| LUT| Bits| Const Bits|
    +---------------------------------------------+---+----+-----+-----------+
    |ap_sync_reg_channel_write_temp_15            |  1|   0|    1|          0|
    |ap_sync_reg_qwen_linear_layer_1_U0_ap_ready  |  1|   0|    1|          0|
    |ap_sync_reg_qwen_linear_layer_U0_ap_ready    |  1|   0|    1|          0|
    +---------------------------------------------+---+----+-----+-----------+
    |Total                                        |  3|   0|    3|          0|
    +---------------------------------------------+---+----+-----+-----------+



================================================================
== Interface
================================================================
* Summary: 
+-----------------------+-----+-----+------------+-----------------+--------------+
|       RTL Ports       | Dir | Bits|  Protocol  |  Source Object  |    C Type    |
+-----------------------+-----+-----+------------+-----------------+--------------+
|s_axi_control_AWVALID  |   in|    1|       s_axi|          control|        scalar|
|s_axi_control_AWREADY  |  out|    1|       s_axi|          control|        scalar|
|s_axi_control_AWADDR   |   in|    6|       s_axi|          control|        scalar|
|s_axi_control_WVALID   |   in|    1|       s_axi|          control|        scalar|
|s_axi_control_WREADY   |  out|    1|       s_axi|          control|        scalar|
|s_axi_control_WDATA    |   in|   32|       s_axi|          control|        scalar|
|s_axi_control_WSTRB    |   in|    4|       s_axi|          control|        scalar|
|s_axi_control_ARVALID  |   in|    1|       s_axi|          control|        scalar|
|s_axi_control_ARREADY  |  out|    1|       s_axi|          control|        scalar|
|s_axi_control_ARADDR   |   in|    6|       s_axi|          control|        scalar|
|s_axi_control_RVALID   |  out|    1|       s_axi|          control|        scalar|
|s_axi_control_RREADY   |   in|    1|       s_axi|          control|        scalar|
|s_axi_control_RDATA    |  out|   32|       s_axi|          control|        scalar|
|s_axi_control_RRESP    |  out|    2|       s_axi|          control|        scalar|
|s_axi_control_BVALID   |  out|    1|       s_axi|          control|        scalar|
|s_axi_control_BREADY   |   in|    1|       s_axi|          control|        scalar|
|s_axi_control_BRESP    |  out|    2|       s_axi|          control|        scalar|
|ap_clk                 |   in|    1|  ap_ctrl_hs|  qwen_superblock|  return value|
|ap_rst_n               |   in|    1|  ap_ctrl_hs|  qwen_superblock|  return value|
|interrupt              |  out|    1|  ap_ctrl_hs|  qwen_superblock|  return value|
|m_axi_gmem0_AWVALID    |  out|    1|       m_axi|            gmem0|       pointer|
|m_axi_gmem0_AWREADY    |   in|    1|       m_axi|            gmem0|       pointer|
|m_axi_gmem0_AWADDR     |  out|   64|       m_axi|            gmem0|       pointer|
|m_axi_gmem0_AWID       |  out|    1|       m_axi|            gmem0|       pointer|
|m_axi_gmem0_AWLEN      |  out|    8|       m_axi|            gmem0|       pointer|
|m_axi_gmem0_AWSIZE     |  out|    3|       m_axi|            gmem0|       pointer|
|m_axi_gmem0_AWBURST    |  out|    2|       m_axi|            gmem0|       pointer|
|m_axi_gmem0_AWLOCK     |  out|    2|       m_axi|            gmem0|       pointer|
|m_axi_gmem0_AWCACHE    |  out|    4|       m_axi|            gmem0|       pointer|
|m_axi_gmem0_AWPROT     |  out|    3|       m_axi|            gmem0|       pointer|
|m_axi_gmem0_AWQOS      |  out|    4|       m_axi|            gmem0|       pointer|
|m_axi_gmem0_AWREGION   |  out|    4|       m_axi|            gmem0|       pointer|
|m_axi_gmem0_AWUSER     |  out|    1|       m_axi|            gmem0|       pointer|
|m_axi_gmem0_WVALID     |  out|    1|       m_axi|            gmem0|       pointer|
|m_axi_gmem0_WREADY     |   in|    1|       m_axi|            gmem0|       pointer|
|m_axi_gmem0_WDATA      |  out|   32|       m_axi|            gmem0|       pointer|
|m_axi_gmem0_WSTRB      |  out|    4|       m_axi|            gmem0|       pointer|
|m_axi_gmem0_WLAST      |  out|    1|       m_axi|            gmem0|       pointer|
|m_axi_gmem0_WID        |  out|    1|       m_axi|            gmem0|       pointer|
|m_axi_gmem0_WUSER      |  out|    1|       m_axi|            gmem0|       pointer|
|m_axi_gmem0_ARVALID    |  out|    1|       m_axi|            gmem0|       pointer|
|m_axi_gmem0_ARREADY    |   in|    1|       m_axi|            gmem0|       pointer|
|m_axi_gmem0_ARADDR     |  out|   64|       m_axi|            gmem0|       pointer|
|m_axi_gmem0_ARID       |  out|    1|       m_axi|            gmem0|       pointer|
|m_axi_gmem0_ARLEN      |  out|    8|       m_axi|            gmem0|       pointer|
|m_axi_gmem0_ARSIZE     |  out|    3|       m_axi|            gmem0|       pointer|
|m_axi_gmem0_ARBURST    |  out|    2|       m_axi|            gmem0|       pointer|
|m_axi_gmem0_ARLOCK     |  out|    2|       m_axi|            gmem0|       pointer|
|m_axi_gmem0_ARCACHE    |  out|    4|       m_axi|            gmem0|       pointer|
|m_axi_gmem0_ARPROT     |  out|    3|       m_axi|            gmem0|       pointer|
|m_axi_gmem0_ARQOS      |  out|    4|       m_axi|            gmem0|       pointer|
|m_axi_gmem0_ARREGION   |  out|    4|       m_axi|            gmem0|       pointer|
|m_axi_gmem0_ARUSER     |  out|    1|       m_axi|            gmem0|       pointer|
|m_axi_gmem0_RVALID     |   in|    1|       m_axi|            gmem0|       pointer|
|m_axi_gmem0_RREADY     |  out|    1|       m_axi|            gmem0|       pointer|
|m_axi_gmem0_RDATA      |   in|   32|       m_axi|            gmem0|       pointer|
|m_axi_gmem0_RLAST      |   in|    1|       m_axi|            gmem0|       pointer|
|m_axi_gmem0_RID        |   in|    1|       m_axi|            gmem0|       pointer|
|m_axi_gmem0_RUSER      |   in|    1|       m_axi|            gmem0|       pointer|
|m_axi_gmem0_RRESP      |   in|    2|       m_axi|            gmem0|       pointer|
|m_axi_gmem0_BVALID     |   in|    1|       m_axi|            gmem0|       pointer|
|m_axi_gmem0_BREADY     |  out|    1|       m_axi|            gmem0|       pointer|
|m_axi_gmem0_BRESP      |   in|    2|       m_axi|            gmem0|       pointer|
|m_axi_gmem0_BID        |   in|    1|       m_axi|            gmem0|       pointer|
|m_axi_gmem0_BUSER      |   in|    1|       m_axi|            gmem0|       pointer|
|m_axi_gmem1_AWVALID    |  out|    1|       m_axi|            gmem1|       pointer|
|m_axi_gmem1_AWREADY    |   in|    1|       m_axi|            gmem1|       pointer|
|m_axi_gmem1_AWADDR     |  out|   64|       m_axi|            gmem1|       pointer|
|m_axi_gmem1_AWID       |  out|    1|       m_axi|            gmem1|       pointer|
|m_axi_gmem1_AWLEN      |  out|    8|       m_axi|            gmem1|       pointer|
|m_axi_gmem1_AWSIZE     |  out|    3|       m_axi|            gmem1|       pointer|
|m_axi_gmem1_AWBURST    |  out|    2|       m_axi|            gmem1|       pointer|
|m_axi_gmem1_AWLOCK     |  out|    2|       m_axi|            gmem1|       pointer|
|m_axi_gmem1_AWCACHE    |  out|    4|       m_axi|            gmem1|       pointer|
|m_axi_gmem1_AWPROT     |  out|    3|       m_axi|            gmem1|       pointer|
|m_axi_gmem1_AWQOS      |  out|    4|       m_axi|            gmem1|       pointer|
|m_axi_gmem1_AWREGION   |  out|    4|       m_axi|            gmem1|       pointer|
|m_axi_gmem1_AWUSER     |  out|    1|       m_axi|            gmem1|       pointer|
|m_axi_gmem1_WVALID     |  out|    1|       m_axi|            gmem1|       pointer|
|m_axi_gmem1_WREADY     |   in|    1|       m_axi|            gmem1|       pointer|
|m_axi_gmem1_WDATA      |  out|   32|       m_axi|            gmem1|       pointer|
|m_axi_gmem1_WSTRB      |  out|    4|       m_axi|            gmem1|       pointer|
|m_axi_gmem1_WLAST      |  out|    1|       m_axi|            gmem1|       pointer|
|m_axi_gmem1_WID        |  out|    1|       m_axi|            gmem1|       pointer|
|m_axi_gmem1_WUSER      |  out|    1|       m_axi|            gmem1|       pointer|
|m_axi_gmem1_ARVALID    |  out|    1|       m_axi|            gmem1|       pointer|
|m_axi_gmem1_ARREADY    |   in|    1|       m_axi|            gmem1|       pointer|
|m_axi_gmem1_ARADDR     |  out|   64|       m_axi|            gmem1|       pointer|
|m_axi_gmem1_ARID       |  out|    1|       m_axi|            gmem1|       pointer|
|m_axi_gmem1_ARLEN      |  out|    8|       m_axi|            gmem1|       pointer|
|m_axi_gmem1_ARSIZE     |  out|    3|       m_axi|            gmem1|       pointer|
|m_axi_gmem1_ARBURST    |  out|    2|       m_axi|            gmem1|       pointer|
|m_axi_gmem1_ARLOCK     |  out|    2|       m_axi|            gmem1|       pointer|
|m_axi_gmem1_ARCACHE    |  out|    4|       m_axi|            gmem1|       pointer|
|m_axi_gmem1_ARPROT     |  out|    3|       m_axi|            gmem1|       pointer|
|m_axi_gmem1_ARQOS      |  out|    4|       m_axi|            gmem1|       pointer|
|m_axi_gmem1_ARREGION   |  out|    4|       m_axi|            gmem1|       pointer|
|m_axi_gmem1_ARUSER     |  out|    1|       m_axi|            gmem1|       pointer|
|m_axi_gmem1_RVALID     |   in|    1|       m_axi|            gmem1|       pointer|
|m_axi_gmem1_RREADY     |  out|    1|       m_axi|            gmem1|       pointer|
|m_axi_gmem1_RDATA      |   in|   32|       m_axi|            gmem1|       pointer|
|m_axi_gmem1_RLAST      |   in|    1|       m_axi|            gmem1|       pointer|
|m_axi_gmem1_RID        |   in|    1|       m_axi|            gmem1|       pointer|
|m_axi_gmem1_RUSER      |   in|    1|       m_axi|            gmem1|       pointer|
|m_axi_gmem1_RRESP      |   in|    2|       m_axi|            gmem1|       pointer|
|m_axi_gmem1_BVALID     |   in|    1|       m_axi|            gmem1|       pointer|
|m_axi_gmem1_BREADY     |  out|    1|       m_axi|            gmem1|       pointer|
|m_axi_gmem1_BRESP      |   in|    2|       m_axi|            gmem1|       pointer|
|m_axi_gmem1_BID        |   in|    1|       m_axi|            gmem1|       pointer|
|m_axi_gmem1_BUSER      |   in|    1|       m_axi|            gmem1|       pointer|
|m_axi_gmem2_AWVALID    |  out|    1|       m_axi|            gmem2|       pointer|
|m_axi_gmem2_AWREADY    |   in|    1|       m_axi|            gmem2|       pointer|
|m_axi_gmem2_AWADDR     |  out|   64|       m_axi|            gmem2|       pointer|
|m_axi_gmem2_AWID       |  out|    1|       m_axi|            gmem2|       pointer|
|m_axi_gmem2_AWLEN      |  out|    8|       m_axi|            gmem2|       pointer|
|m_axi_gmem2_AWSIZE     |  out|    3|       m_axi|            gmem2|       pointer|
|m_axi_gmem2_AWBURST    |  out|    2|       m_axi|            gmem2|       pointer|
|m_axi_gmem2_AWLOCK     |  out|    2|       m_axi|            gmem2|       pointer|
|m_axi_gmem2_AWCACHE    |  out|    4|       m_axi|            gmem2|       pointer|
|m_axi_gmem2_AWPROT     |  out|    3|       m_axi|            gmem2|       pointer|
|m_axi_gmem2_AWQOS      |  out|    4|       m_axi|            gmem2|       pointer|
|m_axi_gmem2_AWREGION   |  out|    4|       m_axi|            gmem2|       pointer|
|m_axi_gmem2_AWUSER     |  out|    1|       m_axi|            gmem2|       pointer|
|m_axi_gmem2_WVALID     |  out|    1|       m_axi|            gmem2|       pointer|
|m_axi_gmem2_WREADY     |   in|    1|       m_axi|            gmem2|       pointer|
|m_axi_gmem2_WDATA      |  out|   32|       m_axi|            gmem2|       pointer|
|m_axi_gmem2_WSTRB      |  out|    4|       m_axi|            gmem2|       pointer|
|m_axi_gmem2_WLAST      |  out|    1|       m_axi|            gmem2|       pointer|
|m_axi_gmem2_WID        |  out|    1|       m_axi|            gmem2|       pointer|
|m_axi_gmem2_WUSER      |  out|    1|       m_axi|            gmem2|       pointer|
|m_axi_gmem2_ARVALID    |  out|    1|       m_axi|            gmem2|       pointer|
|m_axi_gmem2_ARREADY    |   in|    1|       m_axi|            gmem2|       pointer|
|m_axi_gmem2_ARADDR     |  out|   64|       m_axi|            gmem2|       pointer|
|m_axi_gmem2_ARID       |  out|    1|       m_axi|            gmem2|       pointer|
|m_axi_gmem2_ARLEN      |  out|    8|       m_axi|            gmem2|       pointer|
|m_axi_gmem2_ARSIZE     |  out|    3|       m_axi|            gmem2|       pointer|
|m_axi_gmem2_ARBURST    |  out|    2|       m_axi|            gmem2|       pointer|
|m_axi_gmem2_ARLOCK     |  out|    2|       m_axi|            gmem2|       pointer|
|m_axi_gmem2_ARCACHE    |  out|    4|       m_axi|            gmem2|       pointer|
|m_axi_gmem2_ARPROT     |  out|    3|       m_axi|            gmem2|       pointer|
|m_axi_gmem2_ARQOS      |  out|    4|       m_axi|            gmem2|       pointer|
|m_axi_gmem2_ARREGION   |  out|    4|       m_axi|            gmem2|       pointer|
|m_axi_gmem2_ARUSER     |  out|    1|       m_axi|            gmem2|       pointer|
|m_axi_gmem2_RVALID     |   in|    1|       m_axi|            gmem2|       pointer|
|m_axi_gmem2_RREADY     |  out|    1|       m_axi|            gmem2|       pointer|
|m_axi_gmem2_RDATA      |   in|   32|       m_axi|            gmem2|       pointer|
|m_axi_gmem2_RLAST      |   in|    1|       m_axi|            gmem2|       pointer|
|m_axi_gmem2_RID        |   in|    1|       m_axi|            gmem2|       pointer|
|m_axi_gmem2_RUSER      |   in|    1|       m_axi|            gmem2|       pointer|
|m_axi_gmem2_RRESP      |   in|    2|       m_axi|            gmem2|       pointer|
|m_axi_gmem2_BVALID     |   in|    1|       m_axi|            gmem2|       pointer|
|m_axi_gmem2_BREADY     |  out|    1|       m_axi|            gmem2|       pointer|
|m_axi_gmem2_BRESP      |   in|    2|       m_axi|            gmem2|       pointer|
|m_axi_gmem2_BID        |   in|    1|       m_axi|            gmem2|       pointer|
|m_axi_gmem2_BUSER      |   in|    1|       m_axi|            gmem2|       pointer|
|M                      |   in|   32|     ap_none|                M|        scalar|
|N_W1                   |   in|   32|     ap_none|             N_W1|        scalar|
|N_W2                   |   in|   32|     ap_none|             N_W2|        scalar|
|K                      |   in|   32|     ap_none|                K|        scalar|
+-----------------------+-----+-----+------------+-----------------+--------------+

