

================================================================
== Vitis HLS Report for 'qwen_linear_layer_Pipeline_VITIS_LOOP_250_3'
================================================================
* Date:           Sun Mar  8 06:28:45 2026

* Version:        2025.2 (Build 6295257 on Nov 12 2025)
* Project:        hls_component
* Solution:       hls (Vivado IP Flow Target)
* Product family: zynquplus
* Target device:  xczu9eg-ffvb1156-2-e


================================================================
== Performance Estimates
================================================================
+ Timing: 
    * Summary: 
    +--------+----------+----------+------------+
    |  Clock |  Target  | Estimated| Uncertainty|
    +--------+----------+----------+------------+
    |ap_clk  |  10.00 ns|  1.635 ns|     2.70 ns|
    +--------+----------+----------+------------+

+ Latency: 
    * Summary: 
    +---------+---------+----------+----------+-----+-----+-------------------+
    |  Latency (cycles) |  Latency (absolute) |  Interval |      Pipeline     |
    |   min   |   max   |    min   |    max   | min | max |        Type       |
    +---------+---------+----------+----------+-----+-----+-------------------+
    |       10|       10|  0.100 us|  0.100 us|    0|    0|  loop pipeline stp|
    +---------+---------+----------+----------+-----+-----+-------------------+

    + Detail: 
        * Instance: 
        N/A

        * Loop: 
        +--------------------+---------+---------+----------+-----------+-----------+------+----------+
        |                    |  Latency (cycles) | Iteration|  Initiation Interval  | Trip |          |
        |      Loop Name     |   min   |   max   |  Latency |  achieved |   target  | Count| Pipelined|
        +--------------------+---------+---------+----------+-----------+-----------+------+----------+
        |- VITIS_LOOP_250_3  |        8|        8|         1|          1|          1|     8|       yes|
        +--------------------+---------+---------+----------+-----------+-----------+------+----------+



================================================================
== Utilization Estimates
================================================================
* Summary: 
+-----------------+---------+------+--------+--------+-----+
|       Name      | BRAM_18K|  DSP |   FF   |   LUT  | URAM|
+-----------------+---------+------+--------+--------+-----+
|DSP              |        -|     -|       -|       -|    -|
|Expression       |        -|     -|       0|      13|    -|
|FIFO             |        -|     -|       -|       -|    -|
|Instance         |        -|     -|       -|       -|    -|
|Memory           |        -|     -|       -|       -|    -|
|Multiplexer      |        -|     -|       0|      27|    -|
|Register         |        -|     -|       8|       -|    -|
+-----------------+---------+------+--------+--------+-----+
|Total            |        0|     0|       8|      40|    0|
+-----------------+---------+------+--------+--------+-----+
|Available        |     1824|  2520|  548160|  274080|    0|
+-----------------+---------+------+--------+--------+-----+
|Utilization (%)  |        0|     0|      ~0|      ~0|    0|
+-----------------+---------+------+--------+--------+-----+

+ Detail: 
    * Instance: 
    N/A

    * DSP: 
    N/A

    * Memory: 
    N/A

    * FIFO: 
    N/A

    * Expression: 
    +----------------------+----------+----+---+----+------------+------------+
    |     Variable Name    | Operation| DSP| FF| LUT| Bitwidth P0| Bitwidth P1|
    +----------------------+----------+----+---+----+------------+------------+
    |add_ln250_fu_2080_p2  |         +|   0|  0|  13|           6|           3|
    +----------------------+----------+----+---+----+------------+------------+
    |Total                 |          |   0|  0|  13|           6|           3|
    +----------------------+----------+----+---+----+------------+------------+

    * Multiplexer: 
    +----------------------+----+-----------+-----+-----------+
    |         Name         | LUT| Input Size| Bits| Total Bits|
    +----------------------+----+-----------+-----+-----------+
    |ap_done_int           |   9|          2|    1|          2|
    |ap_sig_allocacmp_r_3  |   9|          2|    6|         12|
    |r_fu_168              |   9|          2|    6|         12|
    +----------------------+----+-----------+-----+-----------+
    |Total                 |  27|          6|   13|         26|
    +----------------------+----+-----------+-----+-----------+

    * Register: 
    +-------------+---+----+-----+-----------+
    |     Name    | FF| LUT| Bits| Const Bits|
    +-------------+---+----+-----+-----------+
    |ap_CS_fsm    |  1|   0|    1|          0|
    |ap_done_reg  |  1|   0|    1|          0|
    |r_fu_168     |  6|   0|    6|          0|
    +-------------+---+----+-----+-----------+
    |Total        |  8|   0|    8|          0|
    +-------------+---+----+-----+-----------+



================================================================
== Interface
================================================================
* Summary: 
+-------------------+-----+-----+------------+---------------------------------------------+--------------+
|     RTL Ports     | Dir | Bits|  Protocol  |                Source Object                |    C Type    |
+-------------------+-----+-----+------------+---------------------------------------------+--------------+
|ap_clk             |   in|    1|  ap_ctrl_hs|  qwen_linear_layer_Pipeline_VITIS_LOOP_250_3|  return value|
|ap_rst             |   in|    1|  ap_ctrl_hs|  qwen_linear_layer_Pipeline_VITIS_LOOP_250_3|  return value|
|ap_start           |   in|    1|  ap_ctrl_hs|  qwen_linear_layer_Pipeline_VITIS_LOOP_250_3|  return value|
|ap_done            |  out|    1|  ap_ctrl_hs|  qwen_linear_layer_Pipeline_VITIS_LOOP_250_3|  return value|
|ap_idle            |  out|    1|  ap_ctrl_hs|  qwen_linear_layer_Pipeline_VITIS_LOOP_250_3|  return value|
|ap_ready           |  out|    1|  ap_ctrl_hs|  qwen_linear_layer_Pipeline_VITIS_LOOP_250_3|  return value|
|bufC_126_address0  |  out|    4|   ap_memory|                                     bufC_126|         array|
|bufC_126_ce0       |  out|    1|   ap_memory|                                     bufC_126|         array|
|bufC_126_we0       |  out|    1|   ap_memory|                                     bufC_126|         array|
|bufC_126_d0        |  out|   32|   ap_memory|                                     bufC_126|         array|
|bufC_126_address1  |  out|    4|   ap_memory|                                     bufC_126|         array|
|bufC_126_ce1       |  out|    1|   ap_memory|                                     bufC_126|         array|
|bufC_126_we1       |  out|    1|   ap_memory|                                     bufC_126|         array|
|bufC_126_d1        |  out|   32|   ap_memory|                                     bufC_126|         array|
|bufC_125_address0  |  out|    4|   ap_memory|                                     bufC_125|         array|
|bufC_125_ce0       |  out|    1|   ap_memory|                                     bufC_125|         array|
|bufC_125_we0       |  out|    1|   ap_memory|                                     bufC_125|         array|
|bufC_125_d0        |  out|   32|   ap_memory|                                     bufC_125|         array|
|bufC_125_address1  |  out|    4|   ap_memory|                                     bufC_125|         array|
|bufC_125_ce1       |  out|    1|   ap_memory|                                     bufC_125|         array|
|bufC_125_we1       |  out|    1|   ap_memory|                                     bufC_125|         array|
|bufC_125_d1        |  out|   32|   ap_memory|                                     bufC_125|         array|
|bufC_124_address0  |  out|    4|   ap_memory|                                     bufC_124|         array|
|bufC_124_ce0       |  out|    1|   ap_memory|                                     bufC_124|         array|
|bufC_124_we0       |  out|    1|   ap_memory|                                     bufC_124|         array|
|bufC_124_d0        |  out|   32|   ap_memory|                                     bufC_124|         array|
|bufC_124_address1  |  out|    4|   ap_memory|                                     bufC_124|         array|
|bufC_124_ce1       |  out|    1|   ap_memory|                                     bufC_124|         array|
|bufC_124_we1       |  out|    1|   ap_memory|                                     bufC_124|         array|
|bufC_124_d1        |  out|   32|   ap_memory|                                     bufC_124|         array|
|bufC_123_address0  |  out|    4|   ap_memory|                                     bufC_123|         array|
|bufC_123_ce0       |  out|    1|   ap_memory|                                     bufC_123|         array|
|bufC_123_we0       |  out|    1|   ap_memory|                                     bufC_123|         array|
|bufC_123_d0        |  out|   32|   ap_memory|                                     bufC_123|         array|
|bufC_123_address1  |  out|    4|   ap_memory|                                     bufC_123|         array|
|bufC_123_ce1       |  out|    1|   ap_memory|                                     bufC_123|         array|
|bufC_123_we1       |  out|    1|   ap_memory|                                     bufC_123|         array|
|bufC_123_d1        |  out|   32|   ap_memory|                                     bufC_123|         array|
|bufC_122_address0  |  out|    4|   ap_memory|                                     bufC_122|         array|
|bufC_122_ce0       |  out|    1|   ap_memory|                                     bufC_122|         array|
|bufC_122_we0       |  out|    1|   ap_memory|                                     bufC_122|         array|
|bufC_122_d0        |  out|   32|   ap_memory|                                     bufC_122|         array|
|bufC_122_address1  |  out|    4|   ap_memory|                                     bufC_122|         array|
|bufC_122_ce1       |  out|    1|   ap_memory|                                     bufC_122|         array|
|bufC_122_we1       |  out|    1|   ap_memory|                                     bufC_122|         array|
|bufC_122_d1        |  out|   32|   ap_memory|                                     bufC_122|         array|
|bufC_121_address0  |  out|    4|   ap_memory|                                     bufC_121|         array|
|bufC_121_ce0       |  out|    1|   ap_memory|                                     bufC_121|         array|
|bufC_121_we0       |  out|    1|   ap_memory|                                     bufC_121|         array|
|bufC_121_d0        |  out|   32|   ap_memory|                                     bufC_121|         array|
|bufC_121_address1  |  out|    4|   ap_memory|                                     bufC_121|         array|
|bufC_121_ce1       |  out|    1|   ap_memory|                                     bufC_121|         array|
|bufC_121_we1       |  out|    1|   ap_memory|                                     bufC_121|         array|
|bufC_121_d1        |  out|   32|   ap_memory|                                     bufC_121|         array|
|bufC_120_address0  |  out|    4|   ap_memory|                                     bufC_120|         array|
|bufC_120_ce0       |  out|    1|   ap_memory|                                     bufC_120|         array|
|bufC_120_we0       |  out|    1|   ap_memory|                                     bufC_120|         array|
|bufC_120_d0        |  out|   32|   ap_memory|                                     bufC_120|         array|
|bufC_120_address1  |  out|    4|   ap_memory|                                     bufC_120|         array|
|bufC_120_ce1       |  out|    1|   ap_memory|                                     bufC_120|         array|
|bufC_120_we1       |  out|    1|   ap_memory|                                     bufC_120|         array|
|bufC_120_d1        |  out|   32|   ap_memory|                                     bufC_120|         array|
|bufC_119_address0  |  out|    4|   ap_memory|                                     bufC_119|         array|
|bufC_119_ce0       |  out|    1|   ap_memory|                                     bufC_119|         array|
|bufC_119_we0       |  out|    1|   ap_memory|                                     bufC_119|         array|
|bufC_119_d0        |  out|   32|   ap_memory|                                     bufC_119|         array|
|bufC_119_address1  |  out|    4|   ap_memory|                                     bufC_119|         array|
|bufC_119_ce1       |  out|    1|   ap_memory|                                     bufC_119|         array|
|bufC_119_we1       |  out|    1|   ap_memory|                                     bufC_119|         array|
|bufC_119_d1        |  out|   32|   ap_memory|                                     bufC_119|         array|
|bufC_118_address0  |  out|    4|   ap_memory|                                     bufC_118|         array|
|bufC_118_ce0       |  out|    1|   ap_memory|                                     bufC_118|         array|
|bufC_118_we0       |  out|    1|   ap_memory|                                     bufC_118|         array|
|bufC_118_d0        |  out|   32|   ap_memory|                                     bufC_118|         array|
|bufC_118_address1  |  out|    4|   ap_memory|                                     bufC_118|         array|
|bufC_118_ce1       |  out|    1|   ap_memory|                                     bufC_118|         array|
|bufC_118_we1       |  out|    1|   ap_memory|                                     bufC_118|         array|
|bufC_118_d1        |  out|   32|   ap_memory|                                     bufC_118|         array|
|bufC_117_address0  |  out|    4|   ap_memory|                                     bufC_117|         array|
|bufC_117_ce0       |  out|    1|   ap_memory|                                     bufC_117|         array|
|bufC_117_we0       |  out|    1|   ap_memory|                                     bufC_117|         array|
|bufC_117_d0        |  out|   32|   ap_memory|                                     bufC_117|         array|
|bufC_117_address1  |  out|    4|   ap_memory|                                     bufC_117|         array|
|bufC_117_ce1       |  out|    1|   ap_memory|                                     bufC_117|         array|
|bufC_117_we1       |  out|    1|   ap_memory|                                     bufC_117|         array|
|bufC_117_d1        |  out|   32|   ap_memory|                                     bufC_117|         array|
|bufC_116_address0  |  out|    4|   ap_memory|                                     bufC_116|         array|
|bufC_116_ce0       |  out|    1|   ap_memory|                                     bufC_116|         array|
|bufC_116_we0       |  out|    1|   ap_memory|                                     bufC_116|         array|
|bufC_116_d0        |  out|   32|   ap_memory|                                     bufC_116|         array|
|bufC_116_address1  |  out|    4|   ap_memory|                                     bufC_116|         array|
|bufC_116_ce1       |  out|    1|   ap_memory|                                     bufC_116|         array|
|bufC_116_we1       |  out|    1|   ap_memory|                                     bufC_116|         array|
|bufC_116_d1        |  out|   32|   ap_memory|                                     bufC_116|         array|
|bufC_115_address0  |  out|    4|   ap_memory|                                     bufC_115|         array|
|bufC_115_ce0       |  out|    1|   ap_memory|                                     bufC_115|         array|
|bufC_115_we0       |  out|    1|   ap_memory|                                     bufC_115|         array|
|bufC_115_d0        |  out|   32|   ap_memory|                                     bufC_115|         array|
|bufC_115_address1  |  out|    4|   ap_memory|                                     bufC_115|         array|
|bufC_115_ce1       |  out|    1|   ap_memory|                                     bufC_115|         array|
|bufC_115_we1       |  out|    1|   ap_memory|                                     bufC_115|         array|
|bufC_115_d1        |  out|   32|   ap_memory|                                     bufC_115|         array|
|bufC_114_address0  |  out|    4|   ap_memory|                                     bufC_114|         array|
|bufC_114_ce0       |  out|    1|   ap_memory|                                     bufC_114|         array|
|bufC_114_we0       |  out|    1|   ap_memory|                                     bufC_114|         array|
|bufC_114_d0        |  out|   32|   ap_memory|                                     bufC_114|         array|
|bufC_114_address1  |  out|    4|   ap_memory|                                     bufC_114|         array|
|bufC_114_ce1       |  out|    1|   ap_memory|                                     bufC_114|         array|
|bufC_114_we1       |  out|    1|   ap_memory|                                     bufC_114|         array|
|bufC_114_d1        |  out|   32|   ap_memory|                                     bufC_114|         array|
|bufC_113_address0  |  out|    4|   ap_memory|                                     bufC_113|         array|
|bufC_113_ce0       |  out|    1|   ap_memory|                                     bufC_113|         array|
|bufC_113_we0       |  out|    1|   ap_memory|                                     bufC_113|         array|
|bufC_113_d0        |  out|   32|   ap_memory|                                     bufC_113|         array|
|bufC_113_address1  |  out|    4|   ap_memory|                                     bufC_113|         array|
|bufC_113_ce1       |  out|    1|   ap_memory|                                     bufC_113|         array|
|bufC_113_we1       |  out|    1|   ap_memory|                                     bufC_113|         array|
|bufC_113_d1        |  out|   32|   ap_memory|                                     bufC_113|         array|
|bufC_112_address0  |  out|    4|   ap_memory|                                     bufC_112|         array|
|bufC_112_ce0       |  out|    1|   ap_memory|                                     bufC_112|         array|
|bufC_112_we0       |  out|    1|   ap_memory|                                     bufC_112|         array|
|bufC_112_d0        |  out|   32|   ap_memory|                                     bufC_112|         array|
|bufC_112_address1  |  out|    4|   ap_memory|                                     bufC_112|         array|
|bufC_112_ce1       |  out|    1|   ap_memory|                                     bufC_112|         array|
|bufC_112_we1       |  out|    1|   ap_memory|                                     bufC_112|         array|
|bufC_112_d1        |  out|   32|   ap_memory|                                     bufC_112|         array|
|bufC_111_address0  |  out|    4|   ap_memory|                                     bufC_111|         array|
|bufC_111_ce0       |  out|    1|   ap_memory|                                     bufC_111|         array|
|bufC_111_we0       |  out|    1|   ap_memory|                                     bufC_111|         array|
|bufC_111_d0        |  out|   32|   ap_memory|                                     bufC_111|         array|
|bufC_111_address1  |  out|    4|   ap_memory|                                     bufC_111|         array|
|bufC_111_ce1       |  out|    1|   ap_memory|                                     bufC_111|         array|
|bufC_111_we1       |  out|    1|   ap_memory|                                     bufC_111|         array|
|bufC_111_d1        |  out|   32|   ap_memory|                                     bufC_111|         array|
|bufC_110_address0  |  out|    4|   ap_memory|                                     bufC_110|         array|
|bufC_110_ce0       |  out|    1|   ap_memory|                                     bufC_110|         array|
|bufC_110_we0       |  out|    1|   ap_memory|                                     bufC_110|         array|
|bufC_110_d0        |  out|   32|   ap_memory|                                     bufC_110|         array|
|bufC_110_address1  |  out|    4|   ap_memory|                                     bufC_110|         array|
|bufC_110_ce1       |  out|    1|   ap_memory|                                     bufC_110|         array|
|bufC_110_we1       |  out|    1|   ap_memory|                                     bufC_110|         array|
|bufC_110_d1        |  out|   32|   ap_memory|                                     bufC_110|         array|
|bufC_109_address0  |  out|    4|   ap_memory|                                     bufC_109|         array|
|bufC_109_ce0       |  out|    1|   ap_memory|                                     bufC_109|         array|
|bufC_109_we0       |  out|    1|   ap_memory|                                     bufC_109|         array|
|bufC_109_d0        |  out|   32|   ap_memory|                                     bufC_109|         array|
|bufC_109_address1  |  out|    4|   ap_memory|                                     bufC_109|         array|
|bufC_109_ce1       |  out|    1|   ap_memory|                                     bufC_109|         array|
|bufC_109_we1       |  out|    1|   ap_memory|                                     bufC_109|         array|
|bufC_109_d1        |  out|   32|   ap_memory|                                     bufC_109|         array|
|bufC_108_address0  |  out|    4|   ap_memory|                                     bufC_108|         array|
|bufC_108_ce0       |  out|    1|   ap_memory|                                     bufC_108|         array|
|bufC_108_we0       |  out|    1|   ap_memory|                                     bufC_108|         array|
|bufC_108_d0        |  out|   32|   ap_memory|                                     bufC_108|         array|
|bufC_108_address1  |  out|    4|   ap_memory|                                     bufC_108|         array|
|bufC_108_ce1       |  out|    1|   ap_memory|                                     bufC_108|         array|
|bufC_108_we1       |  out|    1|   ap_memory|                                     bufC_108|         array|
|bufC_108_d1        |  out|   32|   ap_memory|                                     bufC_108|         array|
|bufC_107_address0  |  out|    4|   ap_memory|                                     bufC_107|         array|
|bufC_107_ce0       |  out|    1|   ap_memory|                                     bufC_107|         array|
|bufC_107_we0       |  out|    1|   ap_memory|                                     bufC_107|         array|
|bufC_107_d0        |  out|   32|   ap_memory|                                     bufC_107|         array|
|bufC_107_address1  |  out|    4|   ap_memory|                                     bufC_107|         array|
|bufC_107_ce1       |  out|    1|   ap_memory|                                     bufC_107|         array|
|bufC_107_we1       |  out|    1|   ap_memory|                                     bufC_107|         array|
|bufC_107_d1        |  out|   32|   ap_memory|                                     bufC_107|         array|
|bufC_106_address0  |  out|    4|   ap_memory|                                     bufC_106|         array|
|bufC_106_ce0       |  out|    1|   ap_memory|                                     bufC_106|         array|
|bufC_106_we0       |  out|    1|   ap_memory|                                     bufC_106|         array|
|bufC_106_d0        |  out|   32|   ap_memory|                                     bufC_106|         array|
|bufC_106_address1  |  out|    4|   ap_memory|                                     bufC_106|         array|
|bufC_106_ce1       |  out|    1|   ap_memory|                                     bufC_106|         array|
|bufC_106_we1       |  out|    1|   ap_memory|                                     bufC_106|         array|
|bufC_106_d1        |  out|   32|   ap_memory|                                     bufC_106|         array|
|bufC_105_address0  |  out|    4|   ap_memory|                                     bufC_105|         array|
|bufC_105_ce0       |  out|    1|   ap_memory|                                     bufC_105|         array|
|bufC_105_we0       |  out|    1|   ap_memory|                                     bufC_105|         array|
|bufC_105_d0        |  out|   32|   ap_memory|                                     bufC_105|         array|
|bufC_105_address1  |  out|    4|   ap_memory|                                     bufC_105|         array|
|bufC_105_ce1       |  out|    1|   ap_memory|                                     bufC_105|         array|
|bufC_105_we1       |  out|    1|   ap_memory|                                     bufC_105|         array|
|bufC_105_d1        |  out|   32|   ap_memory|                                     bufC_105|         array|
|bufC_104_address0  |  out|    4|   ap_memory|                                     bufC_104|         array|
|bufC_104_ce0       |  out|    1|   ap_memory|                                     bufC_104|         array|
|bufC_104_we0       |  out|    1|   ap_memory|                                     bufC_104|         array|
|bufC_104_d0        |  out|   32|   ap_memory|                                     bufC_104|         array|
|bufC_104_address1  |  out|    4|   ap_memory|                                     bufC_104|         array|
|bufC_104_ce1       |  out|    1|   ap_memory|                                     bufC_104|         array|
|bufC_104_we1       |  out|    1|   ap_memory|                                     bufC_104|         array|
|bufC_104_d1        |  out|   32|   ap_memory|                                     bufC_104|         array|
|bufC_103_address0  |  out|    4|   ap_memory|                                     bufC_103|         array|
|bufC_103_ce0       |  out|    1|   ap_memory|                                     bufC_103|         array|
|bufC_103_we0       |  out|    1|   ap_memory|                                     bufC_103|         array|
|bufC_103_d0        |  out|   32|   ap_memory|                                     bufC_103|         array|
|bufC_103_address1  |  out|    4|   ap_memory|                                     bufC_103|         array|
|bufC_103_ce1       |  out|    1|   ap_memory|                                     bufC_103|         array|
|bufC_103_we1       |  out|    1|   ap_memory|                                     bufC_103|         array|
|bufC_103_d1        |  out|   32|   ap_memory|                                     bufC_103|         array|
|bufC_102_address0  |  out|    4|   ap_memory|                                     bufC_102|         array|
|bufC_102_ce0       |  out|    1|   ap_memory|                                     bufC_102|         array|
|bufC_102_we0       |  out|    1|   ap_memory|                                     bufC_102|         array|
|bufC_102_d0        |  out|   32|   ap_memory|                                     bufC_102|         array|
|bufC_102_address1  |  out|    4|   ap_memory|                                     bufC_102|         array|
|bufC_102_ce1       |  out|    1|   ap_memory|                                     bufC_102|         array|
|bufC_102_we1       |  out|    1|   ap_memory|                                     bufC_102|         array|
|bufC_102_d1        |  out|   32|   ap_memory|                                     bufC_102|         array|
|bufC_101_address0  |  out|    4|   ap_memory|                                     bufC_101|         array|
|bufC_101_ce0       |  out|    1|   ap_memory|                                     bufC_101|         array|
|bufC_101_we0       |  out|    1|   ap_memory|                                     bufC_101|         array|
|bufC_101_d0        |  out|   32|   ap_memory|                                     bufC_101|         array|
|bufC_101_address1  |  out|    4|   ap_memory|                                     bufC_101|         array|
|bufC_101_ce1       |  out|    1|   ap_memory|                                     bufC_101|         array|
|bufC_101_we1       |  out|    1|   ap_memory|                                     bufC_101|         array|
|bufC_101_d1        |  out|   32|   ap_memory|                                     bufC_101|         array|
|bufC_100_address0  |  out|    4|   ap_memory|                                     bufC_100|         array|
|bufC_100_ce0       |  out|    1|   ap_memory|                                     bufC_100|         array|
|bufC_100_we0       |  out|    1|   ap_memory|                                     bufC_100|         array|
|bufC_100_d0        |  out|   32|   ap_memory|                                     bufC_100|         array|
|bufC_100_address1  |  out|    4|   ap_memory|                                     bufC_100|         array|
|bufC_100_ce1       |  out|    1|   ap_memory|                                     bufC_100|         array|
|bufC_100_we1       |  out|    1|   ap_memory|                                     bufC_100|         array|
|bufC_100_d1        |  out|   32|   ap_memory|                                     bufC_100|         array|
|bufC_99_address0   |  out|    4|   ap_memory|                                      bufC_99|         array|
|bufC_99_ce0        |  out|    1|   ap_memory|                                      bufC_99|         array|
|bufC_99_we0        |  out|    1|   ap_memory|                                      bufC_99|         array|
|bufC_99_d0         |  out|   32|   ap_memory|                                      bufC_99|         array|
|bufC_99_address1   |  out|    4|   ap_memory|                                      bufC_99|         array|
|bufC_99_ce1        |  out|    1|   ap_memory|                                      bufC_99|         array|
|bufC_99_we1        |  out|    1|   ap_memory|                                      bufC_99|         array|
|bufC_99_d1         |  out|   32|   ap_memory|                                      bufC_99|         array|
|bufC_98_address0   |  out|    4|   ap_memory|                                      bufC_98|         array|
|bufC_98_ce0        |  out|    1|   ap_memory|                                      bufC_98|         array|
|bufC_98_we0        |  out|    1|   ap_memory|                                      bufC_98|         array|
|bufC_98_d0         |  out|   32|   ap_memory|                                      bufC_98|         array|
|bufC_98_address1   |  out|    4|   ap_memory|                                      bufC_98|         array|
|bufC_98_ce1        |  out|    1|   ap_memory|                                      bufC_98|         array|
|bufC_98_we1        |  out|    1|   ap_memory|                                      bufC_98|         array|
|bufC_98_d1         |  out|   32|   ap_memory|                                      bufC_98|         array|
|bufC_97_address0   |  out|    4|   ap_memory|                                      bufC_97|         array|
|bufC_97_ce0        |  out|    1|   ap_memory|                                      bufC_97|         array|
|bufC_97_we0        |  out|    1|   ap_memory|                                      bufC_97|         array|
|bufC_97_d0         |  out|   32|   ap_memory|                                      bufC_97|         array|
|bufC_97_address1   |  out|    4|   ap_memory|                                      bufC_97|         array|
|bufC_97_ce1        |  out|    1|   ap_memory|                                      bufC_97|         array|
|bufC_97_we1        |  out|    1|   ap_memory|                                      bufC_97|         array|
|bufC_97_d1         |  out|   32|   ap_memory|                                      bufC_97|         array|
|bufC_96_address0   |  out|    4|   ap_memory|                                      bufC_96|         array|
|bufC_96_ce0        |  out|    1|   ap_memory|                                      bufC_96|         array|
|bufC_96_we0        |  out|    1|   ap_memory|                                      bufC_96|         array|
|bufC_96_d0         |  out|   32|   ap_memory|                                      bufC_96|         array|
|bufC_96_address1   |  out|    4|   ap_memory|                                      bufC_96|         array|
|bufC_96_ce1        |  out|    1|   ap_memory|                                      bufC_96|         array|
|bufC_96_we1        |  out|    1|   ap_memory|                                      bufC_96|         array|
|bufC_96_d1         |  out|   32|   ap_memory|                                      bufC_96|         array|
|bufC_95_address0   |  out|    4|   ap_memory|                                      bufC_95|         array|
|bufC_95_ce0        |  out|    1|   ap_memory|                                      bufC_95|         array|
|bufC_95_we0        |  out|    1|   ap_memory|                                      bufC_95|         array|
|bufC_95_d0         |  out|   32|   ap_memory|                                      bufC_95|         array|
|bufC_95_address1   |  out|    4|   ap_memory|                                      bufC_95|         array|
|bufC_95_ce1        |  out|    1|   ap_memory|                                      bufC_95|         array|
|bufC_95_we1        |  out|    1|   ap_memory|                                      bufC_95|         array|
|bufC_95_d1         |  out|   32|   ap_memory|                                      bufC_95|         array|
|bufC_94_address0   |  out|    4|   ap_memory|                                      bufC_94|         array|
|bufC_94_ce0        |  out|    1|   ap_memory|                                      bufC_94|         array|
|bufC_94_we0        |  out|    1|   ap_memory|                                      bufC_94|         array|
|bufC_94_d0         |  out|   32|   ap_memory|                                      bufC_94|         array|
|bufC_94_address1   |  out|    4|   ap_memory|                                      bufC_94|         array|
|bufC_94_ce1        |  out|    1|   ap_memory|                                      bufC_94|         array|
|bufC_94_we1        |  out|    1|   ap_memory|                                      bufC_94|         array|
|bufC_94_d1         |  out|   32|   ap_memory|                                      bufC_94|         array|
|bufC_93_address0   |  out|    4|   ap_memory|                                      bufC_93|         array|
|bufC_93_ce0        |  out|    1|   ap_memory|                                      bufC_93|         array|
|bufC_93_we0        |  out|    1|   ap_memory|                                      bufC_93|         array|
|bufC_93_d0         |  out|   32|   ap_memory|                                      bufC_93|         array|
|bufC_93_address1   |  out|    4|   ap_memory|                                      bufC_93|         array|
|bufC_93_ce1        |  out|    1|   ap_memory|                                      bufC_93|         array|
|bufC_93_we1        |  out|    1|   ap_memory|                                      bufC_93|         array|
|bufC_93_d1         |  out|   32|   ap_memory|                                      bufC_93|         array|
|bufC_92_address0   |  out|    4|   ap_memory|                                      bufC_92|         array|
|bufC_92_ce0        |  out|    1|   ap_memory|                                      bufC_92|         array|
|bufC_92_we0        |  out|    1|   ap_memory|                                      bufC_92|         array|
|bufC_92_d0         |  out|   32|   ap_memory|                                      bufC_92|         array|
|bufC_92_address1   |  out|    4|   ap_memory|                                      bufC_92|         array|
|bufC_92_ce1        |  out|    1|   ap_memory|                                      bufC_92|         array|
|bufC_92_we1        |  out|    1|   ap_memory|                                      bufC_92|         array|
|bufC_92_d1         |  out|   32|   ap_memory|                                      bufC_92|         array|
|bufC_91_address0   |  out|    4|   ap_memory|                                      bufC_91|         array|
|bufC_91_ce0        |  out|    1|   ap_memory|                                      bufC_91|         array|
|bufC_91_we0        |  out|    1|   ap_memory|                                      bufC_91|         array|
|bufC_91_d0         |  out|   32|   ap_memory|                                      bufC_91|         array|
|bufC_91_address1   |  out|    4|   ap_memory|                                      bufC_91|         array|
|bufC_91_ce1        |  out|    1|   ap_memory|                                      bufC_91|         array|
|bufC_91_we1        |  out|    1|   ap_memory|                                      bufC_91|         array|
|bufC_91_d1         |  out|   32|   ap_memory|                                      bufC_91|         array|
|bufC_90_address0   |  out|    4|   ap_memory|                                      bufC_90|         array|
|bufC_90_ce0        |  out|    1|   ap_memory|                                      bufC_90|         array|
|bufC_90_we0        |  out|    1|   ap_memory|                                      bufC_90|         array|
|bufC_90_d0         |  out|   32|   ap_memory|                                      bufC_90|         array|
|bufC_90_address1   |  out|    4|   ap_memory|                                      bufC_90|         array|
|bufC_90_ce1        |  out|    1|   ap_memory|                                      bufC_90|         array|
|bufC_90_we1        |  out|    1|   ap_memory|                                      bufC_90|         array|
|bufC_90_d1         |  out|   32|   ap_memory|                                      bufC_90|         array|
|bufC_89_address0   |  out|    4|   ap_memory|                                      bufC_89|         array|
|bufC_89_ce0        |  out|    1|   ap_memory|                                      bufC_89|         array|
|bufC_89_we0        |  out|    1|   ap_memory|                                      bufC_89|         array|
|bufC_89_d0         |  out|   32|   ap_memory|                                      bufC_89|         array|
|bufC_89_address1   |  out|    4|   ap_memory|                                      bufC_89|         array|
|bufC_89_ce1        |  out|    1|   ap_memory|                                      bufC_89|         array|
|bufC_89_we1        |  out|    1|   ap_memory|                                      bufC_89|         array|
|bufC_89_d1         |  out|   32|   ap_memory|                                      bufC_89|         array|
|bufC_88_address0   |  out|    4|   ap_memory|                                      bufC_88|         array|
|bufC_88_ce0        |  out|    1|   ap_memory|                                      bufC_88|         array|
|bufC_88_we0        |  out|    1|   ap_memory|                                      bufC_88|         array|
|bufC_88_d0         |  out|   32|   ap_memory|                                      bufC_88|         array|
|bufC_88_address1   |  out|    4|   ap_memory|                                      bufC_88|         array|
|bufC_88_ce1        |  out|    1|   ap_memory|                                      bufC_88|         array|
|bufC_88_we1        |  out|    1|   ap_memory|                                      bufC_88|         array|
|bufC_88_d1         |  out|   32|   ap_memory|                                      bufC_88|         array|
|bufC_87_address0   |  out|    4|   ap_memory|                                      bufC_87|         array|
|bufC_87_ce0        |  out|    1|   ap_memory|                                      bufC_87|         array|
|bufC_87_we0        |  out|    1|   ap_memory|                                      bufC_87|         array|
|bufC_87_d0         |  out|   32|   ap_memory|                                      bufC_87|         array|
|bufC_87_address1   |  out|    4|   ap_memory|                                      bufC_87|         array|
|bufC_87_ce1        |  out|    1|   ap_memory|                                      bufC_87|         array|
|bufC_87_we1        |  out|    1|   ap_memory|                                      bufC_87|         array|
|bufC_87_d1         |  out|   32|   ap_memory|                                      bufC_87|         array|
|bufC_86_address0   |  out|    4|   ap_memory|                                      bufC_86|         array|
|bufC_86_ce0        |  out|    1|   ap_memory|                                      bufC_86|         array|
|bufC_86_we0        |  out|    1|   ap_memory|                                      bufC_86|         array|
|bufC_86_d0         |  out|   32|   ap_memory|                                      bufC_86|         array|
|bufC_86_address1   |  out|    4|   ap_memory|                                      bufC_86|         array|
|bufC_86_ce1        |  out|    1|   ap_memory|                                      bufC_86|         array|
|bufC_86_we1        |  out|    1|   ap_memory|                                      bufC_86|         array|
|bufC_86_d1         |  out|   32|   ap_memory|                                      bufC_86|         array|
|bufC_85_address0   |  out|    4|   ap_memory|                                      bufC_85|         array|
|bufC_85_ce0        |  out|    1|   ap_memory|                                      bufC_85|         array|
|bufC_85_we0        |  out|    1|   ap_memory|                                      bufC_85|         array|
|bufC_85_d0         |  out|   32|   ap_memory|                                      bufC_85|         array|
|bufC_85_address1   |  out|    4|   ap_memory|                                      bufC_85|         array|
|bufC_85_ce1        |  out|    1|   ap_memory|                                      bufC_85|         array|
|bufC_85_we1        |  out|    1|   ap_memory|                                      bufC_85|         array|
|bufC_85_d1         |  out|   32|   ap_memory|                                      bufC_85|         array|
|bufC_84_address0   |  out|    4|   ap_memory|                                      bufC_84|         array|
|bufC_84_ce0        |  out|    1|   ap_memory|                                      bufC_84|         array|
|bufC_84_we0        |  out|    1|   ap_memory|                                      bufC_84|         array|
|bufC_84_d0         |  out|   32|   ap_memory|                                      bufC_84|         array|
|bufC_84_address1   |  out|    4|   ap_memory|                                      bufC_84|         array|
|bufC_84_ce1        |  out|    1|   ap_memory|                                      bufC_84|         array|
|bufC_84_we1        |  out|    1|   ap_memory|                                      bufC_84|         array|
|bufC_84_d1         |  out|   32|   ap_memory|                                      bufC_84|         array|
|bufC_83_address0   |  out|    4|   ap_memory|                                      bufC_83|         array|
|bufC_83_ce0        |  out|    1|   ap_memory|                                      bufC_83|         array|
|bufC_83_we0        |  out|    1|   ap_memory|                                      bufC_83|         array|
|bufC_83_d0         |  out|   32|   ap_memory|                                      bufC_83|         array|
|bufC_83_address1   |  out|    4|   ap_memory|                                      bufC_83|         array|
|bufC_83_ce1        |  out|    1|   ap_memory|                                      bufC_83|         array|
|bufC_83_we1        |  out|    1|   ap_memory|                                      bufC_83|         array|
|bufC_83_d1         |  out|   32|   ap_memory|                                      bufC_83|         array|
|bufC_82_address0   |  out|    4|   ap_memory|                                      bufC_82|         array|
|bufC_82_ce0        |  out|    1|   ap_memory|                                      bufC_82|         array|
|bufC_82_we0        |  out|    1|   ap_memory|                                      bufC_82|         array|
|bufC_82_d0         |  out|   32|   ap_memory|                                      bufC_82|         array|
|bufC_82_address1   |  out|    4|   ap_memory|                                      bufC_82|         array|
|bufC_82_ce1        |  out|    1|   ap_memory|                                      bufC_82|         array|
|bufC_82_we1        |  out|    1|   ap_memory|                                      bufC_82|         array|
|bufC_82_d1         |  out|   32|   ap_memory|                                      bufC_82|         array|
|bufC_81_address0   |  out|    4|   ap_memory|                                      bufC_81|         array|
|bufC_81_ce0        |  out|    1|   ap_memory|                                      bufC_81|         array|
|bufC_81_we0        |  out|    1|   ap_memory|                                      bufC_81|         array|
|bufC_81_d0         |  out|   32|   ap_memory|                                      bufC_81|         array|
|bufC_81_address1   |  out|    4|   ap_memory|                                      bufC_81|         array|
|bufC_81_ce1        |  out|    1|   ap_memory|                                      bufC_81|         array|
|bufC_81_we1        |  out|    1|   ap_memory|                                      bufC_81|         array|
|bufC_81_d1         |  out|   32|   ap_memory|                                      bufC_81|         array|
|bufC_80_address0   |  out|    4|   ap_memory|                                      bufC_80|         array|
|bufC_80_ce0        |  out|    1|   ap_memory|                                      bufC_80|         array|
|bufC_80_we0        |  out|    1|   ap_memory|                                      bufC_80|         array|
|bufC_80_d0         |  out|   32|   ap_memory|                                      bufC_80|         array|
|bufC_80_address1   |  out|    4|   ap_memory|                                      bufC_80|         array|
|bufC_80_ce1        |  out|    1|   ap_memory|                                      bufC_80|         array|
|bufC_80_we1        |  out|    1|   ap_memory|                                      bufC_80|         array|
|bufC_80_d1         |  out|   32|   ap_memory|                                      bufC_80|         array|
|bufC_79_address0   |  out|    4|   ap_memory|                                      bufC_79|         array|
|bufC_79_ce0        |  out|    1|   ap_memory|                                      bufC_79|         array|
|bufC_79_we0        |  out|    1|   ap_memory|                                      bufC_79|         array|
|bufC_79_d0         |  out|   32|   ap_memory|                                      bufC_79|         array|
|bufC_79_address1   |  out|    4|   ap_memory|                                      bufC_79|         array|
|bufC_79_ce1        |  out|    1|   ap_memory|                                      bufC_79|         array|
|bufC_79_we1        |  out|    1|   ap_memory|                                      bufC_79|         array|
|bufC_79_d1         |  out|   32|   ap_memory|                                      bufC_79|         array|
|bufC_78_address0   |  out|    4|   ap_memory|                                      bufC_78|         array|
|bufC_78_ce0        |  out|    1|   ap_memory|                                      bufC_78|         array|
|bufC_78_we0        |  out|    1|   ap_memory|                                      bufC_78|         array|
|bufC_78_d0         |  out|   32|   ap_memory|                                      bufC_78|         array|
|bufC_78_address1   |  out|    4|   ap_memory|                                      bufC_78|         array|
|bufC_78_ce1        |  out|    1|   ap_memory|                                      bufC_78|         array|
|bufC_78_we1        |  out|    1|   ap_memory|                                      bufC_78|         array|
|bufC_78_d1         |  out|   32|   ap_memory|                                      bufC_78|         array|
|bufC_77_address0   |  out|    4|   ap_memory|                                      bufC_77|         array|
|bufC_77_ce0        |  out|    1|   ap_memory|                                      bufC_77|         array|
|bufC_77_we0        |  out|    1|   ap_memory|                                      bufC_77|         array|
|bufC_77_d0         |  out|   32|   ap_memory|                                      bufC_77|         array|
|bufC_77_address1   |  out|    4|   ap_memory|                                      bufC_77|         array|
|bufC_77_ce1        |  out|    1|   ap_memory|                                      bufC_77|         array|
|bufC_77_we1        |  out|    1|   ap_memory|                                      bufC_77|         array|
|bufC_77_d1         |  out|   32|   ap_memory|                                      bufC_77|         array|
|bufC_76_address0   |  out|    4|   ap_memory|                                      bufC_76|         array|
|bufC_76_ce0        |  out|    1|   ap_memory|                                      bufC_76|         array|
|bufC_76_we0        |  out|    1|   ap_memory|                                      bufC_76|         array|
|bufC_76_d0         |  out|   32|   ap_memory|                                      bufC_76|         array|
|bufC_76_address1   |  out|    4|   ap_memory|                                      bufC_76|         array|
|bufC_76_ce1        |  out|    1|   ap_memory|                                      bufC_76|         array|
|bufC_76_we1        |  out|    1|   ap_memory|                                      bufC_76|         array|
|bufC_76_d1         |  out|   32|   ap_memory|                                      bufC_76|         array|
|bufC_75_address0   |  out|    4|   ap_memory|                                      bufC_75|         array|
|bufC_75_ce0        |  out|    1|   ap_memory|                                      bufC_75|         array|
|bufC_75_we0        |  out|    1|   ap_memory|                                      bufC_75|         array|
|bufC_75_d0         |  out|   32|   ap_memory|                                      bufC_75|         array|
|bufC_75_address1   |  out|    4|   ap_memory|                                      bufC_75|         array|
|bufC_75_ce1        |  out|    1|   ap_memory|                                      bufC_75|         array|
|bufC_75_we1        |  out|    1|   ap_memory|                                      bufC_75|         array|
|bufC_75_d1         |  out|   32|   ap_memory|                                      bufC_75|         array|
|bufC_74_address0   |  out|    4|   ap_memory|                                      bufC_74|         array|
|bufC_74_ce0        |  out|    1|   ap_memory|                                      bufC_74|         array|
|bufC_74_we0        |  out|    1|   ap_memory|                                      bufC_74|         array|
|bufC_74_d0         |  out|   32|   ap_memory|                                      bufC_74|         array|
|bufC_74_address1   |  out|    4|   ap_memory|                                      bufC_74|         array|
|bufC_74_ce1        |  out|    1|   ap_memory|                                      bufC_74|         array|
|bufC_74_we1        |  out|    1|   ap_memory|                                      bufC_74|         array|
|bufC_74_d1         |  out|   32|   ap_memory|                                      bufC_74|         array|
|bufC_73_address0   |  out|    4|   ap_memory|                                      bufC_73|         array|
|bufC_73_ce0        |  out|    1|   ap_memory|                                      bufC_73|         array|
|bufC_73_we0        |  out|    1|   ap_memory|                                      bufC_73|         array|
|bufC_73_d0         |  out|   32|   ap_memory|                                      bufC_73|         array|
|bufC_73_address1   |  out|    4|   ap_memory|                                      bufC_73|         array|
|bufC_73_ce1        |  out|    1|   ap_memory|                                      bufC_73|         array|
|bufC_73_we1        |  out|    1|   ap_memory|                                      bufC_73|         array|
|bufC_73_d1         |  out|   32|   ap_memory|                                      bufC_73|         array|
|bufC_72_address0   |  out|    4|   ap_memory|                                      bufC_72|         array|
|bufC_72_ce0        |  out|    1|   ap_memory|                                      bufC_72|         array|
|bufC_72_we0        |  out|    1|   ap_memory|                                      bufC_72|         array|
|bufC_72_d0         |  out|   32|   ap_memory|                                      bufC_72|         array|
|bufC_72_address1   |  out|    4|   ap_memory|                                      bufC_72|         array|
|bufC_72_ce1        |  out|    1|   ap_memory|                                      bufC_72|         array|
|bufC_72_we1        |  out|    1|   ap_memory|                                      bufC_72|         array|
|bufC_72_d1         |  out|   32|   ap_memory|                                      bufC_72|         array|
|bufC_71_address0   |  out|    4|   ap_memory|                                      bufC_71|         array|
|bufC_71_ce0        |  out|    1|   ap_memory|                                      bufC_71|         array|
|bufC_71_we0        |  out|    1|   ap_memory|                                      bufC_71|         array|
|bufC_71_d0         |  out|   32|   ap_memory|                                      bufC_71|         array|
|bufC_71_address1   |  out|    4|   ap_memory|                                      bufC_71|         array|
|bufC_71_ce1        |  out|    1|   ap_memory|                                      bufC_71|         array|
|bufC_71_we1        |  out|    1|   ap_memory|                                      bufC_71|         array|
|bufC_71_d1         |  out|   32|   ap_memory|                                      bufC_71|         array|
|bufC_70_address0   |  out|    4|   ap_memory|                                      bufC_70|         array|
|bufC_70_ce0        |  out|    1|   ap_memory|                                      bufC_70|         array|
|bufC_70_we0        |  out|    1|   ap_memory|                                      bufC_70|         array|
|bufC_70_d0         |  out|   32|   ap_memory|                                      bufC_70|         array|
|bufC_70_address1   |  out|    4|   ap_memory|                                      bufC_70|         array|
|bufC_70_ce1        |  out|    1|   ap_memory|                                      bufC_70|         array|
|bufC_70_we1        |  out|    1|   ap_memory|                                      bufC_70|         array|
|bufC_70_d1         |  out|   32|   ap_memory|                                      bufC_70|         array|
|bufC_69_address0   |  out|    4|   ap_memory|                                      bufC_69|         array|
|bufC_69_ce0        |  out|    1|   ap_memory|                                      bufC_69|         array|
|bufC_69_we0        |  out|    1|   ap_memory|                                      bufC_69|         array|
|bufC_69_d0         |  out|   32|   ap_memory|                                      bufC_69|         array|
|bufC_69_address1   |  out|    4|   ap_memory|                                      bufC_69|         array|
|bufC_69_ce1        |  out|    1|   ap_memory|                                      bufC_69|         array|
|bufC_69_we1        |  out|    1|   ap_memory|                                      bufC_69|         array|
|bufC_69_d1         |  out|   32|   ap_memory|                                      bufC_69|         array|
|bufC_68_address0   |  out|    4|   ap_memory|                                      bufC_68|         array|
|bufC_68_ce0        |  out|    1|   ap_memory|                                      bufC_68|         array|
|bufC_68_we0        |  out|    1|   ap_memory|                                      bufC_68|         array|
|bufC_68_d0         |  out|   32|   ap_memory|                                      bufC_68|         array|
|bufC_68_address1   |  out|    4|   ap_memory|                                      bufC_68|         array|
|bufC_68_ce1        |  out|    1|   ap_memory|                                      bufC_68|         array|
|bufC_68_we1        |  out|    1|   ap_memory|                                      bufC_68|         array|
|bufC_68_d1         |  out|   32|   ap_memory|                                      bufC_68|         array|
|bufC_67_address0   |  out|    4|   ap_memory|                                      bufC_67|         array|
|bufC_67_ce0        |  out|    1|   ap_memory|                                      bufC_67|         array|
|bufC_67_we0        |  out|    1|   ap_memory|                                      bufC_67|         array|
|bufC_67_d0         |  out|   32|   ap_memory|                                      bufC_67|         array|
|bufC_67_address1   |  out|    4|   ap_memory|                                      bufC_67|         array|
|bufC_67_ce1        |  out|    1|   ap_memory|                                      bufC_67|         array|
|bufC_67_we1        |  out|    1|   ap_memory|                                      bufC_67|         array|
|bufC_67_d1         |  out|   32|   ap_memory|                                      bufC_67|         array|
|bufC_66_address0   |  out|    4|   ap_memory|                                      bufC_66|         array|
|bufC_66_ce0        |  out|    1|   ap_memory|                                      bufC_66|         array|
|bufC_66_we0        |  out|    1|   ap_memory|                                      bufC_66|         array|
|bufC_66_d0         |  out|   32|   ap_memory|                                      bufC_66|         array|
|bufC_66_address1   |  out|    4|   ap_memory|                                      bufC_66|         array|
|bufC_66_ce1        |  out|    1|   ap_memory|                                      bufC_66|         array|
|bufC_66_we1        |  out|    1|   ap_memory|                                      bufC_66|         array|
|bufC_66_d1         |  out|   32|   ap_memory|                                      bufC_66|         array|
|bufC_65_address0   |  out|    4|   ap_memory|                                      bufC_65|         array|
|bufC_65_ce0        |  out|    1|   ap_memory|                                      bufC_65|         array|
|bufC_65_we0        |  out|    1|   ap_memory|                                      bufC_65|         array|
|bufC_65_d0         |  out|   32|   ap_memory|                                      bufC_65|         array|
|bufC_65_address1   |  out|    4|   ap_memory|                                      bufC_65|         array|
|bufC_65_ce1        |  out|    1|   ap_memory|                                      bufC_65|         array|
|bufC_65_we1        |  out|    1|   ap_memory|                                      bufC_65|         array|
|bufC_65_d1         |  out|   32|   ap_memory|                                      bufC_65|         array|
|bufC_64_address0   |  out|    4|   ap_memory|                                      bufC_64|         array|
|bufC_64_ce0        |  out|    1|   ap_memory|                                      bufC_64|         array|
|bufC_64_we0        |  out|    1|   ap_memory|                                      bufC_64|         array|
|bufC_64_d0         |  out|   32|   ap_memory|                                      bufC_64|         array|
|bufC_64_address1   |  out|    4|   ap_memory|                                      bufC_64|         array|
|bufC_64_ce1        |  out|    1|   ap_memory|                                      bufC_64|         array|
|bufC_64_we1        |  out|    1|   ap_memory|                                      bufC_64|         array|
|bufC_64_d1         |  out|   32|   ap_memory|                                      bufC_64|         array|
|bufC_address0      |  out|    4|   ap_memory|                                         bufC|         array|
|bufC_ce0           |  out|    1|   ap_memory|                                         bufC|         array|
|bufC_we0           |  out|    1|   ap_memory|                                         bufC|         array|
|bufC_d0            |  out|   32|   ap_memory|                                         bufC|         array|
|bufC_address1      |  out|    4|   ap_memory|                                         bufC|         array|
|bufC_ce1           |  out|    1|   ap_memory|                                         bufC|         array|
|bufC_we1           |  out|    1|   ap_memory|                                         bufC|         array|
|bufC_d1            |  out|   32|   ap_memory|                                         bufC|         array|
+-------------------+-----+-----+------------+---------------------------------------------+--------------+

