

================================================================
== Vitis HLS Report for 'qwen_linear_layer_Pipeline_VITIS_LOOP_250_3'
================================================================
* Date:           Sun Mar  8 06:28:09 2026

* Version:        2025.2 (Build 6295257 on Nov 12 2025)
* Project:        hls_component
* Solution:       hls (Vivado IP Flow Target)
* Product family: zynquplus
* Target device:  xczu9eg-ffvb1156-2-e


================================================================
== Performance Estimates
================================================================
+ Timing: 
    * Summary: 
    +--------+----------+----------+------------+
    |  Clock |  Target  | Estimated| Uncertainty|
    +--------+----------+----------+------------+
    |ap_clk  |  10.00 ns|  1.635 ns|     2.70 ns|
    +--------+----------+----------+------------+

+ Latency: 
    * Summary: 
    +---------+---------+----------+----------+-----+-----+-------------------+
    |  Latency (cycles) |  Latency (absolute) |  Interval |      Pipeline     |
    |   min   |   max   |    min   |    max   | min | max |        Type       |
    +---------+---------+----------+----------+-----+-----+-------------------+
    |       10|       10|  0.100 us|  0.100 us|    0|    0|  loop pipeline stp|
    +---------+---------+----------+----------+-----+-----+-------------------+

    + Detail: 
        * Instance: 
        N/A

        * Loop: 
        +--------------------+---------+---------+----------+-----------+-----------+------+----------+
        |                    |  Latency (cycles) | Iteration|  Initiation Interval  | Trip |          |
        |      Loop Name     |   min   |   max   |  Latency |  achieved |   target  | Count| Pipelined|
        +--------------------+---------+---------+----------+-----------+-----------+------+----------+
        |- VITIS_LOOP_250_3  |        8|        8|         1|          1|          1|     8|       yes|
        +--------------------+---------+---------+----------+-----------+-----------+------+----------+

============================================================
+ Verbose Summary: Synthesis Manager
============================================================
InlineROM: 1
ExposeGlobal: 0
============================================================
+ Verbose Summary: CDFG Model
============================================================
IsTopModel: 0
ResetActiveHigh: 1
IsCombinational: 0
IsDatapathOnly: 0
HasWiredReturn: 1
HasMFsm: 2
HasVarLatency: 1
IsPipeline: 0
IsRtlPipelined: 0
IsInstanceOverlapped: 0
IsDontTouch: 0
HasImplIP: 0
IsGatedGlobalClock: 0

+ Individual pipeline summary: 
  * Pipeline-0: initiation interval (II) = 1, depth = 1


============================================================
+ Verbose Summary: Schedule
============================================================
* Number of FSM states : 1
* Pipeline : 1
  Pipeline-0 : II = 1, D = 1, States = { 1 }
* Dataflow Pipeline: 0

* FSM state transitions: 
1 --> 

* FSM state operations: 

State 1 <SV = 0> <Delay = 1.63>
ST_1 : Operation 4 [1/1] (0.00ns)   --->   "%r = alloca i32 1" [hello.cpp:250]   --->   Operation 4 'alloca' 'r' <Predicate = true> <Delay = 0.00>
ST_1 : Operation 5 [1/1] (0.42ns)   --->   "%store_ln250 = store i6 0, i6 %r" [hello.cpp:250]   --->   Operation 5 'store' 'store_ln250' <Predicate = true> <Delay = 0.42>
ST_1 : Operation 6 [1/1] (0.00ns)   --->   "%br_ln0 = br void %VITIS_LOOP_252_4"   --->   Operation 6 'br' 'br_ln0' <Predicate = true> <Delay = 0.00>
ST_1 : Operation 7 [1/1] (0.00ns)   --->   "%r_3 = load i6 %r" [hello.cpp:250]   --->   Operation 7 'load' 'r_3' <Predicate = true> <Delay = 0.00>
ST_1 : Operation 8 [1/1] (0.00ns)   --->   "%tmp = bitselect i1 @_ssdm_op_BitSelect.i1.i6.i32, i6 %r_3, i32 5" [hello.cpp:250]   --->   Operation 8 'bitselect' 'tmp' <Predicate = true> <Delay = 0.00>
ST_1 : Operation 9 [1/1] (0.00ns)   --->   "%br_ln250 = br i1 %tmp, void %VITIS_LOOP_252_4.split, void %VITIS_LOOP_255_5.exitStub" [hello.cpp:250]   --->   Operation 9 'br' 'br_ln250' <Predicate = true> <Delay = 0.00>
ST_1 : Operation 10 [1/1] (0.00ns)   --->   "%specpipeline_ln250 = specpipeline void @_ssdm_op_SpecPipeline, i32 4294967295, i32 0, i32 0, i32 0, i32 4294967295, void @empty_0" [hello.cpp:250]   --->   Operation 10 'specpipeline' 'specpipeline_ln250' <Predicate = (!tmp)> <Delay = 0.00>
ST_1 : Operation 11 [1/1] (0.00ns)   --->   "%speclooptripcount_ln250 = speclooptripcount void @_ssdm_op_SpecLoopTripCount, i64 8, i64 8, i64 8" [hello.cpp:250]   --->   Operation 11 'speclooptripcount' 'speclooptripcount_ln250' <Predicate = (!tmp)> <Delay = 0.00>
ST_1 : Operation 12 [1/1] (0.00ns)   --->   "%specloopname_ln250 = specloopname void @_ssdm_op_SpecLoopName, void @empty_14" [hello.cpp:250]   --->   Operation 12 'specloopname' 'specloopname_ln250' <Predicate = (!tmp)> <Delay = 0.00>
ST_1 : Operation 13 [1/1] (0.00ns)   --->   "%lshr_ln = partselect i4 @_ssdm_op_PartSelect.i4.i6.i32.i32, i6 %r_3, i32 1, i32 4" [hello.cpp:250]   --->   Operation 13 'partselect' 'lshr_ln' <Predicate = (!tmp)> <Delay = 0.00>
ST_1 : Operation 14 [1/1] (0.00ns)   --->   "%zext_ln250 = zext i4 %lshr_ln" [hello.cpp:250]   --->   Operation 14 'zext' 'zext_ln250' <Predicate = (!tmp)> <Delay = 0.00>
ST_1 : Operation 15 [1/1] (0.00ns)   --->   "%bufC_addr = getelementptr i32 %bufC, i64 0, i64 %zext_ln250" [hello.cpp:252]   --->   Operation 15 'getelementptr' 'bufC_addr' <Predicate = (!tmp)> <Delay = 0.00>
ST_1 : Operation 16 [1/1] (0.00ns)   --->   "%bufC_64_addr = getelementptr i32 %bufC_64, i64 0, i64 %zext_ln250" [hello.cpp:252]   --->   Operation 16 'getelementptr' 'bufC_64_addr' <Predicate = (!tmp)> <Delay = 0.00>
ST_1 : Operation 17 [1/1] (0.00ns)   --->   "%bufC_65_addr = getelementptr i32 %bufC_65, i64 0, i64 %zext_ln250" [hello.cpp:252]   --->   Operation 17 'getelementptr' 'bufC_65_addr' <Predicate = (!tmp)> <Delay = 0.00>
ST_1 : Operation 18 [1/1] (0.00ns)   --->   "%bufC_66_addr = getelementptr i32 %bufC_66, i64 0, i64 %zext_ln250" [hello.cpp:252]   --->   Operation 18 'getelementptr' 'bufC_66_addr' <Predicate = (!tmp)> <Delay = 0.00>
ST_1 : Operation 19 [1/1] (0.00ns)   --->   "%bufC_67_addr = getelementptr i32 %bufC_67, i64 0, i64 %zext_ln250" [hello.cpp:252]   --->   Operation 19 'getelementptr' 'bufC_67_addr' <Predicate = (!tmp)> <Delay = 0.00>
ST_1 : Operation 20 [1/1] (0.00ns)   --->   "%bufC_68_addr = getelementptr i32 %bufC_68, i64 0, i64 %zext_ln250" [hello.cpp:252]   --->   Operation 20 'getelementptr' 'bufC_68_addr' <Predicate = (!tmp)> <Delay = 0.00>
ST_1 : Operation 21 [1/1] (0.00ns)   --->   "%bufC_69_addr = getelementptr i32 %bufC_69, i64 0, i64 %zext_ln250" [hello.cpp:252]   --->   Operation 21 'getelementptr' 'bufC_69_addr' <Predicate = (!tmp)> <Delay = 0.00>
ST_1 : Operation 22 [1/1] (0.00ns)   --->   "%bufC_70_addr = getelementptr i32 %bufC_70, i64 0, i64 %zext_ln250" [hello.cpp:252]   --->   Operation 22 'getelementptr' 'bufC_70_addr' <Predicate = (!tmp)> <Delay = 0.00>
ST_1 : Operation 23 [1/1] (0.00ns)   --->   "%bufC_71_addr = getelementptr i32 %bufC_71, i64 0, i64 %zext_ln250" [hello.cpp:252]   --->   Operation 23 'getelementptr' 'bufC_71_addr' <Predicate = (!tmp)> <Delay = 0.00>
ST_1 : Operation 24 [1/1] (0.00ns)   --->   "%bufC_72_addr = getelementptr i32 %bufC_72, i64 0, i64 %zext_ln250" [hello.cpp:252]   --->   Operation 24 'getelementptr' 'bufC_72_addr' <Predicate = (!tmp)> <Delay = 0.00>
ST_1 : Operation 25 [1/1] (0.00ns)   --->   "%bufC_73_addr = getelementptr i32 %bufC_73, i64 0, i64 %zext_ln250" [hello.cpp:252]   --->   Operation 25 'getelementptr' 'bufC_73_addr' <Predicate = (!tmp)> <Delay = 0.00>
ST_1 : Operation 26 [1/1] (0.00ns)   --->   "%bufC_74_addr = getelementptr i32 %bufC_74, i64 0, i64 %zext_ln250" [hello.cpp:252]   --->   Operation 26 'getelementptr' 'bufC_74_addr' <Predicate = (!tmp)> <Delay = 0.00>
ST_1 : Operation 27 [1/1] (0.00ns)   --->   "%bufC_75_addr = getelementptr i32 %bufC_75, i64 0, i64 %zext_ln250" [hello.cpp:252]   --->   Operation 27 'getelementptr' 'bufC_75_addr' <Predicate = (!tmp)> <Delay = 0.00>
ST_1 : Operation 28 [1/1] (0.00ns)   --->   "%bufC_76_addr = getelementptr i32 %bufC_76, i64 0, i64 %zext_ln250" [hello.cpp:252]   --->   Operation 28 'getelementptr' 'bufC_76_addr' <Predicate = (!tmp)> <Delay = 0.00>
ST_1 : Operation 29 [1/1] (0.00ns)   --->   "%bufC_77_addr = getelementptr i32 %bufC_77, i64 0, i64 %zext_ln250" [hello.cpp:252]   --->   Operation 29 'getelementptr' 'bufC_77_addr' <Predicate = (!tmp)> <Delay = 0.00>
ST_1 : Operation 30 [1/1] (0.00ns)   --->   "%bufC_78_addr = getelementptr i32 %bufC_78, i64 0, i64 %zext_ln250" [hello.cpp:252]   --->   Operation 30 'getelementptr' 'bufC_78_addr' <Predicate = (!tmp)> <Delay = 0.00>
ST_1 : Operation 31 [1/1] (0.00ns)   --->   "%bufC_79_addr = getelementptr i32 %bufC_79, i64 0, i64 %zext_ln250" [hello.cpp:252]   --->   Operation 31 'getelementptr' 'bufC_79_addr' <Predicate = (!tmp)> <Delay = 0.00>
ST_1 : Operation 32 [1/1] (0.00ns)   --->   "%bufC_80_addr = getelementptr i32 %bufC_80, i64 0, i64 %zext_ln250" [hello.cpp:252]   --->   Operation 32 'getelementptr' 'bufC_80_addr' <Predicate = (!tmp)> <Delay = 0.00>
ST_1 : Operation 33 [1/1] (0.00ns)   --->   "%bufC_81_addr = getelementptr i32 %bufC_81, i64 0, i64 %zext_ln250" [hello.cpp:252]   --->   Operation 33 'getelementptr' 'bufC_81_addr' <Predicate = (!tmp)> <Delay = 0.00>
ST_1 : Operation 34 [1/1] (0.00ns)   --->   "%bufC_82_addr = getelementptr i32 %bufC_82, i64 0, i64 %zext_ln250" [hello.cpp:252]   --->   Operation 34 'getelementptr' 'bufC_82_addr' <Predicate = (!tmp)> <Delay = 0.00>
ST_1 : Operation 35 [1/1] (0.00ns)   --->   "%bufC_83_addr = getelementptr i32 %bufC_83, i64 0, i64 %zext_ln250" [hello.cpp:252]   --->   Operation 35 'getelementptr' 'bufC_83_addr' <Predicate = (!tmp)> <Delay = 0.00>
ST_1 : Operation 36 [1/1] (0.00ns)   --->   "%bufC_84_addr = getelementptr i32 %bufC_84, i64 0, i64 %zext_ln250" [hello.cpp:252]   --->   Operation 36 'getelementptr' 'bufC_84_addr' <Predicate = (!tmp)> <Delay = 0.00>
ST_1 : Operation 37 [1/1] (0.00ns)   --->   "%bufC_85_addr = getelementptr i32 %bufC_85, i64 0, i64 %zext_ln250" [hello.cpp:252]   --->   Operation 37 'getelementptr' 'bufC_85_addr' <Predicate = (!tmp)> <Delay = 0.00>
ST_1 : Operation 38 [1/1] (0.00ns)   --->   "%bufC_86_addr = getelementptr i32 %bufC_86, i64 0, i64 %zext_ln250" [hello.cpp:252]   --->   Operation 38 'getelementptr' 'bufC_86_addr' <Predicate = (!tmp)> <Delay = 0.00>
ST_1 : Operation 39 [1/1] (0.00ns)   --->   "%bufC_87_addr = getelementptr i32 %bufC_87, i64 0, i64 %zext_ln250" [hello.cpp:252]   --->   Operation 39 'getelementptr' 'bufC_87_addr' <Predicate = (!tmp)> <Delay = 0.00>
ST_1 : Operation 40 [1/1] (0.00ns)   --->   "%bufC_88_addr = getelementptr i32 %bufC_88, i64 0, i64 %zext_ln250" [hello.cpp:252]   --->   Operation 40 'getelementptr' 'bufC_88_addr' <Predicate = (!tmp)> <Delay = 0.00>
ST_1 : Operation 41 [1/1] (0.00ns)   --->   "%bufC_89_addr = getelementptr i32 %bufC_89, i64 0, i64 %zext_ln250" [hello.cpp:252]   --->   Operation 41 'getelementptr' 'bufC_89_addr' <Predicate = (!tmp)> <Delay = 0.00>
ST_1 : Operation 42 [1/1] (0.00ns)   --->   "%bufC_90_addr = getelementptr i32 %bufC_90, i64 0, i64 %zext_ln250" [hello.cpp:252]   --->   Operation 42 'getelementptr' 'bufC_90_addr' <Predicate = (!tmp)> <Delay = 0.00>
ST_1 : Operation 43 [1/1] (0.00ns)   --->   "%bufC_91_addr = getelementptr i32 %bufC_91, i64 0, i64 %zext_ln250" [hello.cpp:252]   --->   Operation 43 'getelementptr' 'bufC_91_addr' <Predicate = (!tmp)> <Delay = 0.00>
ST_1 : Operation 44 [1/1] (0.00ns)   --->   "%bufC_92_addr = getelementptr i32 %bufC_92, i64 0, i64 %zext_ln250" [hello.cpp:252]   --->   Operation 44 'getelementptr' 'bufC_92_addr' <Predicate = (!tmp)> <Delay = 0.00>
ST_1 : Operation 45 [1/1] (0.00ns)   --->   "%bufC_93_addr = getelementptr i32 %bufC_93, i64 0, i64 %zext_ln250" [hello.cpp:252]   --->   Operation 45 'getelementptr' 'bufC_93_addr' <Predicate = (!tmp)> <Delay = 0.00>
ST_1 : Operation 46 [1/1] (0.00ns)   --->   "%bufC_94_addr = getelementptr i32 %bufC_94, i64 0, i64 %zext_ln250" [hello.cpp:252]   --->   Operation 46 'getelementptr' 'bufC_94_addr' <Predicate = (!tmp)> <Delay = 0.00>
ST_1 : Operation 47 [1/1] (0.00ns)   --->   "%bufC_95_addr = getelementptr i32 %bufC_95, i64 0, i64 %zext_ln250" [hello.cpp:252]   --->   Operation 47 'getelementptr' 'bufC_95_addr' <Predicate = (!tmp)> <Delay = 0.00>
ST_1 : Operation 48 [1/1] (0.00ns)   --->   "%bufC_96_addr = getelementptr i32 %bufC_96, i64 0, i64 %zext_ln250" [hello.cpp:252]   --->   Operation 48 'getelementptr' 'bufC_96_addr' <Predicate = (!tmp)> <Delay = 0.00>
ST_1 : Operation 49 [1/1] (0.00ns)   --->   "%bufC_97_addr = getelementptr i32 %bufC_97, i64 0, i64 %zext_ln250" [hello.cpp:252]   --->   Operation 49 'getelementptr' 'bufC_97_addr' <Predicate = (!tmp)> <Delay = 0.00>
ST_1 : Operation 50 [1/1] (0.00ns)   --->   "%bufC_98_addr = getelementptr i32 %bufC_98, i64 0, i64 %zext_ln250" [hello.cpp:252]   --->   Operation 50 'getelementptr' 'bufC_98_addr' <Predicate = (!tmp)> <Delay = 0.00>
ST_1 : Operation 51 [1/1] (0.00ns)   --->   "%bufC_99_addr = getelementptr i32 %bufC_99, i64 0, i64 %zext_ln250" [hello.cpp:252]   --->   Operation 51 'getelementptr' 'bufC_99_addr' <Predicate = (!tmp)> <Delay = 0.00>
ST_1 : Operation 52 [1/1] (0.00ns)   --->   "%bufC_100_addr = getelementptr i32 %bufC_100, i64 0, i64 %zext_ln250" [hello.cpp:252]   --->   Operation 52 'getelementptr' 'bufC_100_addr' <Predicate = (!tmp)> <Delay = 0.00>
ST_1 : Operation 53 [1/1] (0.00ns)   --->   "%bufC_101_addr = getelementptr i32 %bufC_101, i64 0, i64 %zext_ln250" [hello.cpp:252]   --->   Operation 53 'getelementptr' 'bufC_101_addr' <Predicate = (!tmp)> <Delay = 0.00>
ST_1 : Operation 54 [1/1] (0.00ns)   --->   "%bufC_102_addr = getelementptr i32 %bufC_102, i64 0, i64 %zext_ln250" [hello.cpp:252]   --->   Operation 54 'getelementptr' 'bufC_102_addr' <Predicate = (!tmp)> <Delay = 0.00>
ST_1 : Operation 55 [1/1] (0.00ns)   --->   "%bufC_103_addr = getelementptr i32 %bufC_103, i64 0, i64 %zext_ln250" [hello.cpp:252]   --->   Operation 55 'getelementptr' 'bufC_103_addr' <Predicate = (!tmp)> <Delay = 0.00>
ST_1 : Operation 56 [1/1] (0.00ns)   --->   "%bufC_104_addr = getelementptr i32 %bufC_104, i64 0, i64 %zext_ln250" [hello.cpp:252]   --->   Operation 56 'getelementptr' 'bufC_104_addr' <Predicate = (!tmp)> <Delay = 0.00>
ST_1 : Operation 57 [1/1] (0.00ns)   --->   "%bufC_105_addr = getelementptr i32 %bufC_105, i64 0, i64 %zext_ln250" [hello.cpp:252]   --->   Operation 57 'getelementptr' 'bufC_105_addr' <Predicate = (!tmp)> <Delay = 0.00>
ST_1 : Operation 58 [1/1] (0.00ns)   --->   "%bufC_106_addr = getelementptr i32 %bufC_106, i64 0, i64 %zext_ln250" [hello.cpp:252]   --->   Operation 58 'getelementptr' 'bufC_106_addr' <Predicate = (!tmp)> <Delay = 0.00>
ST_1 : Operation 59 [1/1] (0.00ns)   --->   "%bufC_107_addr = getelementptr i32 %bufC_107, i64 0, i64 %zext_ln250" [hello.cpp:252]   --->   Operation 59 'getelementptr' 'bufC_107_addr' <Predicate = (!tmp)> <Delay = 0.00>
ST_1 : Operation 60 [1/1] (0.00ns)   --->   "%bufC_108_addr = getelementptr i32 %bufC_108, i64 0, i64 %zext_ln250" [hello.cpp:252]   --->   Operation 60 'getelementptr' 'bufC_108_addr' <Predicate = (!tmp)> <Delay = 0.00>
ST_1 : Operation 61 [1/1] (0.00ns)   --->   "%bufC_109_addr = getelementptr i32 %bufC_109, i64 0, i64 %zext_ln250" [hello.cpp:252]   --->   Operation 61 'getelementptr' 'bufC_109_addr' <Predicate = (!tmp)> <Delay = 0.00>
ST_1 : Operation 62 [1/1] (0.00ns)   --->   "%bufC_110_addr = getelementptr i32 %bufC_110, i64 0, i64 %zext_ln250" [hello.cpp:252]   --->   Operation 62 'getelementptr' 'bufC_110_addr' <Predicate = (!tmp)> <Delay = 0.00>
ST_1 : Operation 63 [1/1] (0.00ns)   --->   "%bufC_111_addr = getelementptr i32 %bufC_111, i64 0, i64 %zext_ln250" [hello.cpp:252]   --->   Operation 63 'getelementptr' 'bufC_111_addr' <Predicate = (!tmp)> <Delay = 0.00>
ST_1 : Operation 64 [1/1] (0.00ns)   --->   "%bufC_112_addr = getelementptr i32 %bufC_112, i64 0, i64 %zext_ln250" [hello.cpp:252]   --->   Operation 64 'getelementptr' 'bufC_112_addr' <Predicate = (!tmp)> <Delay = 0.00>
ST_1 : Operation 65 [1/1] (0.00ns)   --->   "%bufC_113_addr = getelementptr i32 %bufC_113, i64 0, i64 %zext_ln250" [hello.cpp:252]   --->   Operation 65 'getelementptr' 'bufC_113_addr' <Predicate = (!tmp)> <Delay = 0.00>
ST_1 : Operation 66 [1/1] (0.00ns)   --->   "%bufC_114_addr = getelementptr i32 %bufC_114, i64 0, i64 %zext_ln250" [hello.cpp:252]   --->   Operation 66 'getelementptr' 'bufC_114_addr' <Predicate = (!tmp)> <Delay = 0.00>
ST_1 : Operation 67 [1/1] (0.00ns)   --->   "%bufC_115_addr = getelementptr i32 %bufC_115, i64 0, i64 %zext_ln250" [hello.cpp:252]   --->   Operation 67 'getelementptr' 'bufC_115_addr' <Predicate = (!tmp)> <Delay = 0.00>
ST_1 : Operation 68 [1/1] (0.00ns)   --->   "%bufC_116_addr = getelementptr i32 %bufC_116, i64 0, i64 %zext_ln250" [hello.cpp:252]   --->   Operation 68 'getelementptr' 'bufC_116_addr' <Predicate = (!tmp)> <Delay = 0.00>
ST_1 : Operation 69 [1/1] (0.00ns)   --->   "%bufC_117_addr = getelementptr i32 %bufC_117, i64 0, i64 %zext_ln250" [hello.cpp:252]   --->   Operation 69 'getelementptr' 'bufC_117_addr' <Predicate = (!tmp)> <Delay = 0.00>
ST_1 : Operation 70 [1/1] (0.00ns)   --->   "%bufC_118_addr = getelementptr i32 %bufC_118, i64 0, i64 %zext_ln250" [hello.cpp:252]   --->   Operation 70 'getelementptr' 'bufC_118_addr' <Predicate = (!tmp)> <Delay = 0.00>
ST_1 : Operation 71 [1/1] (0.00ns)   --->   "%bufC_119_addr = getelementptr i32 %bufC_119, i64 0, i64 %zext_ln250" [hello.cpp:252]   --->   Operation 71 'getelementptr' 'bufC_119_addr' <Predicate = (!tmp)> <Delay = 0.00>
ST_1 : Operation 72 [1/1] (0.00ns)   --->   "%bufC_120_addr = getelementptr i32 %bufC_120, i64 0, i64 %zext_ln250" [hello.cpp:252]   --->   Operation 72 'getelementptr' 'bufC_120_addr' <Predicate = (!tmp)> <Delay = 0.00>
ST_1 : Operation 73 [1/1] (0.00ns)   --->   "%bufC_121_addr = getelementptr i32 %bufC_121, i64 0, i64 %zext_ln250" [hello.cpp:252]   --->   Operation 73 'getelementptr' 'bufC_121_addr' <Predicate = (!tmp)> <Delay = 0.00>
ST_1 : Operation 74 [1/1] (0.00ns)   --->   "%bufC_122_addr = getelementptr i32 %bufC_122, i64 0, i64 %zext_ln250" [hello.cpp:252]   --->   Operation 74 'getelementptr' 'bufC_122_addr' <Predicate = (!tmp)> <Delay = 0.00>
ST_1 : Operation 75 [1/1] (0.00ns)   --->   "%bufC_123_addr = getelementptr i32 %bufC_123, i64 0, i64 %zext_ln250" [hello.cpp:252]   --->   Operation 75 'getelementptr' 'bufC_123_addr' <Predicate = (!tmp)> <Delay = 0.00>
ST_1 : Operation 76 [1/1] (0.00ns)   --->   "%bufC_124_addr = getelementptr i32 %bufC_124, i64 0, i64 %zext_ln250" [hello.cpp:252]   --->   Operation 76 'getelementptr' 'bufC_124_addr' <Predicate = (!tmp)> <Delay = 0.00>
ST_1 : Operation 77 [1/1] (0.00ns)   --->   "%bufC_125_addr = getelementptr i32 %bufC_125, i64 0, i64 %zext_ln250" [hello.cpp:252]   --->   Operation 77 'getelementptr' 'bufC_125_addr' <Predicate = (!tmp)> <Delay = 0.00>
ST_1 : Operation 78 [1/1] (0.00ns)   --->   "%bufC_126_addr = getelementptr i32 %bufC_126, i64 0, i64 %zext_ln250" [hello.cpp:252]   --->   Operation 78 'getelementptr' 'bufC_126_addr' <Predicate = (!tmp)> <Delay = 0.00>
ST_1 : Operation 79 [1/1] (0.00ns)   --->   "%tmp_s = partselect i3 @_ssdm_op_PartSelect.i3.i6.i32.i32, i6 %r_3, i32 2, i32 4" [hello.cpp:252]   --->   Operation 79 'partselect' 'tmp_s' <Predicate = (!tmp)> <Delay = 0.00>
ST_1 : Operation 80 [1/1] (0.00ns)   --->   "%or_ln3 = bitconcatenate i4 @_ssdm_op_BitConcatenate.i4.i3.i1, i3 %tmp_s, i1 1" [hello.cpp:252]   --->   Operation 80 'bitconcatenate' 'or_ln3' <Predicate = (!tmp)> <Delay = 0.00>
ST_1 : Operation 81 [1/1] (0.00ns)   --->   "%zext_ln252 = zext i4 %or_ln3" [hello.cpp:252]   --->   Operation 81 'zext' 'zext_ln252' <Predicate = (!tmp)> <Delay = 0.00>
ST_1 : Operation 82 [1/1] (0.00ns)   --->   "%bufC_addr_1 = getelementptr i32 %bufC, i64 0, i64 %zext_ln252" [hello.cpp:252]   --->   Operation 82 'getelementptr' 'bufC_addr_1' <Predicate = (!tmp)> <Delay = 0.00>
ST_1 : Operation 83 [1/1] (0.00ns)   --->   "%bufC_64_addr_1 = getelementptr i32 %bufC_64, i64 0, i64 %zext_ln252" [hello.cpp:252]   --->   Operation 83 'getelementptr' 'bufC_64_addr_1' <Predicate = (!tmp)> <Delay = 0.00>
ST_1 : Operation 84 [1/1] (0.00ns)   --->   "%bufC_65_addr_1 = getelementptr i32 %bufC_65, i64 0, i64 %zext_ln252" [hello.cpp:252]   --->   Operation 84 'getelementptr' 'bufC_65_addr_1' <Predicate = (!tmp)> <Delay = 0.00>
ST_1 : Operation 85 [1/1] (0.00ns)   --->   "%bufC_66_addr_1 = getelementptr i32 %bufC_66, i64 0, i64 %zext_ln252" [hello.cpp:252]   --->   Operation 85 'getelementptr' 'bufC_66_addr_1' <Predicate = (!tmp)> <Delay = 0.00>
ST_1 : Operation 86 [1/1] (0.00ns)   --->   "%bufC_67_addr_1 = getelementptr i32 %bufC_67, i64 0, i64 %zext_ln252" [hello.cpp:252]   --->   Operation 86 'getelementptr' 'bufC_67_addr_1' <Predicate = (!tmp)> <Delay = 0.00>
ST_1 : Operation 87 [1/1] (0.00ns)   --->   "%bufC_68_addr_1 = getelementptr i32 %bufC_68, i64 0, i64 %zext_ln252" [hello.cpp:252]   --->   Operation 87 'getelementptr' 'bufC_68_addr_1' <Predicate = (!tmp)> <Delay = 0.00>
ST_1 : Operation 88 [1/1] (0.00ns)   --->   "%bufC_69_addr_1 = getelementptr i32 %bufC_69, i64 0, i64 %zext_ln252" [hello.cpp:252]   --->   Operation 88 'getelementptr' 'bufC_69_addr_1' <Predicate = (!tmp)> <Delay = 0.00>
ST_1 : Operation 89 [1/1] (0.00ns)   --->   "%bufC_70_addr_1 = getelementptr i32 %bufC_70, i64 0, i64 %zext_ln252" [hello.cpp:252]   --->   Operation 89 'getelementptr' 'bufC_70_addr_1' <Predicate = (!tmp)> <Delay = 0.00>
ST_1 : Operation 90 [1/1] (0.00ns)   --->   "%bufC_71_addr_1 = getelementptr i32 %bufC_71, i64 0, i64 %zext_ln252" [hello.cpp:252]   --->   Operation 90 'getelementptr' 'bufC_71_addr_1' <Predicate = (!tmp)> <Delay = 0.00>
ST_1 : Operation 91 [1/1] (0.00ns)   --->   "%bufC_72_addr_1 = getelementptr i32 %bufC_72, i64 0, i64 %zext_ln252" [hello.cpp:252]   --->   Operation 91 'getelementptr' 'bufC_72_addr_1' <Predicate = (!tmp)> <Delay = 0.00>
ST_1 : Operation 92 [1/1] (0.00ns)   --->   "%bufC_73_addr_1 = getelementptr i32 %bufC_73, i64 0, i64 %zext_ln252" [hello.cpp:252]   --->   Operation 92 'getelementptr' 'bufC_73_addr_1' <Predicate = (!tmp)> <Delay = 0.00>
ST_1 : Operation 93 [1/1] (0.00ns)   --->   "%bufC_74_addr_1 = getelementptr i32 %bufC_74, i64 0, i64 %zext_ln252" [hello.cpp:252]   --->   Operation 93 'getelementptr' 'bufC_74_addr_1' <Predicate = (!tmp)> <Delay = 0.00>
ST_1 : Operation 94 [1/1] (0.00ns)   --->   "%bufC_75_addr_1 = getelementptr i32 %bufC_75, i64 0, i64 %zext_ln252" [hello.cpp:252]   --->   Operation 94 'getelementptr' 'bufC_75_addr_1' <Predicate = (!tmp)> <Delay = 0.00>
ST_1 : Operation 95 [1/1] (0.00ns)   --->   "%bufC_76_addr_1 = getelementptr i32 %bufC_76, i64 0, i64 %zext_ln252" [hello.cpp:252]   --->   Operation 95 'getelementptr' 'bufC_76_addr_1' <Predicate = (!tmp)> <Delay = 0.00>
ST_1 : Operation 96 [1/1] (0.00ns)   --->   "%bufC_77_addr_1 = getelementptr i32 %bufC_77, i64 0, i64 %zext_ln252" [hello.cpp:252]   --->   Operation 96 'getelementptr' 'bufC_77_addr_1' <Predicate = (!tmp)> <Delay = 0.00>
ST_1 : Operation 97 [1/1] (0.00ns)   --->   "%bufC_78_addr_1 = getelementptr i32 %bufC_78, i64 0, i64 %zext_ln252" [hello.cpp:252]   --->   Operation 97 'getelementptr' 'bufC_78_addr_1' <Predicate = (!tmp)> <Delay = 0.00>
ST_1 : Operation 98 [1/1] (0.00ns)   --->   "%bufC_79_addr_1 = getelementptr i32 %bufC_79, i64 0, i64 %zext_ln252" [hello.cpp:252]   --->   Operation 98 'getelementptr' 'bufC_79_addr_1' <Predicate = (!tmp)> <Delay = 0.00>
ST_1 : Operation 99 [1/1] (0.00ns)   --->   "%bufC_80_addr_1 = getelementptr i32 %bufC_80, i64 0, i64 %zext_ln252" [hello.cpp:252]   --->   Operation 99 'getelementptr' 'bufC_80_addr_1' <Predicate = (!tmp)> <Delay = 0.00>
ST_1 : Operation 100 [1/1] (0.00ns)   --->   "%bufC_81_addr_1 = getelementptr i32 %bufC_81, i64 0, i64 %zext_ln252" [hello.cpp:252]   --->   Operation 100 'getelementptr' 'bufC_81_addr_1' <Predicate = (!tmp)> <Delay = 0.00>
ST_1 : Operation 101 [1/1] (0.00ns)   --->   "%bufC_82_addr_1 = getelementptr i32 %bufC_82, i64 0, i64 %zext_ln252" [hello.cpp:252]   --->   Operation 101 'getelementptr' 'bufC_82_addr_1' <Predicate = (!tmp)> <Delay = 0.00>
ST_1 : Operation 102 [1/1] (0.00ns)   --->   "%bufC_83_addr_1 = getelementptr i32 %bufC_83, i64 0, i64 %zext_ln252" [hello.cpp:252]   --->   Operation 102 'getelementptr' 'bufC_83_addr_1' <Predicate = (!tmp)> <Delay = 0.00>
ST_1 : Operation 103 [1/1] (0.00ns)   --->   "%bufC_84_addr_1 = getelementptr i32 %bufC_84, i64 0, i64 %zext_ln252" [hello.cpp:252]   --->   Operation 103 'getelementptr' 'bufC_84_addr_1' <Predicate = (!tmp)> <Delay = 0.00>
ST_1 : Operation 104 [1/1] (0.00ns)   --->   "%bufC_85_addr_1 = getelementptr i32 %bufC_85, i64 0, i64 %zext_ln252" [hello.cpp:252]   --->   Operation 104 'getelementptr' 'bufC_85_addr_1' <Predicate = (!tmp)> <Delay = 0.00>
ST_1 : Operation 105 [1/1] (0.00ns)   --->   "%bufC_86_addr_1 = getelementptr i32 %bufC_86, i64 0, i64 %zext_ln252" [hello.cpp:252]   --->   Operation 105 'getelementptr' 'bufC_86_addr_1' <Predicate = (!tmp)> <Delay = 0.00>
ST_1 : Operation 106 [1/1] (0.00ns)   --->   "%bufC_87_addr_1 = getelementptr i32 %bufC_87, i64 0, i64 %zext_ln252" [hello.cpp:252]   --->   Operation 106 'getelementptr' 'bufC_87_addr_1' <Predicate = (!tmp)> <Delay = 0.00>
ST_1 : Operation 107 [1/1] (0.00ns)   --->   "%bufC_88_addr_1 = getelementptr i32 %bufC_88, i64 0, i64 %zext_ln252" [hello.cpp:252]   --->   Operation 107 'getelementptr' 'bufC_88_addr_1' <Predicate = (!tmp)> <Delay = 0.00>
ST_1 : Operation 108 [1/1] (0.00ns)   --->   "%bufC_89_addr_1 = getelementptr i32 %bufC_89, i64 0, i64 %zext_ln252" [hello.cpp:252]   --->   Operation 108 'getelementptr' 'bufC_89_addr_1' <Predicate = (!tmp)> <Delay = 0.00>
ST_1 : Operation 109 [1/1] (0.00ns)   --->   "%bufC_90_addr_1 = getelementptr i32 %bufC_90, i64 0, i64 %zext_ln252" [hello.cpp:252]   --->   Operation 109 'getelementptr' 'bufC_90_addr_1' <Predicate = (!tmp)> <Delay = 0.00>
ST_1 : Operation 110 [1/1] (0.00ns)   --->   "%bufC_91_addr_1 = getelementptr i32 %bufC_91, i64 0, i64 %zext_ln252" [hello.cpp:252]   --->   Operation 110 'getelementptr' 'bufC_91_addr_1' <Predicate = (!tmp)> <Delay = 0.00>
ST_1 : Operation 111 [1/1] (0.00ns)   --->   "%bufC_92_addr_1 = getelementptr i32 %bufC_92, i64 0, i64 %zext_ln252" [hello.cpp:252]   --->   Operation 111 'getelementptr' 'bufC_92_addr_1' <Predicate = (!tmp)> <Delay = 0.00>
ST_1 : Operation 112 [1/1] (0.00ns)   --->   "%bufC_93_addr_1 = getelementptr i32 %bufC_93, i64 0, i64 %zext_ln252" [hello.cpp:252]   --->   Operation 112 'getelementptr' 'bufC_93_addr_1' <Predicate = (!tmp)> <Delay = 0.00>
ST_1 : Operation 113 [1/1] (0.00ns)   --->   "%bufC_94_addr_1 = getelementptr i32 %bufC_94, i64 0, i64 %zext_ln252" [hello.cpp:252]   --->   Operation 113 'getelementptr' 'bufC_94_addr_1' <Predicate = (!tmp)> <Delay = 0.00>
ST_1 : Operation 114 [1/1] (0.00ns)   --->   "%bufC_95_addr_1 = getelementptr i32 %bufC_95, i64 0, i64 %zext_ln252" [hello.cpp:252]   --->   Operation 114 'getelementptr' 'bufC_95_addr_1' <Predicate = (!tmp)> <Delay = 0.00>
ST_1 : Operation 115 [1/1] (0.00ns)   --->   "%bufC_96_addr_1 = getelementptr i32 %bufC_96, i64 0, i64 %zext_ln252" [hello.cpp:252]   --->   Operation 115 'getelementptr' 'bufC_96_addr_1' <Predicate = (!tmp)> <Delay = 0.00>
ST_1 : Operation 116 [1/1] (0.00ns)   --->   "%bufC_97_addr_1 = getelementptr i32 %bufC_97, i64 0, i64 %zext_ln252" [hello.cpp:252]   --->   Operation 116 'getelementptr' 'bufC_97_addr_1' <Predicate = (!tmp)> <Delay = 0.00>
ST_1 : Operation 117 [1/1] (0.00ns)   --->   "%bufC_98_addr_1 = getelementptr i32 %bufC_98, i64 0, i64 %zext_ln252" [hello.cpp:252]   --->   Operation 117 'getelementptr' 'bufC_98_addr_1' <Predicate = (!tmp)> <Delay = 0.00>
ST_1 : Operation 118 [1/1] (0.00ns)   --->   "%bufC_99_addr_1 = getelementptr i32 %bufC_99, i64 0, i64 %zext_ln252" [hello.cpp:252]   --->   Operation 118 'getelementptr' 'bufC_99_addr_1' <Predicate = (!tmp)> <Delay = 0.00>
ST_1 : Operation 119 [1/1] (0.00ns)   --->   "%bufC_100_addr_1 = getelementptr i32 %bufC_100, i64 0, i64 %zext_ln252" [hello.cpp:252]   --->   Operation 119 'getelementptr' 'bufC_100_addr_1' <Predicate = (!tmp)> <Delay = 0.00>
ST_1 : Operation 120 [1/1] (0.00ns)   --->   "%bufC_101_addr_1 = getelementptr i32 %bufC_101, i64 0, i64 %zext_ln252" [hello.cpp:252]   --->   Operation 120 'getelementptr' 'bufC_101_addr_1' <Predicate = (!tmp)> <Delay = 0.00>
ST_1 : Operation 121 [1/1] (0.00ns)   --->   "%bufC_102_addr_1 = getelementptr i32 %bufC_102, i64 0, i64 %zext_ln252" [hello.cpp:252]   --->   Operation 121 'getelementptr' 'bufC_102_addr_1' <Predicate = (!tmp)> <Delay = 0.00>
ST_1 : Operation 122 [1/1] (0.00ns)   --->   "%bufC_103_addr_1 = getelementptr i32 %bufC_103, i64 0, i64 %zext_ln252" [hello.cpp:252]   --->   Operation 122 'getelementptr' 'bufC_103_addr_1' <Predicate = (!tmp)> <Delay = 0.00>
ST_1 : Operation 123 [1/1] (0.00ns)   --->   "%bufC_104_addr_1 = getelementptr i32 %bufC_104, i64 0, i64 %zext_ln252" [hello.cpp:252]   --->   Operation 123 'getelementptr' 'bufC_104_addr_1' <Predicate = (!tmp)> <Delay = 0.00>
ST_1 : Operation 124 [1/1] (0.00ns)   --->   "%bufC_105_addr_1 = getelementptr i32 %bufC_105, i64 0, i64 %zext_ln252" [hello.cpp:252]   --->   Operation 124 'getelementptr' 'bufC_105_addr_1' <Predicate = (!tmp)> <Delay = 0.00>
ST_1 : Operation 125 [1/1] (0.00ns)   --->   "%bufC_106_addr_1 = getelementptr i32 %bufC_106, i64 0, i64 %zext_ln252" [hello.cpp:252]   --->   Operation 125 'getelementptr' 'bufC_106_addr_1' <Predicate = (!tmp)> <Delay = 0.00>
ST_1 : Operation 126 [1/1] (0.00ns)   --->   "%bufC_107_addr_1 = getelementptr i32 %bufC_107, i64 0, i64 %zext_ln252" [hello.cpp:252]   --->   Operation 126 'getelementptr' 'bufC_107_addr_1' <Predicate = (!tmp)> <Delay = 0.00>
ST_1 : Operation 127 [1/1] (0.00ns)   --->   "%bufC_108_addr_1 = getelementptr i32 %bufC_108, i64 0, i64 %zext_ln252" [hello.cpp:252]   --->   Operation 127 'getelementptr' 'bufC_108_addr_1' <Predicate = (!tmp)> <Delay = 0.00>
ST_1 : Operation 128 [1/1] (0.00ns)   --->   "%bufC_109_addr_1 = getelementptr i32 %bufC_109, i64 0, i64 %zext_ln252" [hello.cpp:252]   --->   Operation 128 'getelementptr' 'bufC_109_addr_1' <Predicate = (!tmp)> <Delay = 0.00>
ST_1 : Operation 129 [1/1] (0.00ns)   --->   "%bufC_110_addr_1 = getelementptr i32 %bufC_110, i64 0, i64 %zext_ln252" [hello.cpp:252]   --->   Operation 129 'getelementptr' 'bufC_110_addr_1' <Predicate = (!tmp)> <Delay = 0.00>
ST_1 : Operation 130 [1/1] (0.00ns)   --->   "%bufC_111_addr_1 = getelementptr i32 %bufC_111, i64 0, i64 %zext_ln252" [hello.cpp:252]   --->   Operation 130 'getelementptr' 'bufC_111_addr_1' <Predicate = (!tmp)> <Delay = 0.00>
ST_1 : Operation 131 [1/1] (0.00ns)   --->   "%bufC_112_addr_1 = getelementptr i32 %bufC_112, i64 0, i64 %zext_ln252" [hello.cpp:252]   --->   Operation 131 'getelementptr' 'bufC_112_addr_1' <Predicate = (!tmp)> <Delay = 0.00>
ST_1 : Operation 132 [1/1] (0.00ns)   --->   "%bufC_113_addr_1 = getelementptr i32 %bufC_113, i64 0, i64 %zext_ln252" [hello.cpp:252]   --->   Operation 132 'getelementptr' 'bufC_113_addr_1' <Predicate = (!tmp)> <Delay = 0.00>
ST_1 : Operation 133 [1/1] (0.00ns)   --->   "%bufC_114_addr_1 = getelementptr i32 %bufC_114, i64 0, i64 %zext_ln252" [hello.cpp:252]   --->   Operation 133 'getelementptr' 'bufC_114_addr_1' <Predicate = (!tmp)> <Delay = 0.00>
ST_1 : Operation 134 [1/1] (0.00ns)   --->   "%bufC_115_addr_1 = getelementptr i32 %bufC_115, i64 0, i64 %zext_ln252" [hello.cpp:252]   --->   Operation 134 'getelementptr' 'bufC_115_addr_1' <Predicate = (!tmp)> <Delay = 0.00>
ST_1 : Operation 135 [1/1] (0.00ns)   --->   "%bufC_116_addr_1 = getelementptr i32 %bufC_116, i64 0, i64 %zext_ln252" [hello.cpp:252]   --->   Operation 135 'getelementptr' 'bufC_116_addr_1' <Predicate = (!tmp)> <Delay = 0.00>
ST_1 : Operation 136 [1/1] (0.00ns)   --->   "%bufC_117_addr_1 = getelementptr i32 %bufC_117, i64 0, i64 %zext_ln252" [hello.cpp:252]   --->   Operation 136 'getelementptr' 'bufC_117_addr_1' <Predicate = (!tmp)> <Delay = 0.00>
ST_1 : Operation 137 [1/1] (0.00ns)   --->   "%bufC_118_addr_1 = getelementptr i32 %bufC_118, i64 0, i64 %zext_ln252" [hello.cpp:252]   --->   Operation 137 'getelementptr' 'bufC_118_addr_1' <Predicate = (!tmp)> <Delay = 0.00>
ST_1 : Operation 138 [1/1] (0.00ns)   --->   "%bufC_119_addr_1 = getelementptr i32 %bufC_119, i64 0, i64 %zext_ln252" [hello.cpp:252]   --->   Operation 138 'getelementptr' 'bufC_119_addr_1' <Predicate = (!tmp)> <Delay = 0.00>
ST_1 : Operation 139 [1/1] (0.00ns)   --->   "%bufC_120_addr_1 = getelementptr i32 %bufC_120, i64 0, i64 %zext_ln252" [hello.cpp:252]   --->   Operation 139 'getelementptr' 'bufC_120_addr_1' <Predicate = (!tmp)> <Delay = 0.00>
ST_1 : Operation 140 [1/1] (0.00ns)   --->   "%bufC_121_addr_1 = getelementptr i32 %bufC_121, i64 0, i64 %zext_ln252" [hello.cpp:252]   --->   Operation 140 'getelementptr' 'bufC_121_addr_1' <Predicate = (!tmp)> <Delay = 0.00>
ST_1 : Operation 141 [1/1] (0.00ns)   --->   "%bufC_122_addr_1 = getelementptr i32 %bufC_122, i64 0, i64 %zext_ln252" [hello.cpp:252]   --->   Operation 141 'getelementptr' 'bufC_122_addr_1' <Predicate = (!tmp)> <Delay = 0.00>
ST_1 : Operation 142 [1/1] (0.00ns)   --->   "%bufC_123_addr_1 = getelementptr i32 %bufC_123, i64 0, i64 %zext_ln252" [hello.cpp:252]   --->   Operation 142 'getelementptr' 'bufC_123_addr_1' <Predicate = (!tmp)> <Delay = 0.00>
ST_1 : Operation 143 [1/1] (0.00ns)   --->   "%bufC_124_addr_1 = getelementptr i32 %bufC_124, i64 0, i64 %zext_ln252" [hello.cpp:252]   --->   Operation 143 'getelementptr' 'bufC_124_addr_1' <Predicate = (!tmp)> <Delay = 0.00>
ST_1 : Operation 144 [1/1] (0.00ns)   --->   "%bufC_125_addr_1 = getelementptr i32 %bufC_125, i64 0, i64 %zext_ln252" [hello.cpp:252]   --->   Operation 144 'getelementptr' 'bufC_125_addr_1' <Predicate = (!tmp)> <Delay = 0.00>
ST_1 : Operation 145 [1/1] (0.00ns)   --->   "%bufC_126_addr_1 = getelementptr i32 %bufC_126, i64 0, i64 %zext_ln252" [hello.cpp:252]   --->   Operation 145 'getelementptr' 'bufC_126_addr_1' <Predicate = (!tmp)> <Delay = 0.00>
ST_1 : Operation 146 [1/1] ( I:0.67ns O:0.67ns )   --->   "%store_ln252 = store i32 0, i4 %bufC_addr" [hello.cpp:252]   --->   Operation 146 'store' 'store_ln252' <Predicate = (!tmp)> <Delay = 0.67> <CoreInst = "RAM">   --->   Core 82 'RAM' <Latency = 1> <II = 1> <Delay = 0.67> <Storage> <Opcode : 'load' 'store'> <Ports = 2> <Width = 32> <Depth = 16> <RAM>
ST_1 : Operation 147 [1/1] ( I:0.67ns O:0.67ns )   --->   "%store_ln252 = store i32 0, i4 %bufC_64_addr" [hello.cpp:252]   --->   Operation 147 'store' 'store_ln252' <Predicate = (!tmp)> <Delay = 0.67> <CoreInst = "RAM">   --->   Core 82 'RAM' <Latency = 1> <II = 1> <Delay = 0.67> <Storage> <Opcode : 'load' 'store'> <Ports = 2> <Width = 32> <Depth = 16> <RAM>
ST_1 : Operation 148 [1/1] ( I:0.67ns O:0.67ns )   --->   "%store_ln252 = store i32 0, i4 %bufC_65_addr" [hello.cpp:252]   --->   Operation 148 'store' 'store_ln252' <Predicate = (!tmp)> <Delay = 0.67> <CoreInst = "RAM">   --->   Core 82 'RAM' <Latency = 1> <II = 1> <Delay = 0.67> <Storage> <Opcode : 'load' 'store'> <Ports = 2> <Width = 32> <Depth = 16> <RAM>
ST_1 : Operation 149 [1/1] ( I:0.67ns O:0.67ns )   --->   "%store_ln252 = store i32 0, i4 %bufC_66_addr" [hello.cpp:252]   --->   Operation 149 'store' 'store_ln252' <Predicate = (!tmp)> <Delay = 0.67> <CoreInst = "RAM">   --->   Core 82 'RAM' <Latency = 1> <II = 1> <Delay = 0.67> <Storage> <Opcode : 'load' 'store'> <Ports = 2> <Width = 32> <Depth = 16> <RAM>
ST_1 : Operation 150 [1/1] ( I:0.67ns O:0.67ns )   --->   "%store_ln252 = store i32 0, i4 %bufC_67_addr" [hello.cpp:252]   --->   Operation 150 'store' 'store_ln252' <Predicate = (!tmp)> <Delay = 0.67> <CoreInst = "RAM">   --->   Core 82 'RAM' <Latency = 1> <II = 1> <Delay = 0.67> <Storage> <Opcode : 'load' 'store'> <Ports = 2> <Width = 32> <Depth = 16> <RAM>
ST_1 : Operation 151 [1/1] ( I:0.67ns O:0.67ns )   --->   "%store_ln252 = store i32 0, i4 %bufC_68_addr" [hello.cpp:252]   --->   Operation 151 'store' 'store_ln252' <Predicate = (!tmp)> <Delay = 0.67> <CoreInst = "RAM">   --->   Core 82 'RAM' <Latency = 1> <II = 1> <Delay = 0.67> <Storage> <Opcode : 'load' 'store'> <Ports = 2> <Width = 32> <Depth = 16> <RAM>
ST_1 : Operation 152 [1/1] ( I:0.67ns O:0.67ns )   --->   "%store_ln252 = store i32 0, i4 %bufC_69_addr" [hello.cpp:252]   --->   Operation 152 'store' 'store_ln252' <Predicate = (!tmp)> <Delay = 0.67> <CoreInst = "RAM">   --->   Core 82 'RAM' <Latency = 1> <II = 1> <Delay = 0.67> <Storage> <Opcode : 'load' 'store'> <Ports = 2> <Width = 32> <Depth = 16> <RAM>
ST_1 : Operation 153 [1/1] ( I:0.67ns O:0.67ns )   --->   "%store_ln252 = store i32 0, i4 %bufC_70_addr" [hello.cpp:252]   --->   Operation 153 'store' 'store_ln252' <Predicate = (!tmp)> <Delay = 0.67> <CoreInst = "RAM">   --->   Core 82 'RAM' <Latency = 1> <II = 1> <Delay = 0.67> <Storage> <Opcode : 'load' 'store'> <Ports = 2> <Width = 32> <Depth = 16> <RAM>
ST_1 : Operation 154 [1/1] ( I:0.67ns O:0.67ns )   --->   "%store_ln252 = store i32 0, i4 %bufC_71_addr" [hello.cpp:252]   --->   Operation 154 'store' 'store_ln252' <Predicate = (!tmp)> <Delay = 0.67> <CoreInst = "RAM">   --->   Core 82 'RAM' <Latency = 1> <II = 1> <Delay = 0.67> <Storage> <Opcode : 'load' 'store'> <Ports = 2> <Width = 32> <Depth = 16> <RAM>
ST_1 : Operation 155 [1/1] ( I:0.67ns O:0.67ns )   --->   "%store_ln252 = store i32 0, i4 %bufC_72_addr" [hello.cpp:252]   --->   Operation 155 'store' 'store_ln252' <Predicate = (!tmp)> <Delay = 0.67> <CoreInst = "RAM">   --->   Core 82 'RAM' <Latency = 1> <II = 1> <Delay = 0.67> <Storage> <Opcode : 'load' 'store'> <Ports = 2> <Width = 32> <Depth = 16> <RAM>
ST_1 : Operation 156 [1/1] ( I:0.67ns O:0.67ns )   --->   "%store_ln252 = store i32 0, i4 %bufC_73_addr" [hello.cpp:252]   --->   Operation 156 'store' 'store_ln252' <Predicate = (!tmp)> <Delay = 0.67> <CoreInst = "RAM">   --->   Core 82 'RAM' <Latency = 1> <II = 1> <Delay = 0.67> <Storage> <Opcode : 'load' 'store'> <Ports = 2> <Width = 32> <Depth = 16> <RAM>
ST_1 : Operation 157 [1/1] ( I:0.67ns O:0.67ns )   --->   "%store_ln252 = store i32 0, i4 %bufC_74_addr" [hello.cpp:252]   --->   Operation 157 'store' 'store_ln252' <Predicate = (!tmp)> <Delay = 0.67> <CoreInst = "RAM">   --->   Core 82 'RAM' <Latency = 1> <II = 1> <Delay = 0.67> <Storage> <Opcode : 'load' 'store'> <Ports = 2> <Width = 32> <Depth = 16> <RAM>
ST_1 : Operation 158 [1/1] ( I:0.67ns O:0.67ns )   --->   "%store_ln252 = store i32 0, i4 %bufC_75_addr" [hello.cpp:252]   --->   Operation 158 'store' 'store_ln252' <Predicate = (!tmp)> <Delay = 0.67> <CoreInst = "RAM">   --->   Core 82 'RAM' <Latency = 1> <II = 1> <Delay = 0.67> <Storage> <Opcode : 'load' 'store'> <Ports = 2> <Width = 32> <Depth = 16> <RAM>
ST_1 : Operation 159 [1/1] ( I:0.67ns O:0.67ns )   --->   "%store_ln252 = store i32 0, i4 %bufC_76_addr" [hello.cpp:252]   --->   Operation 159 'store' 'store_ln252' <Predicate = (!tmp)> <Delay = 0.67> <CoreInst = "RAM">   --->   Core 82 'RAM' <Latency = 1> <II = 1> <Delay = 0.67> <Storage> <Opcode : 'load' 'store'> <Ports = 2> <Width = 32> <Depth = 16> <RAM>
ST_1 : Operation 160 [1/1] ( I:0.67ns O:0.67ns )   --->   "%store_ln252 = store i32 0, i4 %bufC_77_addr" [hello.cpp:252]   --->   Operation 160 'store' 'store_ln252' <Predicate = (!tmp)> <Delay = 0.67> <CoreInst = "RAM">   --->   Core 82 'RAM' <Latency = 1> <II = 1> <Delay = 0.67> <Storage> <Opcode : 'load' 'store'> <Ports = 2> <Width = 32> <Depth = 16> <RAM>
ST_1 : Operation 161 [1/1] ( I:0.67ns O:0.67ns )   --->   "%store_ln252 = store i32 0, i4 %bufC_78_addr" [hello.cpp:252]   --->   Operation 161 'store' 'store_ln252' <Predicate = (!tmp)> <Delay = 0.67> <CoreInst = "RAM">   --->   Core 82 'RAM' <Latency = 1> <II = 1> <Delay = 0.67> <Storage> <Opcode : 'load' 'store'> <Ports = 2> <Width = 32> <Depth = 16> <RAM>
ST_1 : Operation 162 [1/1] ( I:0.67ns O:0.67ns )   --->   "%store_ln252 = store i32 0, i4 %bufC_79_addr" [hello.cpp:252]   --->   Operation 162 'store' 'store_ln252' <Predicate = (!tmp)> <Delay = 0.67> <CoreInst = "RAM">   --->   Core 82 'RAM' <Latency = 1> <II = 1> <Delay = 0.67> <Storage> <Opcode : 'load' 'store'> <Ports = 2> <Width = 32> <Depth = 16> <RAM>
ST_1 : Operation 163 [1/1] ( I:0.67ns O:0.67ns )   --->   "%store_ln252 = store i32 0, i4 %bufC_80_addr" [hello.cpp:252]   --->   Operation 163 'store' 'store_ln252' <Predicate = (!tmp)> <Delay = 0.67> <CoreInst = "RAM">   --->   Core 82 'RAM' <Latency = 1> <II = 1> <Delay = 0.67> <Storage> <Opcode : 'load' 'store'> <Ports = 2> <Width = 32> <Depth = 16> <RAM>
ST_1 : Operation 164 [1/1] ( I:0.67ns O:0.67ns )   --->   "%store_ln252 = store i32 0, i4 %bufC_81_addr" [hello.cpp:252]   --->   Operation 164 'store' 'store_ln252' <Predicate = (!tmp)> <Delay = 0.67> <CoreInst = "RAM">   --->   Core 82 'RAM' <Latency = 1> <II = 1> <Delay = 0.67> <Storage> <Opcode : 'load' 'store'> <Ports = 2> <Width = 32> <Depth = 16> <RAM>
ST_1 : Operation 165 [1/1] ( I:0.67ns O:0.67ns )   --->   "%store_ln252 = store i32 0, i4 %bufC_82_addr" [hello.cpp:252]   --->   Operation 165 'store' 'store_ln252' <Predicate = (!tmp)> <Delay = 0.67> <CoreInst = "RAM">   --->   Core 82 'RAM' <Latency = 1> <II = 1> <Delay = 0.67> <Storage> <Opcode : 'load' 'store'> <Ports = 2> <Width = 32> <Depth = 16> <RAM>
ST_1 : Operation 166 [1/1] ( I:0.67ns O:0.67ns )   --->   "%store_ln252 = store i32 0, i4 %bufC_83_addr" [hello.cpp:252]   --->   Operation 166 'store' 'store_ln252' <Predicate = (!tmp)> <Delay = 0.67> <CoreInst = "RAM">   --->   Core 82 'RAM' <Latency = 1> <II = 1> <Delay = 0.67> <Storage> <Opcode : 'load' 'store'> <Ports = 2> <Width = 32> <Depth = 16> <RAM>
ST_1 : Operation 167 [1/1] ( I:0.67ns O:0.67ns )   --->   "%store_ln252 = store i32 0, i4 %bufC_84_addr" [hello.cpp:252]   --->   Operation 167 'store' 'store_ln252' <Predicate = (!tmp)> <Delay = 0.67> <CoreInst = "RAM">   --->   Core 82 'RAM' <Latency = 1> <II = 1> <Delay = 0.67> <Storage> <Opcode : 'load' 'store'> <Ports = 2> <Width = 32> <Depth = 16> <RAM>
ST_1 : Operation 168 [1/1] ( I:0.67ns O:0.67ns )   --->   "%store_ln252 = store i32 0, i4 %bufC_85_addr" [hello.cpp:252]   --->   Operation 168 'store' 'store_ln252' <Predicate = (!tmp)> <Delay = 0.67> <CoreInst = "RAM">   --->   Core 82 'RAM' <Latency = 1> <II = 1> <Delay = 0.67> <Storage> <Opcode : 'load' 'store'> <Ports = 2> <Width = 32> <Depth = 16> <RAM>
ST_1 : Operation 169 [1/1] ( I:0.67ns O:0.67ns )   --->   "%store_ln252 = store i32 0, i4 %bufC_86_addr" [hello.cpp:252]   --->   Operation 169 'store' 'store_ln252' <Predicate = (!tmp)> <Delay = 0.67> <CoreInst = "RAM">   --->   Core 82 'RAM' <Latency = 1> <II = 1> <Delay = 0.67> <Storage> <Opcode : 'load' 'store'> <Ports = 2> <Width = 32> <Depth = 16> <RAM>
ST_1 : Operation 170 [1/1] ( I:0.67ns O:0.67ns )   --->   "%store_ln252 = store i32 0, i4 %bufC_87_addr" [hello.cpp:252]   --->   Operation 170 'store' 'store_ln252' <Predicate = (!tmp)> <Delay = 0.67> <CoreInst = "RAM">   --->   Core 82 'RAM' <Latency = 1> <II = 1> <Delay = 0.67> <Storage> <Opcode : 'load' 'store'> <Ports = 2> <Width = 32> <Depth = 16> <RAM>
ST_1 : Operation 171 [1/1] ( I:0.67ns O:0.67ns )   --->   "%store_ln252 = store i32 0, i4 %bufC_88_addr" [hello.cpp:252]   --->   Operation 171 'store' 'store_ln252' <Predicate = (!tmp)> <Delay = 0.67> <CoreInst = "RAM">   --->   Core 82 'RAM' <Latency = 1> <II = 1> <Delay = 0.67> <Storage> <Opcode : 'load' 'store'> <Ports = 2> <Width = 32> <Depth = 16> <RAM>
ST_1 : Operation 172 [1/1] ( I:0.67ns O:0.67ns )   --->   "%store_ln252 = store i32 0, i4 %bufC_89_addr" [hello.cpp:252]   --->   Operation 172 'store' 'store_ln252' <Predicate = (!tmp)> <Delay = 0.67> <CoreInst = "RAM">   --->   Core 82 'RAM' <Latency = 1> <II = 1> <Delay = 0.67> <Storage> <Opcode : 'load' 'store'> <Ports = 2> <Width = 32> <Depth = 16> <RAM>
ST_1 : Operation 173 [1/1] ( I:0.67ns O:0.67ns )   --->   "%store_ln252 = store i32 0, i4 %bufC_90_addr" [hello.cpp:252]   --->   Operation 173 'store' 'store_ln252' <Predicate = (!tmp)> <Delay = 0.67> <CoreInst = "RAM">   --->   Core 82 'RAM' <Latency = 1> <II = 1> <Delay = 0.67> <Storage> <Opcode : 'load' 'store'> <Ports = 2> <Width = 32> <Depth = 16> <RAM>
ST_1 : Operation 174 [1/1] ( I:0.67ns O:0.67ns )   --->   "%store_ln252 = store i32 0, i4 %bufC_91_addr" [hello.cpp:252]   --->   Operation 174 'store' 'store_ln252' <Predicate = (!tmp)> <Delay = 0.67> <CoreInst = "RAM">   --->   Core 82 'RAM' <Latency = 1> <II = 1> <Delay = 0.67> <Storage> <Opcode : 'load' 'store'> <Ports = 2> <Width = 32> <Depth = 16> <RAM>
ST_1 : Operation 175 [1/1] ( I:0.67ns O:0.67ns )   --->   "%store_ln252 = store i32 0, i4 %bufC_92_addr" [hello.cpp:252]   --->   Operation 175 'store' 'store_ln252' <Predicate = (!tmp)> <Delay = 0.67> <CoreInst = "RAM">   --->   Core 82 'RAM' <Latency = 1> <II = 1> <Delay = 0.67> <Storage> <Opcode : 'load' 'store'> <Ports = 2> <Width = 32> <Depth = 16> <RAM>
ST_1 : Operation 176 [1/1] ( I:0.67ns O:0.67ns )   --->   "%store_ln252 = store i32 0, i4 %bufC_93_addr" [hello.cpp:252]   --->   Operation 176 'store' 'store_ln252' <Predicate = (!tmp)> <Delay = 0.67> <CoreInst = "RAM">   --->   Core 82 'RAM' <Latency = 1> <II = 1> <Delay = 0.67> <Storage> <Opcode : 'load' 'store'> <Ports = 2> <Width = 32> <Depth = 16> <RAM>
ST_1 : Operation 177 [1/1] ( I:0.67ns O:0.67ns )   --->   "%store_ln252 = store i32 0, i4 %bufC_94_addr" [hello.cpp:252]   --->   Operation 177 'store' 'store_ln252' <Predicate = (!tmp)> <Delay = 0.67> <CoreInst = "RAM">   --->   Core 82 'RAM' <Latency = 1> <II = 1> <Delay = 0.67> <Storage> <Opcode : 'load' 'store'> <Ports = 2> <Width = 32> <Depth = 16> <RAM>
ST_1 : Operation 178 [1/1] ( I:0.67ns O:0.67ns )   --->   "%store_ln252 = store i32 0, i4 %bufC_95_addr" [hello.cpp:252]   --->   Operation 178 'store' 'store_ln252' <Predicate = (!tmp)> <Delay = 0.67> <CoreInst = "RAM">   --->   Core 82 'RAM' <Latency = 1> <II = 1> <Delay = 0.67> <Storage> <Opcode : 'load' 'store'> <Ports = 2> <Width = 32> <Depth = 16> <RAM>
ST_1 : Operation 179 [1/1] ( I:0.67ns O:0.67ns )   --->   "%store_ln252 = store i32 0, i4 %bufC_96_addr" [hello.cpp:252]   --->   Operation 179 'store' 'store_ln252' <Predicate = (!tmp)> <Delay = 0.67> <CoreInst = "RAM">   --->   Core 82 'RAM' <Latency = 1> <II = 1> <Delay = 0.67> <Storage> <Opcode : 'load' 'store'> <Ports = 2> <Width = 32> <Depth = 16> <RAM>
ST_1 : Operation 180 [1/1] ( I:0.67ns O:0.67ns )   --->   "%store_ln252 = store i32 0, i4 %bufC_97_addr" [hello.cpp:252]   --->   Operation 180 'store' 'store_ln252' <Predicate = (!tmp)> <Delay = 0.67> <CoreInst = "RAM">   --->   Core 82 'RAM' <Latency = 1> <II = 1> <Delay = 0.67> <Storage> <Opcode : 'load' 'store'> <Ports = 2> <Width = 32> <Depth = 16> <RAM>
ST_1 : Operation 181 [1/1] ( I:0.67ns O:0.67ns )   --->   "%store_ln252 = store i32 0, i4 %bufC_98_addr" [hello.cpp:252]   --->   Operation 181 'store' 'store_ln252' <Predicate = (!tmp)> <Delay = 0.67> <CoreInst = "RAM">   --->   Core 82 'RAM' <Latency = 1> <II = 1> <Delay = 0.67> <Storage> <Opcode : 'load' 'store'> <Ports = 2> <Width = 32> <Depth = 16> <RAM>
ST_1 : Operation 182 [1/1] ( I:0.67ns O:0.67ns )   --->   "%store_ln252 = store i32 0, i4 %bufC_99_addr" [hello.cpp:252]   --->   Operation 182 'store' 'store_ln252' <Predicate = (!tmp)> <Delay = 0.67> <CoreInst = "RAM">   --->   Core 82 'RAM' <Latency = 1> <II = 1> <Delay = 0.67> <Storage> <Opcode : 'load' 'store'> <Ports = 2> <Width = 32> <Depth = 16> <RAM>
ST_1 : Operation 183 [1/1] ( I:0.67ns O:0.67ns )   --->   "%store_ln252 = store i32 0, i4 %bufC_100_addr" [hello.cpp:252]   --->   Operation 183 'store' 'store_ln252' <Predicate = (!tmp)> <Delay = 0.67> <CoreInst = "RAM">   --->   Core 82 'RAM' <Latency = 1> <II = 1> <Delay = 0.67> <Storage> <Opcode : 'load' 'store'> <Ports = 2> <Width = 32> <Depth = 16> <RAM>
ST_1 : Operation 184 [1/1] ( I:0.67ns O:0.67ns )   --->   "%store_ln252 = store i32 0, i4 %bufC_101_addr" [hello.cpp:252]   --->   Operation 184 'store' 'store_ln252' <Predicate = (!tmp)> <Delay = 0.67> <CoreInst = "RAM">   --->   Core 82 'RAM' <Latency = 1> <II = 1> <Delay = 0.67> <Storage> <Opcode : 'load' 'store'> <Ports = 2> <Width = 32> <Depth = 16> <RAM>
ST_1 : Operation 185 [1/1] ( I:0.67ns O:0.67ns )   --->   "%store_ln252 = store i32 0, i4 %bufC_102_addr" [hello.cpp:252]   --->   Operation 185 'store' 'store_ln252' <Predicate = (!tmp)> <Delay = 0.67> <CoreInst = "RAM">   --->   Core 82 'RAM' <Latency = 1> <II = 1> <Delay = 0.67> <Storage> <Opcode : 'load' 'store'> <Ports = 2> <Width = 32> <Depth = 16> <RAM>
ST_1 : Operation 186 [1/1] ( I:0.67ns O:0.67ns )   --->   "%store_ln252 = store i32 0, i4 %bufC_103_addr" [hello.cpp:252]   --->   Operation 186 'store' 'store_ln252' <Predicate = (!tmp)> <Delay = 0.67> <CoreInst = "RAM">   --->   Core 82 'RAM' <Latency = 1> <II = 1> <Delay = 0.67> <Storage> <Opcode : 'load' 'store'> <Ports = 2> <Width = 32> <Depth = 16> <RAM>
ST_1 : Operation 187 [1/1] ( I:0.67ns O:0.67ns )   --->   "%store_ln252 = store i32 0, i4 %bufC_104_addr" [hello.cpp:252]   --->   Operation 187 'store' 'store_ln252' <Predicate = (!tmp)> <Delay = 0.67> <CoreInst = "RAM">   --->   Core 82 'RAM' <Latency = 1> <II = 1> <Delay = 0.67> <Storage> <Opcode : 'load' 'store'> <Ports = 2> <Width = 32> <Depth = 16> <RAM>
ST_1 : Operation 188 [1/1] ( I:0.67ns O:0.67ns )   --->   "%store_ln252 = store i32 0, i4 %bufC_105_addr" [hello.cpp:252]   --->   Operation 188 'store' 'store_ln252' <Predicate = (!tmp)> <Delay = 0.67> <CoreInst = "RAM">   --->   Core 82 'RAM' <Latency = 1> <II = 1> <Delay = 0.67> <Storage> <Opcode : 'load' 'store'> <Ports = 2> <Width = 32> <Depth = 16> <RAM>
ST_1 : Operation 189 [1/1] ( I:0.67ns O:0.67ns )   --->   "%store_ln252 = store i32 0, i4 %bufC_106_addr" [hello.cpp:252]   --->   Operation 189 'store' 'store_ln252' <Predicate = (!tmp)> <Delay = 0.67> <CoreInst = "RAM">   --->   Core 82 'RAM' <Latency = 1> <II = 1> <Delay = 0.67> <Storage> <Opcode : 'load' 'store'> <Ports = 2> <Width = 32> <Depth = 16> <RAM>
ST_1 : Operation 190 [1/1] ( I:0.67ns O:0.67ns )   --->   "%store_ln252 = store i32 0, i4 %bufC_107_addr" [hello.cpp:252]   --->   Operation 190 'store' 'store_ln252' <Predicate = (!tmp)> <Delay = 0.67> <CoreInst = "RAM">   --->   Core 82 'RAM' <Latency = 1> <II = 1> <Delay = 0.67> <Storage> <Opcode : 'load' 'store'> <Ports = 2> <Width = 32> <Depth = 16> <RAM>
ST_1 : Operation 191 [1/1] ( I:0.67ns O:0.67ns )   --->   "%store_ln252 = store i32 0, i4 %bufC_108_addr" [hello.cpp:252]   --->   Operation 191 'store' 'store_ln252' <Predicate = (!tmp)> <Delay = 0.67> <CoreInst = "RAM">   --->   Core 82 'RAM' <Latency = 1> <II = 1> <Delay = 0.67> <Storage> <Opcode : 'load' 'store'> <Ports = 2> <Width = 32> <Depth = 16> <RAM>
ST_1 : Operation 192 [1/1] ( I:0.67ns O:0.67ns )   --->   "%store_ln252 = store i32 0, i4 %bufC_109_addr" [hello.cpp:252]   --->   Operation 192 'store' 'store_ln252' <Predicate = (!tmp)> <Delay = 0.67> <CoreInst = "RAM">   --->   Core 82 'RAM' <Latency = 1> <II = 1> <Delay = 0.67> <Storage> <Opcode : 'load' 'store'> <Ports = 2> <Width = 32> <Depth = 16> <RAM>
ST_1 : Operation 193 [1/1] ( I:0.67ns O:0.67ns )   --->   "%store_ln252 = store i32 0, i4 %bufC_110_addr" [hello.cpp:252]   --->   Operation 193 'store' 'store_ln252' <Predicate = (!tmp)> <Delay = 0.67> <CoreInst = "RAM">   --->   Core 82 'RAM' <Latency = 1> <II = 1> <Delay = 0.67> <Storage> <Opcode : 'load' 'store'> <Ports = 2> <Width = 32> <Depth = 16> <RAM>
ST_1 : Operation 194 [1/1] ( I:0.67ns O:0.67ns )   --->   "%store_ln252 = store i32 0, i4 %bufC_111_addr" [hello.cpp:252]   --->   Operation 194 'store' 'store_ln252' <Predicate = (!tmp)> <Delay = 0.67> <CoreInst = "RAM">   --->   Core 82 'RAM' <Latency = 1> <II = 1> <Delay = 0.67> <Storage> <Opcode : 'load' 'store'> <Ports = 2> <Width = 32> <Depth = 16> <RAM>
ST_1 : Operation 195 [1/1] ( I:0.67ns O:0.67ns )   --->   "%store_ln252 = store i32 0, i4 %bufC_112_addr" [hello.cpp:252]   --->   Operation 195 'store' 'store_ln252' <Predicate = (!tmp)> <Delay = 0.67> <CoreInst = "RAM">   --->   Core 82 'RAM' <Latency = 1> <II = 1> <Delay = 0.67> <Storage> <Opcode : 'load' 'store'> <Ports = 2> <Width = 32> <Depth = 16> <RAM>
ST_1 : Operation 196 [1/1] ( I:0.67ns O:0.67ns )   --->   "%store_ln252 = store i32 0, i4 %bufC_113_addr" [hello.cpp:252]   --->   Operation 196 'store' 'store_ln252' <Predicate = (!tmp)> <Delay = 0.67> <CoreInst = "RAM">   --->   Core 82 'RAM' <Latency = 1> <II = 1> <Delay = 0.67> <Storage> <Opcode : 'load' 'store'> <Ports = 2> <Width = 32> <Depth = 16> <RAM>
ST_1 : Operation 197 [1/1] ( I:0.67ns O:0.67ns )   --->   "%store_ln252 = store i32 0, i4 %bufC_114_addr" [hello.cpp:252]   --->   Operation 197 'store' 'store_ln252' <Predicate = (!tmp)> <Delay = 0.67> <CoreInst = "RAM">   --->   Core 82 'RAM' <Latency = 1> <II = 1> <Delay = 0.67> <Storage> <Opcode : 'load' 'store'> <Ports = 2> <Width = 32> <Depth = 16> <RAM>
ST_1 : Operation 198 [1/1] ( I:0.67ns O:0.67ns )   --->   "%store_ln252 = store i32 0, i4 %bufC_115_addr" [hello.cpp:252]   --->   Operation 198 'store' 'store_ln252' <Predicate = (!tmp)> <Delay = 0.67> <CoreInst = "RAM">   --->   Core 82 'RAM' <Latency = 1> <II = 1> <Delay = 0.67> <Storage> <Opcode : 'load' 'store'> <Ports = 2> <Width = 32> <Depth = 16> <RAM>
ST_1 : Operation 199 [1/1] ( I:0.67ns O:0.67ns )   --->   "%store_ln252 = store i32 0, i4 %bufC_116_addr" [hello.cpp:252]   --->   Operation 199 'store' 'store_ln252' <Predicate = (!tmp)> <Delay = 0.67> <CoreInst = "RAM">   --->   Core 82 'RAM' <Latency = 1> <II = 1> <Delay = 0.67> <Storage> <Opcode : 'load' 'store'> <Ports = 2> <Width = 32> <Depth = 16> <RAM>
ST_1 : Operation 200 [1/1] ( I:0.67ns O:0.67ns )   --->   "%store_ln252 = store i32 0, i4 %bufC_117_addr" [hello.cpp:252]   --->   Operation 200 'store' 'store_ln252' <Predicate = (!tmp)> <Delay = 0.67> <CoreInst = "RAM">   --->   Core 82 'RAM' <Latency = 1> <II = 1> <Delay = 0.67> <Storage> <Opcode : 'load' 'store'> <Ports = 2> <Width = 32> <Depth = 16> <RAM>
ST_1 : Operation 201 [1/1] ( I:0.67ns O:0.67ns )   --->   "%store_ln252 = store i32 0, i4 %bufC_118_addr" [hello.cpp:252]   --->   Operation 201 'store' 'store_ln252' <Predicate = (!tmp)> <Delay = 0.67> <CoreInst = "RAM">   --->   Core 82 'RAM' <Latency = 1> <II = 1> <Delay = 0.67> <Storage> <Opcode : 'load' 'store'> <Ports = 2> <Width = 32> <Depth = 16> <RAM>
ST_1 : Operation 202 [1/1] ( I:0.67ns O:0.67ns )   --->   "%store_ln252 = store i32 0, i4 %bufC_119_addr" [hello.cpp:252]   --->   Operation 202 'store' 'store_ln252' <Predicate = (!tmp)> <Delay = 0.67> <CoreInst = "RAM">   --->   Core 82 'RAM' <Latency = 1> <II = 1> <Delay = 0.67> <Storage> <Opcode : 'load' 'store'> <Ports = 2> <Width = 32> <Depth = 16> <RAM>
ST_1 : Operation 203 [1/1] ( I:0.67ns O:0.67ns )   --->   "%store_ln252 = store i32 0, i4 %bufC_120_addr" [hello.cpp:252]   --->   Operation 203 'store' 'store_ln252' <Predicate = (!tmp)> <Delay = 0.67> <CoreInst = "RAM">   --->   Core 82 'RAM' <Latency = 1> <II = 1> <Delay = 0.67> <Storage> <Opcode : 'load' 'store'> <Ports = 2> <Width = 32> <Depth = 16> <RAM>
ST_1 : Operation 204 [1/1] ( I:0.67ns O:0.67ns )   --->   "%store_ln252 = store i32 0, i4 %bufC_121_addr" [hello.cpp:252]   --->   Operation 204 'store' 'store_ln252' <Predicate = (!tmp)> <Delay = 0.67> <CoreInst = "RAM">   --->   Core 82 'RAM' <Latency = 1> <II = 1> <Delay = 0.67> <Storage> <Opcode : 'load' 'store'> <Ports = 2> <Width = 32> <Depth = 16> <RAM>
ST_1 : Operation 205 [1/1] ( I:0.67ns O:0.67ns )   --->   "%store_ln252 = store i32 0, i4 %bufC_122_addr" [hello.cpp:252]   --->   Operation 205 'store' 'store_ln252' <Predicate = (!tmp)> <Delay = 0.67> <CoreInst = "RAM">   --->   Core 82 'RAM' <Latency = 1> <II = 1> <Delay = 0.67> <Storage> <Opcode : 'load' 'store'> <Ports = 2> <Width = 32> <Depth = 16> <RAM>
ST_1 : Operation 206 [1/1] ( I:0.67ns O:0.67ns )   --->   "%store_ln252 = store i32 0, i4 %bufC_123_addr" [hello.cpp:252]   --->   Operation 206 'store' 'store_ln252' <Predicate = (!tmp)> <Delay = 0.67> <CoreInst = "RAM">   --->   Core 82 'RAM' <Latency = 1> <II = 1> <Delay = 0.67> <Storage> <Opcode : 'load' 'store'> <Ports = 2> <Width = 32> <Depth = 16> <RAM>
ST_1 : Operation 207 [1/1] ( I:0.67ns O:0.67ns )   --->   "%store_ln252 = store i32 0, i4 %bufC_124_addr" [hello.cpp:252]   --->   Operation 207 'store' 'store_ln252' <Predicate = (!tmp)> <Delay = 0.67> <CoreInst = "RAM">   --->   Core 82 'RAM' <Latency = 1> <II = 1> <Delay = 0.67> <Storage> <Opcode : 'load' 'store'> <Ports = 2> <Width = 32> <Depth = 16> <RAM>
ST_1 : Operation 208 [1/1] ( I:0.67ns O:0.67ns )   --->   "%store_ln252 = store i32 0, i4 %bufC_125_addr" [hello.cpp:252]   --->   Operation 208 'store' 'store_ln252' <Predicate = (!tmp)> <Delay = 0.67> <CoreInst = "RAM">   --->   Core 82 'RAM' <Latency = 1> <II = 1> <Delay = 0.67> <Storage> <Opcode : 'load' 'store'> <Ports = 2> <Width = 32> <Depth = 16> <RAM>
ST_1 : Operation 209 [1/1] ( I:0.67ns O:0.67ns )   --->   "%store_ln252 = store i32 0, i4 %bufC_126_addr" [hello.cpp:252]   --->   Operation 209 'store' 'store_ln252' <Predicate = (!tmp)> <Delay = 0.67> <CoreInst = "RAM">   --->   Core 82 'RAM' <Latency = 1> <II = 1> <Delay = 0.67> <Storage> <Opcode : 'load' 'store'> <Ports = 2> <Width = 32> <Depth = 16> <RAM>
ST_1 : Operation 210 [1/1] ( I:0.67ns O:0.67ns )   --->   "%store_ln252 = store i32 0, i4 %bufC_addr_1" [hello.cpp:252]   --->   Operation 210 'store' 'store_ln252' <Predicate = (!tmp)> <Delay = 0.67> <CoreInst = "RAM">   --->   Core 82 'RAM' <Latency = 1> <II = 1> <Delay = 0.67> <Storage> <Opcode : 'load' 'store'> <Ports = 2> <Width = 32> <Depth = 16> <RAM>
ST_1 : Operation 211 [1/1] ( I:0.67ns O:0.67ns )   --->   "%store_ln252 = store i32 0, i4 %bufC_64_addr_1" [hello.cpp:252]   --->   Operation 211 'store' 'store_ln252' <Predicate = (!tmp)> <Delay = 0.67> <CoreInst = "RAM">   --->   Core 82 'RAM' <Latency = 1> <II = 1> <Delay = 0.67> <Storage> <Opcode : 'load' 'store'> <Ports = 2> <Width = 32> <Depth = 16> <RAM>
ST_1 : Operation 212 [1/1] ( I:0.67ns O:0.67ns )   --->   "%store_ln252 = store i32 0, i4 %bufC_65_addr_1" [hello.cpp:252]   --->   Operation 212 'store' 'store_ln252' <Predicate = (!tmp)> <Delay = 0.67> <CoreInst = "RAM">   --->   Core 82 'RAM' <Latency = 1> <II = 1> <Delay = 0.67> <Storage> <Opcode : 'load' 'store'> <Ports = 2> <Width = 32> <Depth = 16> <RAM>
ST_1 : Operation 213 [1/1] ( I:0.67ns O:0.67ns )   --->   "%store_ln252 = store i32 0, i4 %bufC_66_addr_1" [hello.cpp:252]   --->   Operation 213 'store' 'store_ln252' <Predicate = (!tmp)> <Delay = 0.67> <CoreInst = "RAM">   --->   Core 82 'RAM' <Latency = 1> <II = 1> <Delay = 0.67> <Storage> <Opcode : 'load' 'store'> <Ports = 2> <Width = 32> <Depth = 16> <RAM>
ST_1 : Operation 214 [1/1] ( I:0.67ns O:0.67ns )   --->   "%store_ln252 = store i32 0, i4 %bufC_67_addr_1" [hello.cpp:252]   --->   Operation 214 'store' 'store_ln252' <Predicate = (!tmp)> <Delay = 0.67> <CoreInst = "RAM">   --->   Core 82 'RAM' <Latency = 1> <II = 1> <Delay = 0.67> <Storage> <Opcode : 'load' 'store'> <Ports = 2> <Width = 32> <Depth = 16> <RAM>
ST_1 : Operation 215 [1/1] ( I:0.67ns O:0.67ns )   --->   "%store_ln252 = store i32 0, i4 %bufC_68_addr_1" [hello.cpp:252]   --->   Operation 215 'store' 'store_ln252' <Predicate = (!tmp)> <Delay = 0.67> <CoreInst = "RAM">   --->   Core 82 'RAM' <Latency = 1> <II = 1> <Delay = 0.67> <Storage> <Opcode : 'load' 'store'> <Ports = 2> <Width = 32> <Depth = 16> <RAM>
ST_1 : Operation 216 [1/1] ( I:0.67ns O:0.67ns )   --->   "%store_ln252 = store i32 0, i4 %bufC_69_addr_1" [hello.cpp:252]   --->   Operation 216 'store' 'store_ln252' <Predicate = (!tmp)> <Delay = 0.67> <CoreInst = "RAM">   --->   Core 82 'RAM' <Latency = 1> <II = 1> <Delay = 0.67> <Storage> <Opcode : 'load' 'store'> <Ports = 2> <Width = 32> <Depth = 16> <RAM>
ST_1 : Operation 217 [1/1] ( I:0.67ns O:0.67ns )   --->   "%store_ln252 = store i32 0, i4 %bufC_70_addr_1" [hello.cpp:252]   --->   Operation 217 'store' 'store_ln252' <Predicate = (!tmp)> <Delay = 0.67> <CoreInst = "RAM">   --->   Core 82 'RAM' <Latency = 1> <II = 1> <Delay = 0.67> <Storage> <Opcode : 'load' 'store'> <Ports = 2> <Width = 32> <Depth = 16> <RAM>
ST_1 : Operation 218 [1/1] ( I:0.67ns O:0.67ns )   --->   "%store_ln252 = store i32 0, i4 %bufC_71_addr_1" [hello.cpp:252]   --->   Operation 218 'store' 'store_ln252' <Predicate = (!tmp)> <Delay = 0.67> <CoreInst = "RAM">   --->   Core 82 'RAM' <Latency = 1> <II = 1> <Delay = 0.67> <Storage> <Opcode : 'load' 'store'> <Ports = 2> <Width = 32> <Depth = 16> <RAM>
ST_1 : Operation 219 [1/1] ( I:0.67ns O:0.67ns )   --->   "%store_ln252 = store i32 0, i4 %bufC_72_addr_1" [hello.cpp:252]   --->   Operation 219 'store' 'store_ln252' <Predicate = (!tmp)> <Delay = 0.67> <CoreInst = "RAM">   --->   Core 82 'RAM' <Latency = 1> <II = 1> <Delay = 0.67> <Storage> <Opcode : 'load' 'store'> <Ports = 2> <Width = 32> <Depth = 16> <RAM>
ST_1 : Operation 220 [1/1] ( I:0.67ns O:0.67ns )   --->   "%store_ln252 = store i32 0, i4 %bufC_73_addr_1" [hello.cpp:252]   --->   Operation 220 'store' 'store_ln252' <Predicate = (!tmp)> <Delay = 0.67> <CoreInst = "RAM">   --->   Core 82 'RAM' <Latency = 1> <II = 1> <Delay = 0.67> <Storage> <Opcode : 'load' 'store'> <Ports = 2> <Width = 32> <Depth = 16> <RAM>
ST_1 : Operation 221 [1/1] ( I:0.67ns O:0.67ns )   --->   "%store_ln252 = store i32 0, i4 %bufC_74_addr_1" [hello.cpp:252]   --->   Operation 221 'store' 'store_ln252' <Predicate = (!tmp)> <Delay = 0.67> <CoreInst = "RAM">   --->   Core 82 'RAM' <Latency = 1> <II = 1> <Delay = 0.67> <Storage> <Opcode : 'load' 'store'> <Ports = 2> <Width = 32> <Depth = 16> <RAM>
ST_1 : Operation 222 [1/1] ( I:0.67ns O:0.67ns )   --->   "%store_ln252 = store i32 0, i4 %bufC_75_addr_1" [hello.cpp:252]   --->   Operation 222 'store' 'store_ln252' <Predicate = (!tmp)> <Delay = 0.67> <CoreInst = "RAM">   --->   Core 82 'RAM' <Latency = 1> <II = 1> <Delay = 0.67> <Storage> <Opcode : 'load' 'store'> <Ports = 2> <Width = 32> <Depth = 16> <RAM>
ST_1 : Operation 223 [1/1] ( I:0.67ns O:0.67ns )   --->   "%store_ln252 = store i32 0, i4 %bufC_76_addr_1" [hello.cpp:252]   --->   Operation 223 'store' 'store_ln252' <Predicate = (!tmp)> <Delay = 0.67> <CoreInst = "RAM">   --->   Core 82 'RAM' <Latency = 1> <II = 1> <Delay = 0.67> <Storage> <Opcode : 'load' 'store'> <Ports = 2> <Width = 32> <Depth = 16> <RAM>
ST_1 : Operation 224 [1/1] ( I:0.67ns O:0.67ns )   --->   "%store_ln252 = store i32 0, i4 %bufC_77_addr_1" [hello.cpp:252]   --->   Operation 224 'store' 'store_ln252' <Predicate = (!tmp)> <Delay = 0.67> <CoreInst = "RAM">   --->   Core 82 'RAM' <Latency = 1> <II = 1> <Delay = 0.67> <Storage> <Opcode : 'load' 'store'> <Ports = 2> <Width = 32> <Depth = 16> <RAM>
ST_1 : Operation 225 [1/1] ( I:0.67ns O:0.67ns )   --->   "%store_ln252 = store i32 0, i4 %bufC_78_addr_1" [hello.cpp:252]   --->   Operation 225 'store' 'store_ln252' <Predicate = (!tmp)> <Delay = 0.67> <CoreInst = "RAM">   --->   Core 82 'RAM' <Latency = 1> <II = 1> <Delay = 0.67> <Storage> <Opcode : 'load' 'store'> <Ports = 2> <Width = 32> <Depth = 16> <RAM>
ST_1 : Operation 226 [1/1] ( I:0.67ns O:0.67ns )   --->   "%store_ln252 = store i32 0, i4 %bufC_79_addr_1" [hello.cpp:252]   --->   Operation 226 'store' 'store_ln252' <Predicate = (!tmp)> <Delay = 0.67> <CoreInst = "RAM">   --->   Core 82 'RAM' <Latency = 1> <II = 1> <Delay = 0.67> <Storage> <Opcode : 'load' 'store'> <Ports = 2> <Width = 32> <Depth = 16> <RAM>
ST_1 : Operation 227 [1/1] ( I:0.67ns O:0.67ns )   --->   "%store_ln252 = store i32 0, i4 %bufC_80_addr_1" [hello.cpp:252]   --->   Operation 227 'store' 'store_ln252' <Predicate = (!tmp)> <Delay = 0.67> <CoreInst = "RAM">   --->   Core 82 'RAM' <Latency = 1> <II = 1> <Delay = 0.67> <Storage> <Opcode : 'load' 'store'> <Ports = 2> <Width = 32> <Depth = 16> <RAM>
ST_1 : Operation 228 [1/1] ( I:0.67ns O:0.67ns )   --->   "%store_ln252 = store i32 0, i4 %bufC_81_addr_1" [hello.cpp:252]   --->   Operation 228 'store' 'store_ln252' <Predicate = (!tmp)> <Delay = 0.67> <CoreInst = "RAM">   --->   Core 82 'RAM' <Latency = 1> <II = 1> <Delay = 0.67> <Storage> <Opcode : 'load' 'store'> <Ports = 2> <Width = 32> <Depth = 16> <RAM>
ST_1 : Operation 229 [1/1] ( I:0.67ns O:0.67ns )   --->   "%store_ln252 = store i32 0, i4 %bufC_82_addr_1" [hello.cpp:252]   --->   Operation 229 'store' 'store_ln252' <Predicate = (!tmp)> <Delay = 0.67> <CoreInst = "RAM">   --->   Core 82 'RAM' <Latency = 1> <II = 1> <Delay = 0.67> <Storage> <Opcode : 'load' 'store'> <Ports = 2> <Width = 32> <Depth = 16> <RAM>
ST_1 : Operation 230 [1/1] ( I:0.67ns O:0.67ns )   --->   "%store_ln252 = store i32 0, i4 %bufC_83_addr_1" [hello.cpp:252]   --->   Operation 230 'store' 'store_ln252' <Predicate = (!tmp)> <Delay = 0.67> <CoreInst = "RAM">   --->   Core 82 'RAM' <Latency = 1> <II = 1> <Delay = 0.67> <Storage> <Opcode : 'load' 'store'> <Ports = 2> <Width = 32> <Depth = 16> <RAM>
ST_1 : Operation 231 [1/1] ( I:0.67ns O:0.67ns )   --->   "%store_ln252 = store i32 0, i4 %bufC_84_addr_1" [hello.cpp:252]   --->   Operation 231 'store' 'store_ln252' <Predicate = (!tmp)> <Delay = 0.67> <CoreInst = "RAM">   --->   Core 82 'RAM' <Latency = 1> <II = 1> <Delay = 0.67> <Storage> <Opcode : 'load' 'store'> <Ports = 2> <Width = 32> <Depth = 16> <RAM>
ST_1 : Operation 232 [1/1] ( I:0.67ns O:0.67ns )   --->   "%store_ln252 = store i32 0, i4 %bufC_85_addr_1" [hello.cpp:252]   --->   Operation 232 'store' 'store_ln252' <Predicate = (!tmp)> <Delay = 0.67> <CoreInst = "RAM">   --->   Core 82 'RAM' <Latency = 1> <II = 1> <Delay = 0.67> <Storage> <Opcode : 'load' 'store'> <Ports = 2> <Width = 32> <Depth = 16> <RAM>
ST_1 : Operation 233 [1/1] ( I:0.67ns O:0.67ns )   --->   "%store_ln252 = store i32 0, i4 %bufC_86_addr_1" [hello.cpp:252]   --->   Operation 233 'store' 'store_ln252' <Predicate = (!tmp)> <Delay = 0.67> <CoreInst = "RAM">   --->   Core 82 'RAM' <Latency = 1> <II = 1> <Delay = 0.67> <Storage> <Opcode : 'load' 'store'> <Ports = 2> <Width = 32> <Depth = 16> <RAM>
ST_1 : Operation 234 [1/1] ( I:0.67ns O:0.67ns )   --->   "%store_ln252 = store i32 0, i4 %bufC_87_addr_1" [hello.cpp:252]   --->   Operation 234 'store' 'store_ln252' <Predicate = (!tmp)> <Delay = 0.67> <CoreInst = "RAM">   --->   Core 82 'RAM' <Latency = 1> <II = 1> <Delay = 0.67> <Storage> <Opcode : 'load' 'store'> <Ports = 2> <Width = 32> <Depth = 16> <RAM>
ST_1 : Operation 235 [1/1] ( I:0.67ns O:0.67ns )   --->   "%store_ln252 = store i32 0, i4 %bufC_88_addr_1" [hello.cpp:252]   --->   Operation 235 'store' 'store_ln252' <Predicate = (!tmp)> <Delay = 0.67> <CoreInst = "RAM">   --->   Core 82 'RAM' <Latency = 1> <II = 1> <Delay = 0.67> <Storage> <Opcode : 'load' 'store'> <Ports = 2> <Width = 32> <Depth = 16> <RAM>
ST_1 : Operation 236 [1/1] ( I:0.67ns O:0.67ns )   --->   "%store_ln252 = store i32 0, i4 %bufC_89_addr_1" [hello.cpp:252]   --->   Operation 236 'store' 'store_ln252' <Predicate = (!tmp)> <Delay = 0.67> <CoreInst = "RAM">   --->   Core 82 'RAM' <Latency = 1> <II = 1> <Delay = 0.67> <Storage> <Opcode : 'load' 'store'> <Ports = 2> <Width = 32> <Depth = 16> <RAM>
ST_1 : Operation 237 [1/1] ( I:0.67ns O:0.67ns )   --->   "%store_ln252 = store i32 0, i4 %bufC_90_addr_1" [hello.cpp:252]   --->   Operation 237 'store' 'store_ln252' <Predicate = (!tmp)> <Delay = 0.67> <CoreInst = "RAM">   --->   Core 82 'RAM' <Latency = 1> <II = 1> <Delay = 0.67> <Storage> <Opcode : 'load' 'store'> <Ports = 2> <Width = 32> <Depth = 16> <RAM>
ST_1 : Operation 238 [1/1] ( I:0.67ns O:0.67ns )   --->   "%store_ln252 = store i32 0, i4 %bufC_91_addr_1" [hello.cpp:252]   --->   Operation 238 'store' 'store_ln252' <Predicate = (!tmp)> <Delay = 0.67> <CoreInst = "RAM">   --->   Core 82 'RAM' <Latency = 1> <II = 1> <Delay = 0.67> <Storage> <Opcode : 'load' 'store'> <Ports = 2> <Width = 32> <Depth = 16> <RAM>
ST_1 : Operation 239 [1/1] ( I:0.67ns O:0.67ns )   --->   "%store_ln252 = store i32 0, i4 %bufC_92_addr_1" [hello.cpp:252]   --->   Operation 239 'store' 'store_ln252' <Predicate = (!tmp)> <Delay = 0.67> <CoreInst = "RAM">   --->   Core 82 'RAM' <Latency = 1> <II = 1> <Delay = 0.67> <Storage> <Opcode : 'load' 'store'> <Ports = 2> <Width = 32> <Depth = 16> <RAM>
ST_1 : Operation 240 [1/1] ( I:0.67ns O:0.67ns )   --->   "%store_ln252 = store i32 0, i4 %bufC_93_addr_1" [hello.cpp:252]   --->   Operation 240 'store' 'store_ln252' <Predicate = (!tmp)> <Delay = 0.67> <CoreInst = "RAM">   --->   Core 82 'RAM' <Latency = 1> <II = 1> <Delay = 0.67> <Storage> <Opcode : 'load' 'store'> <Ports = 2> <Width = 32> <Depth = 16> <RAM>
ST_1 : Operation 241 [1/1] ( I:0.67ns O:0.67ns )   --->   "%store_ln252 = store i32 0, i4 %bufC_94_addr_1" [hello.cpp:252]   --->   Operation 241 'store' 'store_ln252' <Predicate = (!tmp)> <Delay = 0.67> <CoreInst = "RAM">   --->   Core 82 'RAM' <Latency = 1> <II = 1> <Delay = 0.67> <Storage> <Opcode : 'load' 'store'> <Ports = 2> <Width = 32> <Depth = 16> <RAM>
ST_1 : Operation 242 [1/1] ( I:0.67ns O:0.67ns )   --->   "%store_ln252 = store i32 0, i4 %bufC_95_addr_1" [hello.cpp:252]   --->   Operation 242 'store' 'store_ln252' <Predicate = (!tmp)> <Delay = 0.67> <CoreInst = "RAM">   --->   Core 82 'RAM' <Latency = 1> <II = 1> <Delay = 0.67> <Storage> <Opcode : 'load' 'store'> <Ports = 2> <Width = 32> <Depth = 16> <RAM>
ST_1 : Operation 243 [1/1] ( I:0.67ns O:0.67ns )   --->   "%store_ln252 = store i32 0, i4 %bufC_96_addr_1" [hello.cpp:252]   --->   Operation 243 'store' 'store_ln252' <Predicate = (!tmp)> <Delay = 0.67> <CoreInst = "RAM">   --->   Core 82 'RAM' <Latency = 1> <II = 1> <Delay = 0.67> <Storage> <Opcode : 'load' 'store'> <Ports = 2> <Width = 32> <Depth = 16> <RAM>
ST_1 : Operation 244 [1/1] ( I:0.67ns O:0.67ns )   --->   "%store_ln252 = store i32 0, i4 %bufC_97_addr_1" [hello.cpp:252]   --->   Operation 244 'store' 'store_ln252' <Predicate = (!tmp)> <Delay = 0.67> <CoreInst = "RAM">   --->   Core 82 'RAM' <Latency = 1> <II = 1> <Delay = 0.67> <Storage> <Opcode : 'load' 'store'> <Ports = 2> <Width = 32> <Depth = 16> <RAM>
ST_1 : Operation 245 [1/1] ( I:0.67ns O:0.67ns )   --->   "%store_ln252 = store i32 0, i4 %bufC_98_addr_1" [hello.cpp:252]   --->   Operation 245 'store' 'store_ln252' <Predicate = (!tmp)> <Delay = 0.67> <CoreInst = "RAM">   --->   Core 82 'RAM' <Latency = 1> <II = 1> <Delay = 0.67> <Storage> <Opcode : 'load' 'store'> <Ports = 2> <Width = 32> <Depth = 16> <RAM>
ST_1 : Operation 246 [1/1] ( I:0.67ns O:0.67ns )   --->   "%store_ln252 = store i32 0, i4 %bufC_99_addr_1" [hello.cpp:252]   --->   Operation 246 'store' 'store_ln252' <Predicate = (!tmp)> <Delay = 0.67> <CoreInst = "RAM">   --->   Core 82 'RAM' <Latency = 1> <II = 1> <Delay = 0.67> <Storage> <Opcode : 'load' 'store'> <Ports = 2> <Width = 32> <Depth = 16> <RAM>
ST_1 : Operation 247 [1/1] ( I:0.67ns O:0.67ns )   --->   "%store_ln252 = store i32 0, i4 %bufC_100_addr_1" [hello.cpp:252]   --->   Operation 247 'store' 'store_ln252' <Predicate = (!tmp)> <Delay = 0.67> <CoreInst = "RAM">   --->   Core 82 'RAM' <Latency = 1> <II = 1> <Delay = 0.67> <Storage> <Opcode : 'load' 'store'> <Ports = 2> <Width = 32> <Depth = 16> <RAM>
ST_1 : Operation 248 [1/1] ( I:0.67ns O:0.67ns )   --->   "%store_ln252 = store i32 0, i4 %bufC_101_addr_1" [hello.cpp:252]   --->   Operation 248 'store' 'store_ln252' <Predicate = (!tmp)> <Delay = 0.67> <CoreInst = "RAM">   --->   Core 82 'RAM' <Latency = 1> <II = 1> <Delay = 0.67> <Storage> <Opcode : 'load' 'store'> <Ports = 2> <Width = 32> <Depth = 16> <RAM>
ST_1 : Operation 249 [1/1] ( I:0.67ns O:0.67ns )   --->   "%store_ln252 = store i32 0, i4 %bufC_102_addr_1" [hello.cpp:252]   --->   Operation 249 'store' 'store_ln252' <Predicate = (!tmp)> <Delay = 0.67> <CoreInst = "RAM">   --->   Core 82 'RAM' <Latency = 1> <II = 1> <Delay = 0.67> <Storage> <Opcode : 'load' 'store'> <Ports = 2> <Width = 32> <Depth = 16> <RAM>
ST_1 : Operation 250 [1/1] ( I:0.67ns O:0.67ns )   --->   "%store_ln252 = store i32 0, i4 %bufC_103_addr_1" [hello.cpp:252]   --->   Operation 250 'store' 'store_ln252' <Predicate = (!tmp)> <Delay = 0.67> <CoreInst = "RAM">   --->   Core 82 'RAM' <Latency = 1> <II = 1> <Delay = 0.67> <Storage> <Opcode : 'load' 'store'> <Ports = 2> <Width = 32> <Depth = 16> <RAM>
ST_1 : Operation 251 [1/1] ( I:0.67ns O:0.67ns )   --->   "%store_ln252 = store i32 0, i4 %bufC_104_addr_1" [hello.cpp:252]   --->   Operation 251 'store' 'store_ln252' <Predicate = (!tmp)> <Delay = 0.67> <CoreInst = "RAM">   --->   Core 82 'RAM' <Latency = 1> <II = 1> <Delay = 0.67> <Storage> <Opcode : 'load' 'store'> <Ports = 2> <Width = 32> <Depth = 16> <RAM>
ST_1 : Operation 252 [1/1] ( I:0.67ns O:0.67ns )   --->   "%store_ln252 = store i32 0, i4 %bufC_105_addr_1" [hello.cpp:252]   --->   Operation 252 'store' 'store_ln252' <Predicate = (!tmp)> <Delay = 0.67> <CoreInst = "RAM">   --->   Core 82 'RAM' <Latency = 1> <II = 1> <Delay = 0.67> <Storage> <Opcode : 'load' 'store'> <Ports = 2> <Width = 32> <Depth = 16> <RAM>
ST_1 : Operation 253 [1/1] ( I:0.67ns O:0.67ns )   --->   "%store_ln252 = store i32 0, i4 %bufC_106_addr_1" [hello.cpp:252]   --->   Operation 253 'store' 'store_ln252' <Predicate = (!tmp)> <Delay = 0.67> <CoreInst = "RAM">   --->   Core 82 'RAM' <Latency = 1> <II = 1> <Delay = 0.67> <Storage> <Opcode : 'load' 'store'> <Ports = 2> <Width = 32> <Depth = 16> <RAM>
ST_1 : Operation 254 [1/1] ( I:0.67ns O:0.67ns )   --->   "%store_ln252 = store i32 0, i4 %bufC_107_addr_1" [hello.cpp:252]   --->   Operation 254 'store' 'store_ln252' <Predicate = (!tmp)> <Delay = 0.67> <CoreInst = "RAM">   --->   Core 82 'RAM' <Latency = 1> <II = 1> <Delay = 0.67> <Storage> <Opcode : 'load' 'store'> <Ports = 2> <Width = 32> <Depth = 16> <RAM>
ST_1 : Operation 255 [1/1] ( I:0.67ns O:0.67ns )   --->   "%store_ln252 = store i32 0, i4 %bufC_108_addr_1" [hello.cpp:252]   --->   Operation 255 'store' 'store_ln252' <Predicate = (!tmp)> <Delay = 0.67> <CoreInst = "RAM">   --->   Core 82 'RAM' <Latency = 1> <II = 1> <Delay = 0.67> <Storage> <Opcode : 'load' 'store'> <Ports = 2> <Width = 32> <Depth = 16> <RAM>
ST_1 : Operation 256 [1/1] ( I:0.67ns O:0.67ns )   --->   "%store_ln252 = store i32 0, i4 %bufC_109_addr_1" [hello.cpp:252]   --->   Operation 256 'store' 'store_ln252' <Predicate = (!tmp)> <Delay = 0.67> <CoreInst = "RAM">   --->   Core 82 'RAM' <Latency = 1> <II = 1> <Delay = 0.67> <Storage> <Opcode : 'load' 'store'> <Ports = 2> <Width = 32> <Depth = 16> <RAM>
ST_1 : Operation 257 [1/1] ( I:0.67ns O:0.67ns )   --->   "%store_ln252 = store i32 0, i4 %bufC_110_addr_1" [hello.cpp:252]   --->   Operation 257 'store' 'store_ln252' <Predicate = (!tmp)> <Delay = 0.67> <CoreInst = "RAM">   --->   Core 82 'RAM' <Latency = 1> <II = 1> <Delay = 0.67> <Storage> <Opcode : 'load' 'store'> <Ports = 2> <Width = 32> <Depth = 16> <RAM>
ST_1 : Operation 258 [1/1] ( I:0.67ns O:0.67ns )   --->   "%store_ln252 = store i32 0, i4 %bufC_111_addr_1" [hello.cpp:252]   --->   Operation 258 'store' 'store_ln252' <Predicate = (!tmp)> <Delay = 0.67> <CoreInst = "RAM">   --->   Core 82 'RAM' <Latency = 1> <II = 1> <Delay = 0.67> <Storage> <Opcode : 'load' 'store'> <Ports = 2> <Width = 32> <Depth = 16> <RAM>
ST_1 : Operation 259 [1/1] ( I:0.67ns O:0.67ns )   --->   "%store_ln252 = store i32 0, i4 %bufC_112_addr_1" [hello.cpp:252]   --->   Operation 259 'store' 'store_ln252' <Predicate = (!tmp)> <Delay = 0.67> <CoreInst = "RAM">   --->   Core 82 'RAM' <Latency = 1> <II = 1> <Delay = 0.67> <Storage> <Opcode : 'load' 'store'> <Ports = 2> <Width = 32> <Depth = 16> <RAM>
ST_1 : Operation 260 [1/1] ( I:0.67ns O:0.67ns )   --->   "%store_ln252 = store i32 0, i4 %bufC_113_addr_1" [hello.cpp:252]   --->   Operation 260 'store' 'store_ln252' <Predicate = (!tmp)> <Delay = 0.67> <CoreInst = "RAM">   --->   Core 82 'RAM' <Latency = 1> <II = 1> <Delay = 0.67> <Storage> <Opcode : 'load' 'store'> <Ports = 2> <Width = 32> <Depth = 16> <RAM>
ST_1 : Operation 261 [1/1] ( I:0.67ns O:0.67ns )   --->   "%store_ln252 = store i32 0, i4 %bufC_114_addr_1" [hello.cpp:252]   --->   Operation 261 'store' 'store_ln252' <Predicate = (!tmp)> <Delay = 0.67> <CoreInst = "RAM">   --->   Core 82 'RAM' <Latency = 1> <II = 1> <Delay = 0.67> <Storage> <Opcode : 'load' 'store'> <Ports = 2> <Width = 32> <Depth = 16> <RAM>
ST_1 : Operation 262 [1/1] ( I:0.67ns O:0.67ns )   --->   "%store_ln252 = store i32 0, i4 %bufC_115_addr_1" [hello.cpp:252]   --->   Operation 262 'store' 'store_ln252' <Predicate = (!tmp)> <Delay = 0.67> <CoreInst = "RAM">   --->   Core 82 'RAM' <Latency = 1> <II = 1> <Delay = 0.67> <Storage> <Opcode : 'load' 'store'> <Ports = 2> <Width = 32> <Depth = 16> <RAM>
ST_1 : Operation 263 [1/1] ( I:0.67ns O:0.67ns )   --->   "%store_ln252 = store i32 0, i4 %bufC_116_addr_1" [hello.cpp:252]   --->   Operation 263 'store' 'store_ln252' <Predicate = (!tmp)> <Delay = 0.67> <CoreInst = "RAM">   --->   Core 82 'RAM' <Latency = 1> <II = 1> <Delay = 0.67> <Storage> <Opcode : 'load' 'store'> <Ports = 2> <Width = 32> <Depth = 16> <RAM>
ST_1 : Operation 264 [1/1] ( I:0.67ns O:0.67ns )   --->   "%store_ln252 = store i32 0, i4 %bufC_117_addr_1" [hello.cpp:252]   --->   Operation 264 'store' 'store_ln252' <Predicate = (!tmp)> <Delay = 0.67> <CoreInst = "RAM">   --->   Core 82 'RAM' <Latency = 1> <II = 1> <Delay = 0.67> <Storage> <Opcode : 'load' 'store'> <Ports = 2> <Width = 32> <Depth = 16> <RAM>
ST_1 : Operation 265 [1/1] ( I:0.67ns O:0.67ns )   --->   "%store_ln252 = store i32 0, i4 %bufC_118_addr_1" [hello.cpp:252]   --->   Operation 265 'store' 'store_ln252' <Predicate = (!tmp)> <Delay = 0.67> <CoreInst = "RAM">   --->   Core 82 'RAM' <Latency = 1> <II = 1> <Delay = 0.67> <Storage> <Opcode : 'load' 'store'> <Ports = 2> <Width = 32> <Depth = 16> <RAM>
ST_1 : Operation 266 [1/1] ( I:0.67ns O:0.67ns )   --->   "%store_ln252 = store i32 0, i4 %bufC_119_addr_1" [hello.cpp:252]   --->   Operation 266 'store' 'store_ln252' <Predicate = (!tmp)> <Delay = 0.67> <CoreInst = "RAM">   --->   Core 82 'RAM' <Latency = 1> <II = 1> <Delay = 0.67> <Storage> <Opcode : 'load' 'store'> <Ports = 2> <Width = 32> <Depth = 16> <RAM>
ST_1 : Operation 267 [1/1] ( I:0.67ns O:0.67ns )   --->   "%store_ln252 = store i32 0, i4 %bufC_120_addr_1" [hello.cpp:252]   --->   Operation 267 'store' 'store_ln252' <Predicate = (!tmp)> <Delay = 0.67> <CoreInst = "RAM">   --->   Core 82 'RAM' <Latency = 1> <II = 1> <Delay = 0.67> <Storage> <Opcode : 'load' 'store'> <Ports = 2> <Width = 32> <Depth = 16> <RAM>
ST_1 : Operation 268 [1/1] ( I:0.67ns O:0.67ns )   --->   "%store_ln252 = store i32 0, i4 %bufC_121_addr_1" [hello.cpp:252]   --->   Operation 268 'store' 'store_ln252' <Predicate = (!tmp)> <Delay = 0.67> <CoreInst = "RAM">   --->   Core 82 'RAM' <Latency = 1> <II = 1> <Delay = 0.67> <Storage> <Opcode : 'load' 'store'> <Ports = 2> <Width = 32> <Depth = 16> <RAM>
ST_1 : Operation 269 [1/1] ( I:0.67ns O:0.67ns )   --->   "%store_ln252 = store i32 0, i4 %bufC_122_addr_1" [hello.cpp:252]   --->   Operation 269 'store' 'store_ln252' <Predicate = (!tmp)> <Delay = 0.67> <CoreInst = "RAM">   --->   Core 82 'RAM' <Latency = 1> <II = 1> <Delay = 0.67> <Storage> <Opcode : 'load' 'store'> <Ports = 2> <Width = 32> <Depth = 16> <RAM>
ST_1 : Operation 270 [1/1] ( I:0.67ns O:0.67ns )   --->   "%store_ln252 = store i32 0, i4 %bufC_123_addr_1" [hello.cpp:252]   --->   Operation 270 'store' 'store_ln252' <Predicate = (!tmp)> <Delay = 0.67> <CoreInst = "RAM">   --->   Core 82 'RAM' <Latency = 1> <II = 1> <Delay = 0.67> <Storage> <Opcode : 'load' 'store'> <Ports = 2> <Width = 32> <Depth = 16> <RAM>
ST_1 : Operation 271 [1/1] ( I:0.67ns O:0.67ns )   --->   "%store_ln252 = store i32 0, i4 %bufC_124_addr_1" [hello.cpp:252]   --->   Operation 271 'store' 'store_ln252' <Predicate = (!tmp)> <Delay = 0.67> <CoreInst = "RAM">   --->   Core 82 'RAM' <Latency = 1> <II = 1> <Delay = 0.67> <Storage> <Opcode : 'load' 'store'> <Ports = 2> <Width = 32> <Depth = 16> <RAM>
ST_1 : Operation 272 [1/1] ( I:0.67ns O:0.67ns )   --->   "%store_ln252 = store i32 0, i4 %bufC_125_addr_1" [hello.cpp:252]   --->   Operation 272 'store' 'store_ln252' <Predicate = (!tmp)> <Delay = 0.67> <CoreInst = "RAM">   --->   Core 82 'RAM' <Latency = 1> <II = 1> <Delay = 0.67> <Storage> <Opcode : 'load' 'store'> <Ports = 2> <Width = 32> <Depth = 16> <RAM>
ST_1 : Operation 273 [1/1] ( I:0.67ns O:0.67ns )   --->   "%store_ln252 = store i32 0, i4 %bufC_126_addr_1" [hello.cpp:252]   --->   Operation 273 'store' 'store_ln252' <Predicate = (!tmp)> <Delay = 0.67> <CoreInst = "RAM">   --->   Core 82 'RAM' <Latency = 1> <II = 1> <Delay = 0.67> <Storage> <Opcode : 'load' 'store'> <Ports = 2> <Width = 32> <Depth = 16> <RAM>
ST_1 : Operation 274 [1/1] (0.78ns)   --->   "%add_ln250 = add i6 %r_3, i6 4" [hello.cpp:250]   --->   Operation 274 'add' 'add_ln250' <Predicate = (!tmp)> <Delay = 0.78> <CoreInst = "Adder">   --->   Core 1 'Adder' <Latency = 0> <II = 1> <Delay = 0.78> <FuncUnit> <Opcode : 'add' 'sub'> <InPorts = 2> <OutPorts = 1>
ST_1 : Operation 275 [1/1] (0.42ns)   --->   "%store_ln250 = store i6 %add_ln250, i6 %r" [hello.cpp:250]   --->   Operation 275 'store' 'store_ln250' <Predicate = (!tmp)> <Delay = 0.42>
ST_1 : Operation 276 [1/1] (0.00ns)   --->   "%br_ln250 = br void %VITIS_LOOP_252_4" [hello.cpp:250]   --->   Operation 276 'br' 'br_ln250' <Predicate = (!tmp)> <Delay = 0.00>
ST_1 : Operation 277 [1/1] (0.42ns)   --->   "%ret_ln0 = ret"   --->   Operation 277 'ret' 'ret_ln0' <Predicate = (tmp)> <Delay = 0.42>


============================================================
+ Verbose Summary: Timing violations
============================================================
Target clock period: 10.000ns, clock uncertainty: 2.700ns.

 <State 1>: 1.635ns
The critical path consists of the following:
	'store' operation ('store_ln250', hello.cpp:250) of constant 0 6 bit on local variable 'r', hello.cpp:250 [66]  (0.427 ns)
	'load' operation 6 bit ('r', hello.cpp:250) on local variable 'r', hello.cpp:250 [69]  (0.000 ns)
	'add' operation 6 bit ('add_ln250', hello.cpp:250) [337]  (0.781 ns)
	'store' operation ('store_ln250', hello.cpp:250) of variable 'add_ln250', hello.cpp:250 6 bit on local variable 'r', hello.cpp:250 [338]  (0.427 ns)


============================================================
+ Verbose Summary: Binding
============================================================
N/A
* FSMD analyzer results:
  - Output states:
 - Input state : 
  - Chain level:
	State 1


============================================================
+ Verbose Summary: Datapath Resource usage 
============================================================
N/A
